asalida_4724asalida_4724asalida_4724aaaaaasalida_4724actionsalida_4724
	actividadsalida_4724
additionalsalida_4724alsalida_4724alsalida_4724alsalida_4724alfasalida_4724
	alfabticosalida_4724alignsalida_4724aligncentersalida_4724aligncentersalida_4724alignjustifysalida_4724
animationssalida_4724aosalida_4724applysalida_4724articlesalida_4724asociasalida_4724
	asteroidesalida_4724
	asteroidesalida_4724
	asteroidesalida_4724attributionsalida_4724avoidsalida_4724
backgroundsalida_4724blocksalida_4724blocksalida_4724bodysalida_4724bordersalida_4724brazosalida_4724	caballossalida_4724	cantidadsalida_4724casisalida_4724castorsalida_4724centersalida_4724cercasalida_4724
charsetutfsalida_4724classsalida_4724classsalida_4724classsalida_4724classsalida_4724classsalida_4724classsalida_4724classsalida_4724classsalida_4724classsalida_4724classsalida_4724classsalida_4724classsalida_4724classsalida_4724classsalida_4724classclientsalida_4724classcontentsalida_4724classexternalsalida_4724classexternalsalida_4724classexternalsalida_4724classfeaturesalida_4724classmediawikisalida_4724classmwsalida_4724classmwsalida_4724classmwsalida_4724classsubpagessalida_4724
classthumbsalida_4724classthumbcaptionsalida_4724classthumbinnersalida_4724classwikitablesalida_4724classwikitablesalida_4724collapsiblesalida_4724commonssalida_4724consalida_4724consalida_4724constelacinsalida_4724contentsalida_4724contentwidthdevicesalida_4724
	corrientesalida_4724cuadrntidassalida_4724
	cualquiersalida_4724cuandosalida_4724dashedsalida_4724datasalida_4724datasalida_4724datasalida_4724datasalida_4724desalida_4724desalida_4724desalida_4724desalida_4724desalida_4724desalida_4724desalida_4724desalida_4724desalida_4724desalida_4724desalida_4724desalida_4724desalida_4724desalida_4724delsalida_4724delsalida_4724delsalida_4724delsalida_4724
	diciembresalida_4724diosalida_4724diossalida_4724
	directionsalida_4724displaysalida_4724domadorsalida_4724editedsalida_4724eeesalida_4724elsalida_4724elsalida_4724elsalida_4724elsalida_4724eltsalida_4724eltsalida_4724eltsalida_4724emsalida_4724emsalida_4724emsalida_4724emsalida_4724emsalida_4724emptysalida_4724emptysalida_4724emptysalida_4724ensalida_4724ensalida_4724ensalida_4724encontrsalida_4724
	encuentrasalida_4724entresalida_4724errorsalida_4724essalida_4724estasalida_4724
	extendidosalida_4724faetnsalida_4724faetnsalida_4724fechasalida_4724filesalida_4724filesalida_4724filesalida_4724filessalida_4724forsalida_4724freesalida_4724fromsalida_4724fromsalida_4724	functionsalida_4724gemsalida_4724gemsalida_4724gemelosalida_4724geminisalida_4724geminisalida_4724geminisalida_4724gradientdegsalida_4724gregsalida_4724griegasalida_4724headersalida_4724heightsalida_4724heightsalida_4724heliossalida_4724hidesalida_4724hijosalida_4724horasalida_4724hrefsalida_4724hrefsalida_4724hrefsalida_4724hrefsalida_4724+*hrefhttpmeteorshowersonlinecomgeminidshtmlsalida_4724&%hrefhttpscreativecommonsorglicensesbysalida_4724LKhrefhttpseswikibooksorgwikilluviademeteorosfalfabcaticofgemcadnidasgemoldidsalida_4724hreflluviademeteorossalida_4724hreflluviademeteorossalida_4724hreflluviademeteorossalida_4724htdignoindexsalida_4724htdignoindexsalida_4724htmlsalida_4724idsalida_4724idbodycontentsalida_4724
	idcontentsalida_4724idmwsalida_4724idmwsalida_4724idmwsalida_4724idmwagsalida_4724idmwaqsalida_4724idmwawsalida_4724idmwbasalida_4724idmwbgsalida_4724idmwbqsalida_4724idmwbwsalida_4724idmwcasalida_4724idmwcgcontenidossalida_4724idmwcqsalida_4724idmwcwsalida_4724idmwdgsalida_4724idmwfgsalida_4724idmwfqsalida_4724	idmwfwelsalida_4724	idmwgaessalida_4724	idmwggelsalida_4724idmwgqfueronsalida_4724	idmwgwlasalida_4724
	idmwhaversalida_4724-,idmwhqhttpmeteorshowersonlinecomgeminidshtmlsalida_4724idmwiasalida_4724idmwigsalida_4724idmwiqsalida_4724idmwiwsalida_4724idmwjasalida_4724idmwjgsalida_4724idmwjqsalida_4724idmwjwcontenidossalida_4724idmwkasalida_4724idtopsalida_4724imagelinearsalida_4724
	importantsalida_4724importscriptsalida_4724
inglaterrasalida_4724initialsalida_4724inusualsalida_4724issalida_4724issalida_4724issalida_4724issuedsalida_4724jinetesalida_4724jjsmodulesarticlelisthomejssalida_4724jjsmodulesdetailspolyfilljssalida_4724jjsmodulesimagesloadedminjssalida_4724jjsmodulesjqueryjssalida_4724jjsmodulesjsconfigvarsjssalida_4724jjsmodulesmasonryminjssalida_4724jjsmodulesmediawikijssalida_4724jjsmodulesscriptjssalida_4724jjsmodulessitejssalida_4724jjsmodulesstartupjssalida_4724jssalida_4724juntosalida_4724lasalida_4724lasalida_4724lasalida_4724lasalida_4724lasalida_4724lassalida_4724lesalida_4724leftgemnidassalida_4724	licensedsalida_4724linksalida_4724llevasalida_4724lluviasalida_4724lluviasalida_4724losalida_4724ltrsalida_4724ltrsalida_4724
manchestersalida_4724marginsalida_4724maysalida_4724mayorsalida_4724mediasalida_4724	meteorossalida_4724	meteorossalida_4724	meteorossalida_4724	meteorossalida_4724	meteorossalida_4724meteorosalfabticogemnidassalida_4724meteoroslluviasalida_4724mfsalida_4724mfsalida_4724minervasalida_4724	mitologasalida_4724mssalida_4724mwsalida_4724mwsalida_4724mwsalida_4724mximasalida_4724nameviewportsalida_4724nombresalida_4724nombresalida_4724nssalida_4724nssalida_4724osalida_4724oestesalida_4724onsalida_4724otrosalida_4724outputsalida_4724psalida_4724paddingsalida_4724pagesalida_4724parsersalida_4724phaetonsalida_4724porsalida_4724porsalida_4724porsalida_4724primerasalida_4724pulgarsalida_4724pxsalida_4724quesalida_4724quesalida_4724rsalida_4724	radiantesalida_4724	radiantesalida_4724raznsalida_4724rbitasalida_4724registradassalida_4724relstylesheetsalida_4724relstylesheetsalida_4724relstylesheetsalida_4724relstylesheetsalida_4724returnsalida_4724rhosalida_4724
sacreativesalida_4724scalesalida_4724scssmodulescontentparsoidcsssalida_4724scssmodulesinsertedstylecsssalida_4724èùèõscssmodulesskinsminervabaseresetskinsminervacontentstylesextcitestylemobileapppagestylesandroidmediawikipagegallerystylesmediawikiskinningcontentparsoidcsssalida_4724scssmodulesstylecsssalida_4724sesalida_4724sesalida_4724sesalida_4724sectionsalida_4724
sharealikesalida_4724siendosalida_4724
	siguientesalida_4724sitejssalida_4724skinsalida_4724solsalida_4724solsalida_4724srcsalida_4724srcsalida_4724srcsalida_4724srcsalida_4724srcsalida_4724srcsalida_4724srcsalida_4724srcsalida_4724srcsalida_4724srcsalida_4724srcimgemcadnidasgempngsalida_4724stablesalida_4724styleclearbothsalida_4724
stylecolorsalida_4724
stylecolorsalida_4724
stylecolorsalida_4724styledirectionsalida_4724
	styletextsalida_4724stylewidthpxsalida_4724subjectsalida_4724sursalida_4724termssalida_4724textsalida_4724textsalida_4724textsalida_4724textsalida_4724thesalida_4724thesalida_4724thesalida_4724thissalida_4724thissalida_4724
	titlelastsalida_4724titlelluviasalida_4724titlelluviasalida_4724titlelluviasalida_4724tnonesalida_4724tosalida_4724topsalida_4724topsalida_4724
typebitmapsalida_4724typetextcsssalida_4724typetextcsssalida_4724typetextcsssalida_4724typetextcsssalida_4724unsalida_4724unsalida_4724unsalida_4724unasalida_4724undersalida_4724vsalida_4724vezsalida_4724viewsalida_4724	viewportsalida_4724whitesalida_4724widthsalida_4724widthsalida_4724widthsalida_4724
	wikibookssalida_4724ysalida_4724ysalida_4724ysalida_4724ˇˇ˘ÚI