asalida_1605asalida_1605aaaaaasalida_1605actionsalida_1605
additionalsalida_1605
animationssalida_1605applysalida_1605articlesalida_1605attributionsalida_1605avoidsalida_1605
backgroundsalida_1605blocksalida_1605blocksalida_1605bodysalida_1605bordersalida_1605centersalida_1605
charsetutfsalida_1605classsalida_1605classsalida_1605classsalida_1605classsalida_1605classsalida_1605classsalida_1605classsalida_1605classsalida_1605classsalida_1605classsalida_1605classsalida_1605classsalida_1605classsalida_1605classsalida_1605classclientsalida_1605classcontentsalida_1605classexternalsalida_1605classexternalsalida_1605classfeaturesalida_1605classmediawikisalida_1605classmwsalida_1605classmwsalida_1605classsubpagessalida_1605collapsiblesalida_1605commonssalida_1605contentsalida_1605contentwidthdevicesalida_1605
	corrientesalida_1605
	corrientesalida_1605dashedsalida_1605datasalida_1605desalida_1605desalida_1605desalida_1605desalida_1605desalida_1605desalida_1605desalida_1605desalida_1605desalida_1605desalida_1605debidosalida_1605debidosalida_1605
	directionsalida_1605displaysalida_1605
edificacinsalida_1605edificacininstalacionessalida_1605edificacinintalacionessalida_1605edificacinintalacionessalida_1605edificacinintalacionessalida_1605edificacinintalacionessalida_1605edificacinintalacionessalida_1605edificacinpatologasalida_1605editedsalida_1605eeesalida_1605eltsalida_1605emsalida_1605emsalida_1605emsalida_1605emsalida_1605emsalida_1605emptysalida_1605errorsalida_1605filessalida_1605
	fontanerasalida_1605forsalida_1605fromsalida_1605fromsalida_1605	functionsalida_1605gradientdegsalida_1605headersalida_1605hidesalida_1605
hidrulicassalida_1605*)hidrulicasfontaneralesionescondensacionessalida_1605"!hidrulicasfontaneralesioneserosinsalida_1605&%hidrulicasfontaneralesionesobstruccinsalida_1605"!hidrulicasfontaneralesionesroturasalida_1605"!hidrulicasfontaneralesionesruidossalida_1605hidrulicasfontanerareparacinsalida_1605hrefsalida_1605hrefsalida_1605hrefsalida_1605hrefsalida_1605&%hrefhttpscreativecommonsorglicensesbysalida_1605onhrefhttpseswikibooksorgwikipatologcadadelaedificacicbnfinstalacioneshidrcaulicasffontanercadafreparacicbnoldidsalida_1605 hrefpatologcadadelaedificacicbnsalida_1605^]hrefpatologcadadelaedificacicbnfintalacioneshidrcaulicasffontanercadaflesionesfcondensacionessalida_1605èÉèÅhrefpatologcadadelaedificacicbnfintalacioneshidrcaulicasffontanercadaflesionesferosicbndelastubercadasdebidoalacorrientelcadquidasalida_1605\[hrefpatologcadadelaedificacicbnfintalacioneshidrcaulicasffontanercadaflesionesfobstruccicbnsalida_1605VUhrefpatologcadadelaedificacicbnfintalacioneshidrcaulicasffontanercadaflesionesfroturasalida_1605VUhrefpatologcadadelaedificacicbnfintalacioneshidrcaulicasffontanercadaflesionesfruidossalida_1605htdignoindexsalida_1605htdignoindexsalida_1605htmlsalida_1605idsalida_1605idbodycontentsalida_1605
	idcontentsalida_1605idmwsalida_1605idmwsalida_1605idmwsalida_1605idmwagreparacionessalida_1605idmwaqsalida_1605idmwawsalida_1605idmwbasalida_1605idmwbgerosinsalida_1605idmwbqsalida_1605idmwbwsalida_1605idmwcasalida_1605idmwcgobstruccinsalida_1605idmwcqsalida_1605idmwcwsalida_1605idmwdasalida_1605idmwdgroturasalida_1605idmwdqsalida_1605idmwdwsalida_1605idmweasalida_1605idmwegruidossalida_1605idmweqsalida_1605idmwewsalida_1605idmwfasalida_1605idmwfgsalida_1605idmwfqsalida_1605idtopsalida_1605imagelinearsalida_1605
	importantsalida_1605importscriptsalida_1605initialsalida_1605instalacionessalida_1605issalida_1605issalida_1605issalida_1605issuedsalida_1605jjsmodulesarticlelisthomejssalida_1605jjsmodulesdetailspolyfilljssalida_1605jjsmodulesimagesloadedminjssalida_1605jjsmodulesjqueryjssalida_1605jjsmodulesjsconfigvarsjssalida_1605jjsmodulesmasonryminjssalida_1605jjsmodulesmediawikijssalida_1605jjsmodulesscriptjssalida_1605jjsmodulessitejssalida_1605jjsmodulesstartupjssalida_1605jssalida_1605lasalida_1605lasalida_1605lasalida_1605lasalida_1605lasalida_1605lasalida_1605lasalida_1605lasalida_1605lasalida_1605lasalida_1605lassalida_1605lassalida_1605lassalida_1605	lesionessalida_1605	licensedsalida_1605lquidasalida_1605lquidasalida_1605ltrsalida_1605ltrsalida_1605marginsalida_1605maysalida_1605mediasalida_1605mfsalida_1605mfsalida_1605minervasalida_1605mwsalida_1605mwsalida_1605mwsalida_1605nameviewportsalida_1605nssalida_1605nssalida_1605onsalida_1605outputsalida_1605paddingsalida_1605pagesalida_1605parasalida_1605parsersalida_1605	patologasalida_1605pxsalida_1605redirectcondensacionessalida_1605relstylesheetsalida_1605relstylesheetsalida_1605relstylesheetsalida_1605relstylesheetsalida_1605returnsalida_1605
sacreativesalida_1605scalesalida_1605scssmodulescontentparsoidcsssalida_1605scssmodulesinsertedstylecsssalida_1605èùèõscssmodulesskinsminervabaseresetskinsminervacontentstylesextcitestylemobileapppagestylesandroidmediawikipagegallerystylesmediawikiskinningcontentparsoidcsssalida_1605scssmodulesstylecsssalida_1605sectionsalida_1605
sharealikesalida_1605
siguientessalida_1605sitejssalida_1605skinsalida_1605srcsalida_1605srcsalida_1605srcsalida_1605srcsalida_1605srcsalida_1605srcsalida_1605srcsalida_1605srcsalida_1605srcsalida_1605srcsalida_1605stablesalida_1605styleclearbothsalida_1605styledirectionsalida_1605subjectsalida_1605termssalida_1605textsalida_1605textsalida_1605textsalida_1605textsalida_1605thesalida_1605thesalida_1605thesalida_1605thissalida_1605thissalida_1605
	titlelastsalida_1605titlepatologasalida_1605titlepatologasalida_1605titlepatologasalida_1605titlepatologasalida_1605titlepatologasalida_1605titlepatologasalida_1605tosalida_1605topsalida_1605topsalida_1605tuberassalida_1605tuberassalida_1605typetextcsssalida_1605typetextcsssalida_1605typetextcsssalida_1605typetextcsssalida_1605undersalida_1605vsalida_1605viewsalida_1605	viewportsalida_1605whitesalida_1605widthsalida_1605
	wikibookssalida_1605ˇˇñø© 