aaaaaasalida_3763actionsalida_3763adbsalida_3763adbsalida_3763adbsalida_3763
additionalsalida_3763aligncentersalida_3763aligncentersalida_3763aligncentersalida_3763aligncentersalida_3763aligncentersalida_3763aligncentersalida_3763aligncentersalida_3763aligncentersalida_3763alignmiddlesalida_3763alignmiddlesalida_3763alignmiddlesalida_3763alignmiddlesalida_3763alignmiddlesalida_3763alignmiddlesalida_3763
animationssalida_3763	anteriorsalida_3763applysalida_3763articlesalida_3763attributionsalida_3763avoidsalida_3763
backgroundsalida_3763backgroundcfadsalida_3763backgroundcfadsalida_3763backgroundcfadsalida_3763backgroundfafffsalida_3763backgroundfafffsalida_3763backgroundfafffsalida_3763blocksalida_3763blocksalida_3763bodysalida_3763bordersalida_3763bordersalida_3763bordersalida_3763bordersalida_3763bordersalida_3763bordersalida_3763bordersalida_3763bordersalida_3763bordersalida_3763bordersalida_3763bordersalida_3763bordersalida_3763bordersalida_3763cellpaddingsalida_3763cellpaddingsalida_3763cellspacingsalida_3763cellspacingsalida_3763centersalida_3763
charsetutfsalida_3763classsalida_3763classsalida_3763classsalida_3763classsalida_3763classsalida_3763classsalida_3763classsalida_3763classsalida_3763classsalida_3763classsalida_3763classsalida_3763classsalida_3763classsalida_3763classsalida_3763classsalida_3763classsalida_3763classsalida_3763classsalida_3763classsalida_3763classsalida_3763classclientsalida_3763classcontentsalida_3763classexternalsalida_3763classexternalsalida_3763classfeaturesalida_3763classmediawikisalida_3763classmwsalida_3763classsubpagessalida_3763	coleccinsalida_3763collapsiblesalida_3763colorsalida_3763colorsalida_3763colorheightpxsalida_3763colorheightpxsalida_3763colorheightpxsalida_3763colorheightpxsalida_3763colspansalida_3763colspansalida_3763colspansalida_3763colspansalida_3763colspansalida_3763colspansalida_3763commonssalida_3763contentsalida_3763contentwidthdevicesalida_3763dashedsalida_3763datasalida_3763
	directionsalida_3763displaysalida_3763easalida_3763easalida_3763easalida_3763editedsalida_3763eeesalida_3763eltsalida_3763emsalida_3763emsalida_3763emsalida_3763emsalida_3763emsalida_3763emptysalida_3763ensalida_3763ensalida_3763ensalida_3763ensalida_3763ensalida_3763ensalida_3763errorsalida_3763filessalida_3763fontsalida_3763fontsalida_3763fontsalida_3763fontsalida_3763fontsalida_3763fontsalida_3763forsalida_3763fromsalida_3763fromsalida_3763	functionsalida_3763gradientdegsalida_3763headersalida_3763heightsalida_3763heightsalida_3763heightsalida_3763heightsalida_3763heightsalida_3763heightsalida_3763hidesalida_3763hrefsalida_3763hrefsalida_3763hrefsalida_3763hrefsalida_3763&%hrefhttpscreativecommonsorglicensesbysalida_3763?>hrefhttpseswikibooksorgwikisurinamenimcagenesfcoleccicbnfoldidsalida_3763hrefsurinamenimcagenessalida_3763"!hrefsurinamenimcagenesfcoleccicbnsalida_3763#"hrefsurinamenimcagenesfcoleccicbnfsalida_3763#"hrefsurinamenimcagenesfcoleccicbnfsalida_3763htdignoindexsalida_3763htdignoindexsalida_3763htmlsalida_3763idsalida_3763idbodycontentsalida_3763
	idcontentsalida_3763idmwsalida_3763idmwsalida_3763idmwsalida_3763idmwagsalida_3763idmwaqsalida_3763idtopsalida_3763imagelinearsalida_3763imgenessalida_3763imgenescoleccinsalida_3763imgenescoleccinsalida_3763imgenescoleccinndicesalida_3763imgenescoleccinsiguientesalida_3763imgenessurinamsalida_3763
	importantsalida_3763importscriptsalida_3763initialsalida_3763issalida_3763issalida_3763issalida_3763issuedsalida_3763jjsmodulesarticlelisthomejssalida_3763jjsmodulesdetailspolyfilljssalida_3763jjsmodulesimagesloadedminjssalida_3763jjsmodulesjqueryjssalida_3763jjsmodulesjsconfigvarsjssalida_3763jjsmodulesmasonryminjssalida_3763jjsmodulesmediawikijssalida_3763jjsmodulesscriptjssalida_3763jjsmodulessitejssalida_3763jjsmodulesstartupjssalida_3763jssalida_3763	licensedsalida_3763linesalida_3763linesalida_3763linesalida_3763linesalida_3763linesalida_3763linesalida_3763ltrsalida_3763ltrsalida_3763marginsalida_3763maysalida_3763mediasalida_3763mfsalida_3763mfsalida_3763minervasalida_3763mwsalida_3763mwsalida_3763mwsalida_3763nameviewportsalida_3763nssalida_3763nssalida_3763onsalida_3763outputsalida_3763paddingsalida_3763pagesalida_3763parsersalida_3763pxsalida_3763pxsalida_3763pxsalida_3763pxsalida_3763pxsalida_3763pxsalida_3763pxsalida_3763	radiuspxsalida_3763	radiuspxsalida_3763	radiuspxsalida_3763	radiuspxsalida_3763	radiuspxsalida_3763	radiuspxsalida_3763relstylesheetsalida_3763relstylesheetsalida_3763relstylesheetsalida_3763relstylesheetsalida_3763returnsalida_3763rowspansalida_3763rowspansalida_3763rowspansalida_3763rowspansalida_3763rowspansalida_3763rowspansalida_3763
sacreativesalida_3763scalesalida_3763scssmodulescontentparsoidcsssalida_3763scssmodulesinsertedstylecsssalida_3763èùèõscssmodulesskinsminervabaseresetskinsminervacontentstylesextcitestylemobileapppagestylesandroidmediawikipagegallerystylesmediawikiskinningcontentparsoidcsssalida_3763scssmodulesstylecsssalida_3763sectionsalida_3763
sharealikesalida_3763sitejssalida_3763sizesalida_3763sizesalida_3763sizesalida_3763sizesalida_3763sizesalida_3763sizesalida_3763skinsalida_3763solidsalida_3763solidsalida_3763solidsalida_3763solidsalida_3763solidsalida_3763solidsalida_3763srcsalida_3763srcsalida_3763srcsalida_3763srcsalida_3763srcsalida_3763srcsalida_3763srcsalida_3763srcsalida_3763srcsalida_3763srcsalida_3763stablesalida_3763stylesalida_3763stylebackgroundnonesalida_3763styleclearbothsalida_3763styledirectionsalida_3763stylepaddingpxsalida_3763stylepaddingpxsalida_3763stylepaddingpxsalida_3763stylepaddingpxsalida_3763stylepaddingpxsalida_3763stylepaddingpxsalida_3763subjectsalida_3763surinamsalida_3763termssalida_3763textsalida_3763textsalida_3763textsalida_3763textsalida_3763textsalida_3763textsalida_3763textsalida_3763textsalida_3763textsalida_3763textsalida_3763thesalida_3763thesalida_3763thesalida_3763thissalida_3763thissalida_3763
	titlelastsalida_3763titlesurinamsalida_3763titlesurinamsalida_3763titlesurinamsalida_3763titlesurinamsalida_3763tosalida_3763topsalida_3763topsalida_3763typetextcsssalida_3763typetextcsssalida_3763typetextcsssalida_3763typetextcsssalida_3763undersalida_3763vsalida_3763	verticalsalida_3763	verticalsalida_3763	verticalsalida_3763	verticalsalida_3763	verticalsalida_3763	verticalsalida_3763viewsalida_3763	viewportsalida_3763whitesalida_3763widthsalida_3763widthsalida_3763widthsalida_3763widthsalida_3763widthsalida_3763widthsalida_3763widthsalida_3763
	wikibookssalida_3763ˇˇ¬Õ