aaaaaasalida_14907actionsalida_14907
additionalsalida_14907ajedreasalida_14907	albahacasalida_14907	alfbregasalida_14907aligncentersalida_14907aligncentersalida_14907aligncentersalida_14907aligncentersalida_14907aligncentersalida_14907aligncentersalida_14907aligncentersalida_14907aligncentersalida_14907aligncentersalida_14907aligncentersalida_14907aligncentersalida_14907aligncentersalida_14907aligncentersalida_14907aligncentersalida_14907aligncentersalida_14907aligncentersalida_14907aligncentersalida_14907aligncentersalida_14907aligncentersalida_14907aligncentersalida_14907aligncentersalida_14907aligncentersalida_14907aligncentersalida_14907aligncentersalida_14907aligncentersalida_14907aligncentersalida_14907aligncentersalida_14907aligncentersalida_14907aligncentersalida_14907aligncentersalida_14907aligncentersalida_14907aligncentersalida_14907aligncentersalida_14907aligncentersalida_14907aligncentersalida_14907aligncentersalida_14907aligncentersalida_14907aligncentersalida_14907aligncentersalida_14907aligncentersalida_14907aligncentersalida_14907aligncentersalida_14907aligncentersalida_14907aligncentersalida_14907aligncentersalida_14907
	alignleftsalida_14907anetsalida_14907
animationssalida_14907applysalida_14907articlesalida_14907attributionsalida_14907avoidsalida_14907azafrnsalida_14907
backgroundsalida_14907bgcoloreeeeffsalida_14907bgcolorffdeadsalida_14907blocksalida_14907blocksalida_14907bodysalida_14907bordersalida_14907bordersalida_14907canelasalida_14907	canyellasalida_14907	cardamomsalida_14907
	cardamomosalida_14907
	catalnlassalida_14907cellpaddingsalida_14907cellspacingsalida_14907centersalida_14907
charsetutfsalida_14907	cilantrosalida_14907classsalida_14907classsalida_14907classsalida_14907classsalida_14907classsalida_14907classsalida_14907classsalida_14907classsalida_14907classsalida_14907classsalida_14907classsalida_14907classsalida_14907classsalida_14907classsalida_14907classclientsalida_14907classcontentsalida_14907classexternalsalida_14907classexternalsalida_14907classfeaturesalida_14907classmediawikisalida_14907classmwsalida_14907classsubpagessalida_14907clausalida_14907clavosalida_14907collapsiblesalida_14907colspansalida_14907comsalida_14907cominosalida_14907commonssalida_14907contentsalida_14907contentwidthdevicesalida_14907
	coriandresalida_14907dsalida_14907dashedsalida_14907datasalida_14907desalida_14907
	directionsalida_14907displaysalida_14907editedsalida_14907eeesalida_14907elsalida_14907elsalida_14907eltsalida_14907emsalida_14907emsalida_14907emsalida_14907emsalida_14907emsalida_14907emptysalida_14907eneldosalida_14907errorsalida_14907espciasalida_14907espciessalida_14907	especiassalida_14907	especiessalida_14907fsalida_14907fsalida_14907	farigolasalida_14907fenollsalida_14907filessalida_14907fonollsalida_14907forsalida_14907fromsalida_14907fromsalida_14907	functionsalida_14907gradientdegsalida_14907headersalida_14907hidesalida_14907hinojosalida_14907hrefsalida_14907hrefsalida_14907hrefsalida_14907hrefsalida_14907hrefcatalcansalida_14907&%hrefhttpscreativecommonsorglicensesbysalida_1490754hrefhttpseswikibooksorgwikicatalcanflasespeciasoldidsalida_14907htdignoindexsalida_14907htdignoindexsalida_14907htmlsalida_14907idsalida_14907idbodycontentsalida_14907
	idcontentsalida_14907idmwsalida_14907idmwsalida_14907idmwsalida_14907idmwagsalida_14907idmwaqsalida_14907idmwawsalida_14907idmwbasalida_14907idmwbgsalida_14907
	idmwbqlessalida_14907idmwbwsalida_14907
	idmwcalassalida_14907idmwcgsalida_14907idmwcqsalida_14907idmwcwcastellsalida_14907idmwdasalida_14907idmwdgsalida_14907idmwdqcatalsalida_14907	idmwdwelsalida_14907	idmwealasalida_14907	idmweglasalida_14907idmweqsalida_14907idmwewlsalida_14907idmwfasalida_14907	idmwfgelsalida_14907	idmwfqelsalida_14907idmwfwsalida_14907	idmwgalasalida_14907idmwggsalida_14907	idmwgqlasalida_14907	idmwgwelsalida_14907	idmwhaelsalida_14907	idmwhgelsalida_14907idmwhqsalida_14907	idmwhwelsalida_14907idmwiasalida_14907	idmwigelsalida_14907	idmwiqelsalida_14907idmwiwsalida_14907	idmwjaelsalida_14907idmwjgsalida_14907	idmwjqelsalida_14907	idmwjwelsalida_14907idmwkalsalida_14907	idmwkgelsalida_14907idmwkqsalida_14907	idmwkwelsalida_14907idmwlasalida_14907	idmwlgelsalida_14907	idmwlqelsalida_14907idmwlwsalida_14907	idmwmalasalida_14907idmwmgsalida_14907	idmwmqelsalida_14907	idmwmwlasalida_14907	idmwnalasalida_14907	idmwnglasalida_14907idmwnqsalida_14907	idmwnwlasalida_14907idmwoasalida_14907idmwoglsalida_14907	idmwoqelsalida_14907idmwowsalida_14907	idmwpaelsalida_14907idmwpgsalida_14907	idmwpqelsalida_14907	idmwpwlasalida_14907	idmwqaelsalida_14907	idmwqgelsalida_14907idmwqqsalida_14907	idmwqwelsalida_14907idmwrasalida_14907	idmwrglasalida_14907	idmwrqlasalida_14907idmwrwsalida_14907	idmwsaelsalida_14907idmwsgsalida_14907	idmwsqelsalida_14907	idmwswlasalida_14907	idmwtalasalida_14907idtopsalida_14907imagelinearsalida_14907
	importantsalida_14907importscriptsalida_14907initialsalida_14907issalida_14907issalida_14907issalida_14907issuedsalida_14907jjsmodulesarticlelisthomejssalida_14907jjsmodulesdetailspolyfilljssalida_14907jjsmodulesimagesloadedminjssalida_14907jjsmodulesjqueryjssalida_14907jjsmodulesjsconfigvarsjssalida_14907jjsmodulesmasonryminjssalida_14907jjsmodulesmediawikijssalida_14907jjsmodulesscriptjssalida_14907jjsmodulessitejssalida_14907jjsmodulesstartupjssalida_14907jssalida_14907	julivertsalida_14907lasalida_14907laurelsalida_14907leftpxsalida_14907	licensedsalida_14907llorersalida_14907ltrsalida_14907ltrsalida_14907msalida_14907marduixsalida_14907marginsalida_14907maysalida_14907mediasalida_14907	mejoranasalida_14907mfsalida_14907mfsalida_14907minervasalida_14907moscadasalida_14907moscadasalida_14907	mostassasalida_14907mostazasalida_14907mwsalida_14907mwsalida_14907mwsalida_14907nameviewportsalida_14907nousalida_14907nssalida_14907nssalida_14907nuezsalida_14907olorsalida_14907onsalida_14907orengasalida_14907organosalida_14907outputsalida_14907paddingsalida_14907pagesalida_14907parsersalida_14907pebresalida_14907perejilsalida_14907	pimientasalida_14907pxsalida_14907relstylesheetsalida_14907relstylesheetsalida_14907relstylesheetsalida_14907relstylesheetsalida_14907returnsalida_14907romansalida_14907romersalida_14907romerosalida_14907
sacreativesalida_14907safrsalida_14907	sajolidasalida_14907salviasalida_14907scalesalida_14907scssmodulescontentparsoidcsssalida_14907scssmodulesinsertedstylecsssalida_14907èùèõscssmodulesskinsminervabaseresetskinsminervacontentstylesextcitestylemobileapppagestylesandroidmediawikipagegallerystylesmediawikiskinningcontentparsoidcsssalida_14907scssmodulesstylecsssalida_14907sectionsalida_14907
sharealikesalida_14907sitejssalida_14907sizesalida_14907skinsalida_14907slviasalida_14907srcsalida_14907srcsalida_14907srcsalida_14907srcsalida_14907srcsalida_14907srcsalida_14907srcsalida_14907srcsalida_14907srcsalida_14907srcsalida_14907stablesalida_14907styleclearbothsalida_14907styledirectionsalida_14907stylemarginsalida_14907subjectsalida_14907termssalida_14907textsalida_14907textsalida_14907textsalida_14907textsalida_14907thesalida_14907thesalida_14907thesalida_14907thissalida_14907thissalida_14907timsalida_14907titlecatalncatalnsalida_14907
	titlelastsalida_14907tosalida_14907tomillosalida_14907topsalida_14907topsalida_14907typetextcsssalida_14907typetextcsssalida_14907typetextcsssalida_14907typetextcsssalida_14907undersalida_14907vsalida_14907	vainillasalida_14907	vainillasalida_14907viewsalida_14907	viewportsalida_14907whitesalida_14907widthsalida_14907widthpxsalida_14907
	wikibookssalida_14907ˇˇ$î·µ