aaaaaasalida_5363actionsalida_5363
additionalsalida_5363
animationssalida_5363applysalida_5363articlesalida_5363attributionsalida_5363avoidsalida_5363ayudasalida_5363
backgroundsalida_5363blocksalida_5363blocksalida_5363bodysalida_5363bordersalida_5363centersalida_5363
charsetutfsalida_5363classsalida_5363classsalida_5363classsalida_5363classsalida_5363classsalida_5363classsalida_5363classsalida_5363classsalida_5363classsalida_5363classsalida_5363classsalida_5363classsalida_5363classsalida_5363classsalida_5363classclientsalida_5363classcontentsalida_5363classexternalsalida_5363classexternalsalida_5363classfeaturesalida_5363classmediawikisalida_5363classmwsalida_5363classsubpagessalida_5363collapsiblesalida_5363commonssalida_5363
	constantesalida_5363
constantessalida_5363
constantessalida_5363
constantessalida_5363contentsalida_5363contentwidthdevicesalida_5363dashedsalida_5363datasalida_5363datasalida_5363desalida_5363desalida_5363desalida_5363desalida_5363desalida_5363desalida_5363desalida_5363desalida_5363desalida_5363desalida_5363desalida_5363desalida_5363
	definidossalida_5363
	directionsalida_5363displaysalida_5363divsalida_5363divsalida_5363divsalida_5363divsalida_5363divsalida_5363divsalida_5363divsalida_5363editedsalida_5363eeesalida_5363elsalida_5363elsalida_5363eltsalida_5363emsalida_5363emsalida_5363emsalida_5363emsalida_5363emsalida_5363emptysalida_5363ensalida_5363errorsalida_5363essalida_5363estassalida_5363filessalida_5363forsalida_5363fromsalida_5363fromsalida_5363funcinsalida_5363	functionsalida_5363gamessalida_5363gamessalida_5363gamessalida_5363gamessalida_5363gamessalida_5363gamessalida_5363gamessalida_5363gradientdegsalida_5363headersalida_5363hidesalida_5363
horizontalsalida_5363hrefsalida_5363hrefsalida_5363hrefsalida_5363hrefsalida_5363hrefayudadedivgamesstudiosalida_5363%$hrefayudadedivgamesstudiofconstantessalida_5363"!hrefayudadedivgamesstudiofsetmodesalida_5363"!hrefayudadedivgamesstudiofsetmodesalida_5363&%hrefhttpscreativecommonsorglicensesbysalida_5363CBhrefhttpseswikibooksorgwikiayudadedivgamesstudiofmodosdevideooldidsalida_5363htdignoindexsalida_5363htdignoindexsalida_5363htmlsalida_5363idsalida_5363idsalida_5363idbodycontentsalida_5363
	idcontentsalida_5363idmwsalida_5363idmwsalida_5363idmwsalida_5363idmwagestassalida_5363idmwaqsalida_5363idmwawsetmodesalida_5363idmwbasalida_5363	idmwbgmxsalida_5363	idmwbqmxsalida_5363	idmwbwmxsalida_5363	idmwcamxsalida_5363	idmwcgmxsalida_5363	idmwcqmxsalida_5363	idmwcwmxsalida_5363	idmwdamxsalida_5363	idmwdgmxsalida_5363	idmwdqmxsalida_5363
idmwdwcadasalida_5363idmweamsalida_5363
	idmweglossalida_5363idmweqxsalida_5363idmwewsalida_5363	idmwfamxsalida_5363	idmwfgmxsalida_5363	idmwfqmxsalida_5363	idmwfwmxsalida_5363	idmwgamxsalida_5363	idmwggmxsalida_5363	idmwgqmxsalida_5363	idmwgwmxsalida_5363	idmwhamxsalida_5363	idmwhqmxsalida_5363idmwhwsalida_5363idmwiasalida_5363idmwigayudasalida_5363idmwiqsalida_5363idmwiwsalida_5363idmwjasetmodesalida_5363idmwjqvideomodessalida_5363idtopsalida_5363idvertambinversalida_5363imagelinearsalida_5363
	importantsalida_5363importscriptsalida_5363indicasalida_5363indicarsalida_5363initialsalida_5363issalida_5363issalida_5363issalida_5363issuedsalida_5363jjsmodulesarticlelisthomejssalida_5363jjsmodulesdetailspolyfilljssalida_5363jjsmodulesimagesloadedminjssalida_5363jjsmodulesjqueryjssalida_5363jjsmodulesjsconfigvarsjssalida_5363jjsmodulesmasonryminjssalida_5363jjsmodulesmediawikijssalida_5363jjsmodulesscriptjssalida_5363jjsmodulessitejssalida_5363jjsmodulesstartupjssalida_5363jssalida_5363lasalida_5363lasalida_5363lasalida_5363lasalida_5363lasalida_5363lasalida_5363lassalida_5363letrasalida_5363	licensedsalida_5363listasalida_5363ltrsalida_5363ltrsalida_5363luegosalida_5363manerasalida_5363marginsalida_5363maysalida_5363mediasalida_5363mfsalida_5363mfsalida_5363minervasalida_5363modesalida_5363modesalida_5363modosalida_5363modosalida_5363mwsalida_5363mwsalida_5363mwsalida_5363mwsalida_5363nameviewportsalida_5363nssalida_5363nssalida_5363onsalida_5363outputsalida_5363paddingsalida_5363pagesalida_5363parasalida_5363parasalida_5363parsersalida_5363porsalida_5363primerosalida_5363pxsalida_5363quesalida_5363relstylesheetsalida_5363relstylesheetsalida_5363relstylesheetsalida_5363relstylesheetsalida_5363
	resolucinsalida_5363returnsalida_5363
sacreativesalida_5363scalesalida_5363scssmodulescontentparsoidcsssalida_5363scssmodulesinsertedstylecsssalida_5363èùèõscssmodulesskinsminervabaseresetskinsminervacontentstylesextcitestylemobileapppagestylesandroidmediawikipagegallerystylesmediawikiskinningcontentparsoidcsssalida_5363scssmodulesstylecsssalida_5363sectionsalida_5363sectionsalida_5363
	separadossalida_5363
sharealikesalida_5363siguesalida_5363
	siguientesalida_5363
siguientessalida_5363sitejssalida_5363skinsalida_5363sonsalida_5363sonsalida_5363srcsalida_5363srcsalida_5363srcsalida_5363srcsalida_5363srcsalida_5363srcsalida_5363srcsalida_5363srcsalida_5363srcsalida_5363srcsalida_5363stablesalida_5363studiosalida_5363studioayudasalida_5363studioconstantessalida_5363studioconstantessalida_5363studiomodossalida_5363
	studiosetsalida_5363
	studiosetsalida_5363styleclearbothsalida_5363styledirectionsalida_5363subjectsalida_5363tambinsalida_5363termssalida_5363textsalida_5363textsalida_5363textsalida_5363textsalida_5363thesalida_5363thesalida_5363thesalida_5363thissalida_5363thissalida_5363
titleayudasalida_5363
titleayudasalida_5363
titleayudasalida_5363
titleayudasalida_5363
	titlelastsalida_5363tosalida_5363topsalida_5363topsalida_5363typetextcsssalida_5363typetextcsssalida_5363typetextcsssalida_5363typetextcsssalida_5363unasalida_5363undersalida_5363usadassalida_5363vsalida_5363valoressalida_5363	verticalsalida_5363videosalida_5363videosalida_5363videosalida_5363viewsalida_5363	viewportsalida_5363whitesalida_5363widthsalida_5363
	wikibookssalida_5363ysalida_5363ysalida_5363ˇˇ_)%