asalida_14774asalida_14774asalida_14774asalida_14774aaaaaasalida_14774actionsalida_14774
additionalsalida_14774
animationssalida_14774aplicasalida_14774
	aplicacinsalida_14774aplicarsalida_14774applysalida_14774armadocarbonatacinsalida_14774	armadurasalida_14774
	armadurassalida_14774articlesalida_14774attributionsalida_14774avoidsalida_14774
backgroundsalida_14774blocksalida_14774blocksalida_14774bodysalida_14774bordersalida_14774cambiosalida_14774carbonatacinsalida_14774carbonatacinsalida_14774carbonatacinsalida_14774carbonatacinsalida_14774carbonatadasalida_14774carbonatadosalida_14774centersalida_14774
charsetutfsalida_14774cimentacionessalida_14774classsalida_14774classsalida_14774classsalida_14774classsalida_14774classsalida_14774classsalida_14774classsalida_14774classsalida_14774classsalida_14774classsalida_14774classsalida_14774classsalida_14774classsalida_14774classsalida_14774classclientsalida_14774classcontentsalida_14774classexternalsalida_14774classexternalsalida_14774classfeaturesalida_14774classmediawikisalida_14774classmwsalida_14774classsubpagessalida_14774cosalida_14774collapsiblesalida_14774colorsalida_14774
	coloracinsalida_14774
combinacinsalida_14774commonssalida_14774consalida_14774consalida_14774consalida_14774consalida_14774consalida_14774
	conceptossalida_14774conocersalida_14774	consistesalida_14774	contactosalida_14774contentsalida_14774contentwidthdevicesalida_14774controlsalida_14774controlsalida_14774controlsalida_14774controlsalida_14774	corrosinsalida_14774dashedsalida_14774datasalida_14774desalida_14774desalida_14774desalida_14774desalida_14774desalida_14774desalida_14774desalida_14774desalida_14774desalida_14774desalida_14774desalida_14774desalida_14774desalida_14774desalida_14774desalida_14774desalida_14774desalida_14774desalida_14774desalida_14774desalida_14774definicionessalida_14774definicionessalida_14774dejesalida_14774delsalida_14774delsalida_14774delsalida_14774delsalida_14774desproteccinsalida_14774
	directionsalida_14774displaysalida_14774
edificacinsalida_14774
edificacinsalida_14774.-edificacincimentacionessuperficialesinspeccinsalida_14774edificacinconceptossalida_14774edificacinconceptossalida_14774edificacinestructurassalida_14774edificacinpatologasalida_14774editedsalida_14774eeesalida_14774elsalida_14774elsalida_14774elsalida_14774elsalida_14774elsalida_14774	elementosalida_14774eltsalida_14774emsalida_14774emsalida_14774emsalida_14774emsalida_14774emsalida_14774emptysalida_14774ensalida_14774ensalida_14774ensalida_14774ensalida_14774
	encuentrasalida_14774ensayosalida_14774ensayossalida_14774	entoncessalida_14774errorsalida_14774essalida_14774essalida_14774essalida_14774essalida_14774estadosalida_14774estesalida_14774estossalida_14774estructurassalida_14774fenolftalenasalida_14774filessalida_14774forsalida_14774formasalida_14774frentesalida_14774fromsalida_14774fromsalida_14774	functionsalida_14774
	generalessalida_14774generalesdefinicioneshormignsalida_14774"!generalesdefinicionesinstrumentossalida_14774gradientdegsalida_14774gradosalida_14774hasalida_14774hacesalida_14774headersalida_14774hidesalida_14774hormignsalida_14774hormignsalida_14774hormignsalida_14774hormignsalida_14774hormignsalida_14774hormignsalida_14774hormigninspeccinsalida_14774hrefsalida_14774hrefsalida_14774hrefsalida_14774hrefsalida_14774&%hrefhttpscreativecommonsorglicensesbysalida_14774èéèåhrefhttpseswikibooksorgwikipatologcadadelaedificacicbnfconceptosgeneralesfdefinicionesfinstrumentosypruebasfprofundidaddecarbonatacicbnoldidsalida_14774 hrefpatologcadadelaedificacicbnsalida_14774POhrefpatologcadadelaedificacicbnfcimentacionesfsuperficialesfinspeccicbnycontrolsalida_14774_^hrefpatologcadadelaedificacicbnfconceptosgeneralesfdefinicionesfhormigcbnarmadofcarbonatacicbnsalida_14774KJhrefpatologcadadelaedificacicbnfestructurasdehormigcbnfinspeccicbnycontrolsalida_14774htdignoindexsalida_14774htdignoindexsalida_14774htmlsalida_14774idsalida_14774idbodycontentsalida_14774
	idcontentsalida_14774idmwsalida_14774idmwsalida_14774idmwsalida_14774idmwagsalida_14774idmwaqsalida_14774
idmwawestasalida_14774idmwbasalida_14774idmwbgvolversalida_14774idmwbqsalida_14774idmwbwsalida_14774idmwcavolversalida_14774idmwegsalida_14774	idmweqlasalida_14774idmwewsalida_14774
	idmwfaversalida_14774idtopsalida_14774imagelinearsalida_14774
	importantsalida_14774importscriptsalida_14774
	impregnarsalida_14774
	indicadorsalida_14774indicarsalida_14774initialsalida_14774
	inmediatasalida_14774
	inspeccinsalida_14774
	inspeccinsalida_14774instrumentossalida_14774interpretacinsalida_14774issalida_14774issalida_14774issalida_14774issuedsalida_14774jjsmodulesarticlelisthomejssalida_14774jjsmodulesdetailspolyfilljssalida_14774jjsmodulesimagesloadedminjssalida_14774jjsmodulesjqueryjssalida_14774jjsmodulesjsconfigvarsjssalida_14774jjsmodulesmasonryminjssalida_14774jjsmodulesmediawikijssalida_14774jjsmodulesscriptjssalida_14774jjsmodulessitejssalida_14774jjsmodulesstartupjssalida_14774jssalida_14774lasalida_14774lasalida_14774lasalida_14774lasalida_14774lasalida_14774lasalida_14774lasalida_14774lasalida_14774lasalida_14774lasalida_14774lasalida_14774lasalida_14774lasalida_14774lasalida_14774lasalida_14774lasalida_14774lassalida_14774	licensedsalida_14774ltrsalida_14774ltrsalida_14774manerasalida_14774marginsalida_14774maysalida_14774mediasalida_14774mfsalida_14774mfsalida_14774minervasalida_14774mwsalida_14774mwsalida_14774mwsalida_14774nameviewportsalida_14774nosalida_14774nosalida_14774nssalida_14774nssalida_14774onsalida_14774origensalida_14774otrasalida_14774outputsalida_14774paddingsalida_14774pagesalida_14774parasalida_14774parasalida_14774parsersalida_14774partesalida_14774	patologasalida_14774	patologasalida_14774
perforacinsalida_14774pginasalida_14774phsalida_14774polvosalida_14774portlanditasalida_14774posibilidadsalida_14774procesosalida_14774producesalida_14774	produzcasalida_14774pruebassalida_14774pruebasprofundidadsalida_14774pxsalida_14774quesalida_14774quesalida_14774quesalida_14774quesalida_14774quesalida_14774quesalida_14774qumicasalida_14774qumicosalida_14774	realizarsalida_14774	realizarsalida_14774relstylesheetsalida_14774relstylesheetsalida_14774relstylesheetsalida_14774relstylesheetsalida_14774returnsalida_14774rompesalida_14774rosadosalida_14774
sacreativesalida_14774scalesalida_14774scssmodulescontentparsoidcsssalida_14774scssmodulesinsertedstylecsssalida_14774èùèõscssmodulesskinsminervabaseresetskinsminervacontentstylesextcitestylemobileapppagestylesandroidmediawikipagegallerystylesmediawikiskinningcontentparsoidcsssalida_14774scssmodulesstylecsssalida_14774sesalida_14774sesalida_14774sesalida_14774sesalida_14774sesalida_14774sectionsalida_14774
sharealikesalida_14774sisalida_14774
	significasalida_14774sitejssalida_14774skinsalida_14774sobresalida_14774sobresalida_14774solucinsalida_14774solucinsalida_14774sonsalida_14774srcsalida_14774srcsalida_14774srcsalida_14774srcsalida_14774srcsalida_14774srcsalida_14774srcsalida_14774srcsalida_14774srcsalida_14774srcsalida_14774stasalida_14774stablesalida_14774styleclearbothsalida_14774styledirectionsalida_14774subjectsalida_14774
suficientesalida_14774
superficiesalida_14774taladrosalida_14774termssalida_14774textsalida_14774textsalida_14774textsalida_14774textsalida_14774thesalida_14774thesalida_14774thesalida_14774thissalida_14774thissalida_14774
	titlelastsalida_14774titlepatologasalida_14774titlepatologasalida_14774titlepatologasalida_14774titlepatologasalida_14774tosalida_14774topsalida_14774topsalida_14774trozosalida_14774typetextcsssalida_14774typetextcsssalida_14774typetextcsssalida_14774typetextcsssalida_14774unsalida_14774unsalida_14774unsalida_14774unsalida_14774unasalida_14774unasalida_14774unasalida_14774unasalida_14774undersalida_14774vsalida_14774viewsalida_14774	viewportsalida_14774vistasalida_14774whitesalida_14774widthsalida_14774
	wikibookssalida_14774
	wikilibrosalida_14774ysalida_14774ysalida_14774ysalida_14774ysalida_14774ysalida_14774ysalida_14774ysalida_14774ysalida_14774yasalida_14774zonasalida_14774ˇˇRYı