
a	salida_59
aaaaaa	salida_59
academy	salida_59
action	salida_59

additional	salida_59
align	salida_59
align	salida_59
align	salida_59
aligncenter	salida_59
aligncenter	salida_59
aligncenter	salida_59
aligncenter	salida_59
aligncenter	salida_59
aligncenter	salida_59
aligncenter	salida_59
aligncenter	salida_59
aligncenter	salida_59
aligncenterline	salida_59
alignjustify	salida_59
alignjustify	salida_59

	alignleft	salida_59

	alignleft	salida_59
alignmiddle	salida_59
alignmiddle	salida_59
alignmiddle	salida_59
alignmiddle	salida_59	
aligntop	salida_59	
aligntop	salida_59	
aligntop	salida_59	
aligntop	salida_59

animations	salida_59
apply	salida_59

	argentino	salida_59

	argentino	salida_59

	argentino	salida_59

	argentino	salida_59
article	salida_59
attribution	salida_59
avoid	salida_59

background	salida_59
backgroundbfce	salida_59
backgroundefed	salida_59
backgroundefed	salida_59
backgroundefed	salida_59
backgroundfe	salida_59
backgroundfe	salida_59
backgroundfe	salida_59
backgroundffff	salida_59
backgroundnone	salida_59
backgroundnone	salida_59
backgroundnone	salida_59
block	salida_59
block	salida_59
body	salida_59
border	salida_59
border	salida_59
border	salida_59
border	salida_59
border	salida_59
border	salida_59
border	salida_59
border	salida_59
border	salida_59
border	salida_59
border	salida_59
border	salida_59
border	salida_59
border	salida_59
border	salida_59
border	salida_59
border	salida_59
bsico	salida_59	
captulos	salida_59
cellpadding	salida_59
cellspacing	salida_59
cellspacing	salida_59
cellspacing	salida_59
cellspacing	salida_59
center	salida_59
central	salida_59
centralmedidas	salida_59

charsetutf	salida_59
class	salida_59
class	salida_59
class	salida_59
class	salida_59
class	salida_59
class	salida_59
class	salida_59
class	salida_59
class	salida_59
class	salida_59
class	salida_59
class	salida_59
class	salida_59
class	salida_59
class	salida_59
class	salida_59
class	salida_59
class	salida_59
class	salida_59
class	salida_59
class	salida_59
class	salida_59
class	salida_59
class	salida_59
classclient	salida_59
classcontent	salida_59
classexternal	salida_59
classexternal	salida_59
classexternal	salida_59
classexternal	salida_59
classexternal	salida_59
classexternal	salida_59
classexternal	salida_59
classexternal	salida_59
classexternal	salida_59
classexternal	salida_59
classfeature	salida_59
classmediawiki	salida_59
classmw	salida_59

classthumb	salida_59

classthumb	salida_59

classthumb	salida_59
classthumbcaption	salida_59
classthumbcaption	salida_59
classthumbcaption	salida_59
classthumbinner	salida_59
classthumbinner	salida_59
classthumbinner	salida_59
clearbothfont	salida_59
clearbothfont	salida_59
clearbothfont	salida_59
collapsible	salida_59
color	salida_59
color	salida_59
color	salida_59
color	salida_59
color	salida_59
color	salida_59
color	salida_59	
colordef	salida_59
colorheightpx	salida_59
colspan	salida_59
colspan	salida_59
colspan	salida_59
colspan	salida_59
colspan	salida_59
colspan	salida_59
colspan	salida_59
colspan	salida_59
commons	salida_59	
completo	salida_59
completotexto	salida_59

comprensin	salida_59

	conceptos	salida_59
construccin	salida_59
construccin	salida_59
content	salida_59
contentwidthdevice	salida_59	
coordina	salida_59
dashed	salida_59
data	salida_59
data	salida_59
data	salida_59
data	salida_59
data	salida_59
data	salida_59
data	salida_59
data	salida_59
data	salida_59
data	salida_59
datos	salida_59
datos	salida_59
datosanlisis	salida_59
datosrepresentacin	salida_59
de	salida_59
de	salida_59
de	salida_59
de	salida_59
de	salida_59
de	salida_59
de	salida_59
de	salida_59
de	salida_59
de	salida_59
de	salida_59
de	salida_59
de	salida_59
de	salida_59
de	salida_59
de	salida_59
de	salida_59
de	salida_59
de	salida_59
de	salida_59
de	salida_59
decimal	salida_59
decimalsistema	salida_59
desarrollar	salida_59

	direction	salida_59
display	salida_59
dispone	salida_59
donde	salida_59
edicin	salida_59
edicin	salida_59
edicinpgina	salida_59
edicinpgina	salida_59
edited	salida_59

	educatina	salida_59

	educativo	salida_59

	educativo	salida_59

	educativo	salida_59

	educativo	salida_59
eee	salida_59
el	salida_59
el	salida_59
ello	salida_59
elt	salida_59
em	salida_59
em	salida_59
em	salida_59
em	salida_59
em	salida_59
empty	salida_59
en	salida_59

	encuentra	salida_59	
enfocado	salida_59

	enlazando	salida_59
error	salida_59
es	salida_59
este	salida_59
este	salida_59
f	salida_59
f	salida_59
f	salida_59
f	salida_59
f	salida_59
fec	salida_59
fec	salida_59
fec	salida_59
file	salida_59
file	salida_59
file	salida_59
file	salida_59
file	salida_59
file	salida_59
file	salida_59
file	salida_59
file	salida_59
files	salida_59
font	salida_59
font	salida_59
font	salida_59
font	salida_59
font	salida_59
font	salida_59
font	salida_59
font	salida_59
font	salida_59
font	salida_59
font	salida_59
font	salida_59
for	salida_59

frecuencia	salida_59
from	salida_59
from	salida_59	
function	salida_59
gradientdeg	salida_59
habilidades	salida_59
header	salida_59
height	salida_59
height	salida_59
height	salida_59
height	salida_59
height	salida_59
height	salida_59
height	salida_59
height	salida_59
height	salida_59
height	salida_59
height	salida_59
height	salida_59
height	salida_59
height	salida_59
height	salida_59
height	salida_59

heightfont	salida_59
hide	salida_59	
historia	salida_59
href	salida_59
href	salida_59
href	salida_59
href	salida_59&
%hrefhttpscreativecommonsorglicensesby	salida_59!
 hrefhttpsesscribdcomdocproblemas	salida_599
8hrefhttpseswikibooksorgwikimedicicbnyprobabilidadesoldid	salida_59èÇ
èÄhrefhttpseswikibooksorgwindexphptitlemedicicbnyprobabilidadesinfoactioneditpreloadplantillalibrobinfoeditintroplantillalibroinfo	salida_59'
&hrefhttpswwwyoutubecomwatchvqzjyuqrajc	salida_59:
9hrefhttpwwwencuentrogovarsitiosencuentroprogramasverrecid	salida_59:
9hrefhttpwwwencuentrogovarsitiosencuentroprogramasverrecid	salida_59:
9hrefhttpwwwencuentrogovarsitiosencuentroprogramasverrecid	salida_59:
9hrefhttpwwwencuentrogovarsitiosencuentroprogramasverrecid	salida_59:
9hrefhttpwwwencuentrogovarsitiosencuentroprogramasverrecid	salida_59.
-hrefmedicicbnyprobabilidadesfancalisisdedatos	salida_59%
$hrefmedicicbnyprobabilidadesfcdndice	salida_59%
$hrefmedicicbnyprobabilidadesfenlaces	salida_59+
*hrefmedicicbnyprobabilidadesfintroduccicbn	salida_59'
&hrefmedicicbnyprobabilidadesfmedicicbn	salida_597
6hrefmedicicbnyprobabilidadesfmedidasdetendenciacentral	salida_59/
.hrefmedicicbnyprobabilidadesfpcaginadeedicicbn	salida_59/
.hrefmedicicbnyprobabilidadesfpcaginadeedicicbn	salida_59,
+hrefmedicicbnyprobabilidadesfprobabilidades	salida_594
3hrefmedicicbnyprobabilidadesfrepresentacicbndedatos	salida_594
3hrefmedicicbnyprobabilidadesfsistemamcatricodecimal	salida_59+
*hrefmedicicbnyprobabilidadesftextocompleto	salida_59
htdignoindex	salida_59
htdignoindex	salida_59
html	salida_59
id	salida_59
idbodycontent	salida_59

	idcontent	salida_59
idmw	salida_59
idmw	salida_59
idmw	salida_59
idmwag	salida_59
idmwaq	salida_59
idtop	salida_59
imagelinear	salida_59

	important	salida_59
importscript	salida_59
informativo	salida_59
informativo	salida_59
initial	salida_59
internacional	salida_59
is	salida_59
is	salida_59
is	salida_59
issued	salida_59
jjsmodulesarticlelisthomejs	salida_59
jjsmodulesdetailspolyfilljs	salida_59
jjsmodulesimagesloadedminjs	salida_59
jjsmodulesjqueryjs	salida_59
jjsmodulesjsconfigvarsjs	salida_59
jjsmodulesmasonryminjs	salida_59
jjsmodulesmediawikijs	salida_59
jjsmodulesscriptjs	salida_59
jjsmodulessitejs	salida_59
jjsmodulesstartupjs	salida_59
js	salida_59
justa	salida_59
justa	salida_59
justa	salida_59
justa	salida_59
justa	salida_59
khan	salida_59
la	salida_59
la	salida_59
las	salida_59
left	salida_59
left	salida_59
left	salida_59
libro	salida_59
libro	salida_59
libro	salida_59
libro	salida_59	
licensed	salida_59
line	salida_59
line	salida_59
line	salida_59
line	salida_59
line	salida_59
line	salida_59
line	salida_59
line	salida_59
line	salida_59
line	salida_59
lista	salida_59
los	salida_59
los	salida_59
ltr	salida_59
ltr	salida_59
margin	salida_59
may	salida_59
media	salida_59
medicin	salida_59
medicin	salida_59
medicin	salida_59
medicin	salida_59
medicin	salida_59
medida	salida_59
medida	salida_59
medida	salida_59
medida	salida_59
medida	salida_59
medidas	salida_59
medir	salida_59
mf	salida_59
mf	salida_59
minerva	salida_59
mnimas	salida_59
ms	salida_59
mtrico	salida_59
mtrico	salida_59
mw	salida_59
mw	salida_59
mw	salida_59
nameviewport	salida_59
nivel	salida_59
ns	salida_59
ns	salida_59
on	salida_59
output	salida_59
padding	salida_59
page	salida_59
para	salida_59
para	salida_59
para	salida_59
para	salida_59
para	salida_59
parser	salida_59
parte	salida_59
pastesvgpng	salida_59
probabilidad	salida_59
probabilidad	salida_59
probabilidad	salida_59
probabilidades	salida_59
probabilidades	salida_59
probabilidades	salida_59
probabilidades	salida_59
probabilidades	salida_59
probabilidadesanlisis	salida_59
probabilidadescrear	salida_59
probabilidadesenlacesenlaces	salida_59%
$probabilidadesintroduccinintroduccin	salida_59
probabilidadesmedicinmedicin	salida_59
probabilidadesmedidas	salida_59
probabilidadesndicendice	salida_59
probabilidadespgina	salida_59
probabilidadespgina	salida_59+
*probabilidadesprobabilidadesprobabilidades	salida_59
probabilidadesrepresentacin	salida_59
probabilidadessistema	salida_59
probabilidadestexto	salida_59	
programa	salida_59	
programa	salida_59	
programa	salida_59	
programa	salida_59
propertymwpagepropnotoc	salida_59
prrafo	salida_59
prrafo	salida_59
px	salida_59
px	salida_59
px	salida_59
px	salida_59
px	salida_59
px	salida_59
px	salida_59
px	salida_59
px	salida_59
px	salida_59
px	salida_59
px	salida_59
pxfont	salida_59
qu	salida_59	
radiuspx	salida_59	
radiuspx	salida_59	
radiuspx	salida_59	
radiuspx	salida_59	
radiuspx	salida_59	
radiuspx	salida_59	
radiuspx	salida_59	
radiuspx	salida_59
relstylesheet	salida_59
relstylesheet	salida_59
relstylesheet	salida_59
relstylesheet	salida_59
return	salida_59
rowspan	salida_59
rowspan	salida_59
rowspan	salida_59
rowspan	salida_59
rowspan	salida_59
rowspan	salida_59
rowspan	salida_59
rowspan	salida_59
saber	salida_59
saber	salida_59

sacreative	salida_59
scale	salida_59
scssmodulescontentparsoidcss	salida_59
scssmodulesinsertedstylecss	salida_59èù
èõscssmodulesskinsminervabaseresetskinsminervacontentstylesextcitestylemobileapppagestylesandroidmediawikipagegallerystylesmediawikiskinningcontentparsoidcss	salida_59
scssmodulesstylecss	salida_59
se	salida_59
se	salida_59
section	salida_59	
selectos	salida_59	
selectos	salida_59

sharealike	salida_59
sistema	salida_59
sitejs	salida_59
size	salida_59
size	salida_59
size	salida_59
size	salida_59
size	salida_59
size	salida_59
size	salida_59
size	salida_59
size	salida_59
size	salida_59
size	salida_59
skin	salida_59
solid	salida_59
solid	salida_59
solid	salida_59
solid	salida_59
solid	salida_59
solid	salida_59
solid	salida_59
solid	salida_59
src	salida_59
src	salida_59
src	salida_59
src	salida_59
src	salida_59
src	salida_59
src	salida_59
src	salida_59
src	salida_59
src	salida_59	
srcimgtk	salida_59
srcimnuvolafilesystemswwwpng	salida_59
srcimsystcamemcatriquejpg	salida_59
stable	salida_59
style	salida_59
styleclearboth	salida_59
styledirection	salida_59

	stylefont	salida_59
styleitalic	salida_59
stylemargin	salida_59
stylemargin	salida_59
stylemarginpx	salida_59
stylemarginpx	salida_59
stylepaddingpx	salida_59
stylepaddingpx	salida_59
stylepaddingpx	salida_59
stylepaddingpx	salida_59
stylepaddingpx	salida_59
stylepaddingpx	salida_59
stylepaddingpx	salida_59
stylepaddingpx	salida_59

	styletext	salida_59

	styletext	salida_59

	styletext	salida_59

stylewidth	salida_59

stylewidth	salida_59

stylewidth	salida_59
stylewidthpx	salida_59
stylewidthpx	salida_59
stylewidthpx	salida_59
su	salida_59
su	salida_59
su	salida_59
su	salida_59
su	salida_59
su	salida_59
subject	salida_59

	tendencia	salida_59

	tendencia	salida_59
terms	salida_59
text	salida_59
text	salida_59
text	salida_59
text	salida_59
text	salida_59
text	salida_59
text	salida_59
text	salida_59
text	salida_59
text	salida_59
text	salida_59
text	salida_59
text	salida_59
text	salida_59
text	salida_59
texten	salida_59
texten	salida_59
texten	salida_59
texten	salida_59
texten	salida_59
textprobabilidad	salida_59
textproblemas	salida_59
the	salida_59
the	salida_59
the	salida_59
this	salida_59
this	salida_59
tiempo	salida_59

titlecrear	salida_59

	titlelast	salida_59
titlemedicin	salida_59
titlemedicin	salida_59
titlemedicin	salida_59
titlemedicin	salida_59
titlemedicin	salida_59
titlemedicin	salida_59
titlemedicin	salida_59
titlemedicin	salida_59
titlemedicin	salida_59
titlemedicin	salida_59
titlemedicin	salida_59
titlemedicin	salida_59
to	salida_59
todos	salida_59
top	salida_59
top	salida_59
toppx	salida_59
toppx	salida_59
tright	salida_59
tright	salida_59
tright	salida_59

typebitmap	salida_59

typebitmap	salida_59
typedrawing	salida_59
typetextcss	salida_59
typetextcss	salida_59
typetextcss	salida_59
typetextcss	salida_59
un	salida_59
un	salida_59
una	salida_59
under	salida_59	
unidades	salida_59
v	salida_59	
vertical	salida_59	
vertical	salida_59	
vertical	salida_59	
vertical	salida_59	
vertical	salida_59	
vertical	salida_59	
vertical	salida_59	
vertical	salida_59
view	salida_59	
viewport	salida_59
weight	salida_59
weightbolder	salida_59
weightbolder	salida_59
weightbolder	salida_59
weightlibro	salida_59
weightmedicin	salida_59
white	salida_59
width	salida_59
width	salida_59
width	salida_59
width	salida_59
width	salida_59
width	salida_59
width	salida_59
width	salida_59
widthpx	salida_59

	wikibooks	salida_59
y	salida_59
y	salida_59
y	salida_59
y	salida_59
y	salida_59
y	salida_59
y	salida_59
y	salida_59
y	salida_59
y	salida_59
y	salida_59
y	salida_59
y	salida_59
y	salida_59
y	salida_59
y	salida_59
y	salida_59
y	salida_59
y	salida_59
youtube	salida_59ˇˇÊ∆p