asalida_1232asalida_1232asalida_1232aaaaaasalida_1232actionsalida_1232
additionalsalida_1232
animationssalida_1232
anisotropasalida_1232applysalida_1232articlesalida_1232assalida_1232attributionsalida_1232avoidsalida_1232
backgroundsalida_1232blocksalida_1232blocksalida_1232bodysalida_1232bordersalida_1232cadasalida_1232centersalida_1232
charsetutfsalida_1232classsalida_1232classsalida_1232classsalida_1232classsalida_1232classsalida_1232classsalida_1232classsalida_1232classsalida_1232classsalida_1232classsalida_1232classsalida_1232classsalida_1232classsalida_1232classsalida_1232classclientsalida_1232classcontentsalida_1232classexternalsalida_1232classexternalsalida_1232classexternalsalida_1232classexternalsalida_1232classfeaturesalida_1232classmediawikisalida_1232classmwsalida_1232classsubpagessalida_1232collapsiblesalida_1232commonssalida_1232comosalida_1232comosalida_1232comosalida_1232comportamientosalida_1232	conjuntosalida_1232
	considerasalida_1232
	considerasalida_1232contentsalida_1232contentwidthdevicesalida_1232
	corpsculosalida_1232
	crecientesalida_1232crucialsalida_1232cuentasalida_1232cumplensalida_1232cunticasalida_1232cunticosalida_1232dashedsalida_1232datasalida_1232desalida_1232desalida_1232desalida_1232desalida_1232desalida_1232desalida_1232desalida_1232desalida_1232desalida_1232desalida_1232desalida_1232desalida_1232delsalida_1232delsalida_1232delsalida_1232delsalida_1232
	difraccinsalida_1232
	directionsalida_1232displaysalida_1232
	distinguesalida_1232	dualidadsalida_1232esalida_1232editedsalida_1232eeesalida_1232elsalida_1232elsalida_1232elsalida_1232elsalida_1232elsalida_1232elsalida_1232electromagnetismosalida_1232electromagnetismosalida_1232electromagnetismosalida_1232electromagnetismounificacinsalida_1232electromagnticasalida_1232electromagnticasalida_1232electromagnticassalida_1232electromagnticassalida_1232eltsalida_1232emsalida_1232emsalida_1232emsalida_1232emsalida_1232emsalida_1232	empleadosalida_1232emptysalida_1232ensalida_1232ensalida_1232ensalida_1232entresalida_1232entresalida_1232errorsalida_1232essalida_1232espejossalida_1232estudiasalida_1232estudiosalida_1232estudiosalida_1232estudiosalida_1232
explicandosalida_1232	fenmenossalida_1232fermatsalida_1232filessalida_1232forsalida_1232
frecuenciasalida_1232freesalida_1232freesalida_1232fromsalida_1232fromsalida_1232fsicasalida_1232fsicasalida_1232fsicasalida_1232fsicaelectromagnetismohistoriasalida_1232	functionsalida_1232generalmentesalida_1232
	geomtricasalida_1232gradientdegsalida_1232headersalida_1232hidesalida_1232	historiasalida_1232
	homogneossalida_1232hrefsalida_1232hrefsalida_1232hrefsalida_1232hrefsalida_1232hreffcadsicasalida_1232&%hrefhttpscreativecommonsorglicensesbysalida_1232èåèährefhttpseswikibooksorgwikifcadsicafelectromagnetismofhistoriadelelectromagnetismofunificacicbndelelectromagnetismoylacbpticafcadsicaoldidsalida_1232EDhrefhttpwwwdiclibcomcpticaelectromagncaticashoweseswikioixzzzluueobpsalida_1232DChrefhttpwwwdiclibcomcpticaelectromagncaticashoweseswikiovrvfnrlhdivsalida_1232htdignoindexsalida_1232htdignoindexsalida_1232htmlsalida_1232idsalida_1232idbodycontentsalida_1232
	idcontentsalida_1232idmwsalida_1232idmwsalida_1232idmwsalida_1232	idmwaglasalida_1232idmwaqsalida_1232
idmwawsegnsalida_1232	idmwbalasalida_1232	idmwbglasalida_1232	idmwbqlasalida_1232	idmwbwlasalida_1232idmwcasalida_1232FEidmwcghttpwwwdiclibcomcpticaelectromagncaticashoweseswikiovrvfnrlhdivsalida_1232idmwcqsalida_1232GFidmwcwhttpwwwdiclibcomcpticaelectromagncaticashoweseswikioixzzzluueobpsalida_1232idtopsalida_1232imagelinearsalida_1232
	importantsalida_1232importscriptsalida_1232initialsalida_1232
interaccinsalida_1232interferenciasalida_1232issalida_1232issalida_1232issalida_1232issuedsalida_1232jjsmodulesarticlelisthomejssalida_1232jjsmodulesdetailspolyfilljssalida_1232jjsmodulesimagesloadedminjssalida_1232jjsmodulesjqueryjssalida_1232jjsmodulesjsconfigvarsjssalida_1232jjsmodulesmasonryminjssalida_1232jjsmodulesmediawikijssalida_1232jjsmodulesscriptjssalida_1232jjsmodulessitejssalida_1232jjsmodulesstartupjssalida_1232jssalida_1232juegasalida_1232lasalida_1232lasalida_1232lasalida_1232lasalida_1232lasalida_1232lasalida_1232lasalida_1232lasalida_1232lasalida_1232lasalida_1232lasalida_1232lasalida_1232lasalida_1232lasalida_1232lasalida_1232lasalida_1232lasalida_1232lassalida_1232lassalida_1232lassalida_1232lentessalida_1232	licensedsalida_1232	longitudsalida_1232lossalida_1232ltrsalida_1232ltrsalida_1232luzsalida_1232luzsalida_1232luzsalida_1232luzsalida_1232luzsalida_1232luzsalida_1232marginsalida_1232materiasalida_1232maysalida_1232mediasalida_1232mediossalida_1232mfsalida_1232mfsalida_1232minervasalida_1232modelosalida_1232modelosalida_1232mssalida_1232mwsalida_1232mwsalida_1232mwsalida_1232nameviewportsalida_1232nssalida_1232nssalida_1232onsalida_1232ondasalida_1232ondasalida_1232ondasalida_1232ondasalida_1232ondassalida_1232ondassalida_1232ondulatoriasalida_1232ordensalida_1232outputsalida_1232paddingsalida_1232pagesalida_1232papelsalida_1232parasalida_1232parasalida_1232parsersalida_1232planasalida_1232polarizacinsalida_1232porsalida_1232porsalida_1232porsalida_1232	precisinsalida_1232
	principiosalida_1232pticasalida_1232pticasalida_1232pticasalida_1232pticasalida_1232pticasalida_1232pticasalida_1232pticasalida_1232pxsalida_1232quesalida_1232quesalida_1232quesalida_1232ramasalida_1232ramasalida_1232ramassalida_1232rayossalida_1232reflectanciasalida_1232	reflexinsalida_1232
	refraccinsalida_1232relstylesheetsalida_1232relstylesheetsalida_1232relstylesheetsalida_1232relstylesheetsalida_1232returnsalida_1232
sacreativesalida_1232scalesalida_1232scssmodulescontentparsoidcsssalida_1232scssmodulesinsertedstylecsssalida_1232èùèõscssmodulesskinsminervabaseresetskinsminervacontentstylesextcitestylemobileapppagestylesandroidmediawikipagegallerystylesmediawikiskinningcontentparsoidcsssalida_1232scssmodulesstylecsssalida_1232sesalida_1232sesalida_1232sesalida_1232sectionsalida_1232
sharealikesalida_1232
	siguientesalida_1232
siguientessalida_1232simplificadosalida_1232sitejssalida_1232skinsalida_1232srcsalida_1232srcsalida_1232srcsalida_1232srcsalida_1232srcsalida_1232srcsalida_1232srcsalida_1232srcsalida_1232srcsalida_1232srcsalida_1232stablesalida_1232styleclearbothsalida_1232styledirectionsalida_1232susalida_1232subjectsalida_1232	teniendosalida_1232termssalida_1232textsalida_1232textsalida_1232textsalida_1232textsalida_1232thesalida_1232thesalida_1232thesalida_1232thissalida_1232thissalida_1232titlefsicafsicasalida_1232
	titlelastsalida_1232tosalida_1232topsalida_1232topsalida_1232
transmisinsalida_1232transmitanciasalida_1232tratasalida_1232typetextcsssalida_1232typetextcsssalida_1232typetextcsssalida_1232typetextcsssalida_1232usalida_1232unsalida_1232unsalida_1232unsalida_1232unasalida_1232unasalida_1232undersalida_1232utilizasalida_1232utilizasalida_1232utilizasalida_1232
	utilizadosalida_1232vsalida_1232viewsalida_1232	viewportsalida_1232whitesalida_1232widthsalida_1232
	wikibookssalida_1232ysalida_1232ysalida_1232ysalida_1232ysalida_1232ysalida_1232ysalida_1232ysalida_1232ysalida_1232ˇˇj˘P‘