aaaaaasalida_5266
	aberturassalida_5266actionsalida_5266
additionalsalida_5266algunassalida_5266
animationssalida_5266applysalida_5266aprisionadassalida_5266	armadurasalida_5266
	armadurassalida_5266
	armadurassalida_5266
	armadurassalida_5266
	armadurassalida_5266articlesalida_5266asegurasalida_5266attributionsalida_5266avoidsalida_5266
backgroundsalida_5266blocksalida_5266blocksalida_5266bodysalida_5266bordersalida_5266casosalida_5266casosalida_5266centersalida_5266
charsetutfsalida_5266classsalida_5266classsalida_5266classsalida_5266classsalida_5266classsalida_5266classsalida_5266classsalida_5266classsalida_5266classsalida_5266classsalida_5266classsalida_5266classsalida_5266classsalida_5266classsalida_5266classclientsalida_5266classcontentsalida_5266classexternalsalida_5266classexternalsalida_5266classfeaturesalida_5266classmediawikisalida_5266classmwsalida_5266	colgarsesalida_5266collapsiblesalida_5266	comenzarsalida_5266commonssalida_5266comprendidosalida_5266
	comprobarsalida_5266
	comprobarsalida_5266
	comprobarsalida_5266consalida_5266consalida_5266consideracionessalida_5266contentsalida_5266contentwidthdevicesalida_5266contrasalida_5266contrasalida_5266dashedsalida_5266datasalida_5266desalida_5266desalida_5266desalida_5266desalida_5266desalida_5266desalida_5266desalida_5266desalida_5266desalida_5266desalida_5266desalida_5266desalida_5266desalida_5266desalida_5266desalida_5266desalida_5266desalida_5266desalida_5266desalida_5266debensalida_5266delsalida_5266desplazamientossalida_5266
	desplazarsalida_5266dimetrosalida_5266
	directionsalida_5266displaysalida_5266	disponersalida_5266
dispuestassalida_5266
distanciassalida_5266distribucinsalida_5266editedsalida_5266eeesalida_5266elsalida_5266elsalida_5266elsalida_5266elsalida_5266elsalida_5266elsalida_5266elsalida_5266elsalida_5266elsalida_5266elsalida_5266elsalida_5266
eliminacinsalida_5266ellassalida_5266eltsalida_5266emsalida_5266emsalida_5266emsalida_5266emsalida_5266emsalida_5266emptysalida_5266ensalida_5266ensalida_5266ensalida_5266ensalida_5266ensalida_5266ensalida_5266
	encofradosalida_5266
	encofradosalida_5266
encofradossalida_5266
encuentransalida_5266entradasalida_5266entrarsalida_5266entresalida_5266entresalida_5266errorsalida_5266essalida_5266essalida_5266espaciosalida_5266exactasalida_5266fijarsalida_5266filessalida_5266finsalida_5266forsalida_5266formasalida_5266fraguarsalida_5266frescosalida_5266frescosalida_5266frescosalida_5266fromsalida_5266fromsalida_5266	functionsalida_5266
	generalessalida_5266
	generalessalida_5266gradientdegsalida_5266gruesassalida_5266hasalida_5266hasalida_5266hasalida_5266hasalida_5266hansalida_5266hansalida_5266hansalida_5266headersalida_5266hidesalida_5266hierrossalida_5266hormignsalida_5266hormignsalida_5266hormignsalida_5266hormignsalida_5266hormignsalida_5266hormigonadosalida_5266hormigonadosalida_5266hormigonadosalida_5266hrefsalida_5266hrefsalida_5266hrefsalida_5266hrefsalida_5266&%hrefhttpscreativecommonsorglicensesbysalida_5266WVhrefhttpseswikibooksorgwikiconsideracionesgeneralesparaeltrabajoenhormigcbnfrescooldidsalida_5266htdignoindexsalida_5266htdignoindexsalida_5266htmlsalida_5266
	humedecersalida_5266hundansalida_5266idsalida_5266idbodycontentsalida_5266
	idcontentsalida_5266idmwsalida_5266idmwsalida_5266idmwsalida_5266idmwaqsalida_5266idmwawsalida_5266idmwbaconsideracionessalida_5266	idmwbgsesalida_5266idmwbqantessalida_5266	idmwbwsesalida_5266	idmwcasesalida_5266idmwcgsalida_5266	idmwcqsesalida_5266idmwcwarmadurassalida_5266idmwdaconvienesalida_5266
	idmwdgunasalida_5266idmwdqhastasalida_5266
	idmwdwlassalida_5266	idmweaessalida_5266idtopsalida_5266imagelinearsalida_5266impermeablesalida_5266
	importantsalida_5266importscriptsalida_5266initialsalida_5266instalacionessalida_5266issalida_5266issalida_5266issalida_5266issuedsalida_5266jjsmodulesarticlelisthomejssalida_5266jjsmodulesdetailspolyfilljssalida_5266jjsmodulesimagesloadedminjssalida_5266jjsmodulesjqueryjssalida_5266jjsmodulesjsconfigvarsjssalida_5266jjsmodulesmasonryminjssalida_5266jjsmodulesmediawikijssalida_5266jjsmodulesscriptjssalida_5266jjsmodulessitejssalida_5266jjsmodulesstartupjssalida_5266jssalida_5266lasalida_5266lasalida_5266lasalida_5266lasalida_5266lasalida_5266lasalida_5266lasalida_5266lassalida_5266lassalida_5266lassalida_5266lassalida_5266lassalida_5266lassalida_5266libressalida_5266	licensedsalida_5266limpiarsalida_5266	limpiezasalida_5266	limpiezasalida_5266lossalida_5266lossalida_5266lossalida_5266ltrsalida_5266ltrsalida_5266
mantenersesalida_5266marginsalida_5266maysalida_5266mediasalida_5266	mediantesalida_5266medidassalida_5266mezclasalida_5266	mezcladosalida_5266mfsalida_5266mfsalida_5266minervasalida_5266momentosalida_5266momentosalida_5266moversesalida_5266mwsalida_5266mwsalida_5266mwsalida_5266nameviewportsalida_5266
	necesariosalida_5266ningunasalida_5266nmerosalida_5266nosalida_5266nosalida_5266nssalida_5266nssalida_5266onsalida_5266	oportunosalida_5266outputsalida_5266paddingsalida_5266pagesalida_5266parasalida_5266parasalida_5266parasalida_5266parasalida_5266parsersalida_5266pasossalida_5266permitiendosalida_5266perturbacinsalida_5266piedrassalida_5266pisoteosalida_5266podrsalida_5266precisasalida_5266precisasalida_5266	precisassalida_5266precisosalida_5266
	proteccinsalida_5266puedasalida_5266puedesalida_5266pxsalida_5266quesalida_5266quesalida_5266quesalida_5266quesalida_5266quesalida_5266quesalida_5266quesalida_5266relacinsalida_5266relstylesheetsalida_5266relstylesheetsalida_5266relstylesheetsalida_5266relstylesheetsalida_5266removersalida_5266returnsalida_5266
sacreativesalida_5266salpicadurassalida_5266scalesalida_5266scssmodulescontentparsoidcsssalida_5266scssmodulesinsertedstylecsssalida_5266èùèõscssmodulesskinsminervabaseresetskinsminervacontentstylesextcitestylemobileapppagestylesandroidmediawikipagegallerystylesmediawikiskinningcontentparsoidcsssalida_5266scssmodulesstylecsssalida_5266sesalida_5266sesalida_5266sesalida_5266sesalida_5266sesalida_5266sectionsalida_5266sersalida_5266	serviciosalida_5266
sharealikesalida_5266sisalida_5266sisalida_5266siendosalida_5266sitejssalida_5266skinsalida_5266
sobresalensalida_5266solerasalida_5266sonsalida_5266srcsalida_5266srcsalida_5266srcsalida_5266srcsalida_5266srcsalida_5266srcsalida_5266srcsalida_5266srcsalida_5266srcsalida_5266srcsalida_5266stablesalida_5266styleclearbothsalida_5266styledirectionsalida_5266susalida_5266subjectsalida_5266
	sucedierasalida_5266suficientementesalida_5266termssalida_5266textsalida_5266textsalida_5266textsalida_5266textsalida_5266thesalida_5266thesalida_5266thesalida_5266thissalida_5266thissalida_5266tienesalida_5266
	titlelastsalida_5266tosalida_5266todassalida_5266topsalida_5266topsalida_5266trabajosalida_5266trabajosalida_5266typetextcsssalida_5266typetextcsssalida_5266typetextcsssalida_5266typetextcsssalida_5266undersalida_5266unionessalida_5266unossalida_5266vsalida_5266	varillassalida_5266
verticalessalida_5266vezsalida_5266viewsalida_5266	viewportsalida_5266whitesalida_5266widthsalida_5266
	wikibookssalida_5266ysalida_5266ysalida_5266ysalida_5266ysalida_5266ysalida_5266ysalida_5266ysalida_5266ˇˇO,1Ù