asalida_6220aaaaaasalida_6220actionsalida_6220
additionalsalida_6220
animationssalida_6220applysalida_6220artculosalida_6220articlesalida_6220attributionsalida_6220aulexsalida_6220avoidsalida_6220
backgroundsalida_6220blocksalida_6220blocksalida_6220bodysalida_6220bordersalida_6220centersalida_6220
charsetutfsalida_6220classsalida_6220classsalida_6220classsalida_6220classsalida_6220classsalida_6220classsalida_6220classsalida_6220classsalida_6220classsalida_6220classsalida_6220classsalida_6220classsalida_6220classsalida_6220classsalida_6220classclientsalida_6220classcontentsalida_6220classexternalsalida_6220classexternalsalida_6220classexternalsalida_6220classexternalsalida_6220classexternalsalida_6220classexternalsalida_6220classexternalsalida_6220classexternalsalida_6220classfeaturesalida_6220classmediawikisalida_6220classmwsalida_6220classnulljaponssalida_6220classnulljaponssalida_6220classnullwikcionariosalida_6220classnullwikipediasalida_6220classsubpagessalida_6220collapsiblesalida_6220commonssalida_6220contentsalida_6220contentwidthdevicesalida_6220	contienesalida_6220culturasalida_6220dashedsalida_6220datasalida_6220datasalida_6220datasalida_6220datasalida_6220datasalida_6220datasalida_6220datasalida_6220desalida_6220desalida_6220desalida_6220desalida_6220desalida_6220desalida_6220
	definicinsalida_6220delsalida_6220delsalida_6220delsalida_6220	descargasalida_6220	descargasalida_6220
	descargarsalida_6220diccionariossalida_6220diccionariossalida_6220
	directionsalida_6220displaysalida_6220
disponiblesalida_6220dudassalida_6220editedsalida_6220eeesalida_6220
ejerciciossalida_6220elsalida_6220eltsalida_6220emsalida_6220emsalida_6220emsalida_6220emsalida_6220emsalida_6220emptysalida_6220ensalida_6220	enfocadosalida_6220entresalida_6220errorsalida_6220essalida_6220espaolsalida_6220estudiosalida_6220etcsalida_6220filesalida_6220filesalida_6220filesalida_6220filesalida_6220filesalida_6220filesalida_6220filessalida_6220forsalida_6220forosalida_6220fromsalida_6220fromsalida_6220	functionsalida_6220gradientdegsalida_6220gratissalida_6220headersalida_6220heightsalida_6220heightsalida_6220heightsalida_6220heightsalida_6220heightsalida_6220heightsalida_6220heightsalida_6220heightsalida_6220heightsalida_6220heightsalida_6220hidesalida_6220hrefsalida_6220hrefsalida_6220hrefsalida_6220hrefsalida_6220hrefhttpaulexorgjasalida_6220hrefhttpbrngjprenshuupdfsalida_6220hrefhttphablajaponesorgsalida_6220hrefhttpjaponesinfosalida_6220hrefhttpritocomsalida_6220&%hrefhttpscreativecommonsorglicensesbysalida_622010hrefhttpseswikibooksorgwikijaponcasfenlacesoldidsalida_6220('hrefhttpseswikipediaorgwikiidiomajaponssalida_6220,+hrefhttpseswikipediaorgwikiwikipediaportadasalida_6220#"hrefhttpseswiktionaryorgwikijaponssalida_6220$#hrefhttpseswiktionaryorgwikiportadasalida_6220"!hrefhttpwwwaprendejaponescomcursosalida_6220hrefjaponcassalida_6220htdignoindexsalida_6220htdignoindexsalida_6220htmlsalida_6220idsalida_6220idbodycontentsalida_6220
	idcontentsalida_6220idmwsalida_6220idmwsalida_6220idmwsalida_6220idmwagsalida_6220idmwaqsalida_6220idmwawsalida_6220idmwbasalida_6220idmwbgjaponesinfosalida_6220idmwbqsalida_6220idmwbwinformacinsalida_6220idmwcasalida_6220	idmwcgunsalida_6220idmwcqkanassalida_6220idmwcwsalida_6220idmwdaritocomsalida_6220idmwdgsalida_6220idmwdqmaterialsalida_6220idmwdwhablajaponessalida_6220	idmweaessalida_6220idmwegaprendejaponescomsalida_6220idmweqsalida_6220idmwewcursosalida_6220idmwfasalida_6220idmwfgdiccionariosalida_6220idmwfqaulexorgsalida_6220idtopsalida_6220imagelinearsalida_6220
	importantsalida_6220importscriptsalida_6220initialsalida_6220inlinesalida_6220inlinesalida_6220inlinesalida_6220inlinesalida_6220introduccionsalida_6220issalida_6220issalida_6220issalida_6220issuedsalida_6220japnsalida_6220japonessalida_6220japonssalida_6220japonssalida_6220japonssalida_6220japonssalida_6220japonssalida_6220japonsenlacessalida_6220jjsmodulesarticlelisthomejssalida_6220jjsmodulesdetailspolyfilljssalida_6220jjsmodulesimagesloadedminjssalida_6220jjsmodulesjqueryjssalida_6220jjsmodulesjsconfigvarsjssalida_6220jjsmodulesmasonryminjssalida_6220jjsmodulesmediawikijssalida_6220jjsmodulesscriptjssalida_6220jjsmodulessitejssalida_6220jjsmodulesstartupjssalida_6220jssalida_6220lasalida_6220librosalida_6220	licensedsalida_6220linesalida_6220linesalida_6220linesalida_6220linesalida_6220linesalida_6220linesalida_6220lossalida_6220ltrsalida_6220ltrsalida_6220marginsalida_6220	materialsalida_6220maysalida_6220mediasalida_6220	mensajessalida_6220mfsalida_6220mfsalida_6220minervasalida_6220mwsalida_6220mwsalida_6220mwsalida_6220nameviewportsalida_6220nssalida_6220nssalida_6220onsalida_6220outputsalida_6220paddingsalida_6220pagesalida_6220parasalida_6220parasalida_6220parsersalida_6220pdfsalida_6220prcticasalida_6220pxsalida_6220relstylesheetsalida_6220relstylesheetsalida_6220relstylesheetsalida_6220relstylesheetsalida_6220returnsalida_6220
sacreativesalida_6220scalesalida_6220scssmodulescontentparsoidcsssalida_6220scssmodulesinsertedstylecsssalida_6220èùèõscssmodulesskinsminervabaseresetskinsminervacontentstylesextcitestylemobileapppagestylesandroidmediawikipagegallerystylesmediawikiskinningcontentparsoidcsssalida_6220scssmodulesstylecsssalida_6220sectionsalida_6220
sharealikesalida_6220sitejssalida_6220sitiosalida_6220sizesalida_6220sizesalida_6220sizesalida_6220sizesalida_6220sizesalida_6220sizesalida_6220skinsalida_6220sobresalida_6220sobresalida_6220srcsalida_6220srcsalida_6220srcsalida_6220srcsalida_6220srcsalida_6220srcsalida_6220srcsalida_6220srcsalida_6220srcsalida_6220srcsalida_6220srcimwikipediasalida_6220srcimwiktfaviconensvgpngsalida_6220stablesalida_6220styleclearbothsalida_6220styledirectionsalida_6220
	stylefontsalida_6220
	stylefontsalida_6220
	stylefontsalida_6220
	stylefontsalida_6220
	stylefontsalida_6220
	stylefontsalida_6220subjectsalida_6220	swsvgpngsalida_6220termssalida_6220textsalida_6220textsalida_6220textsalida_6220textsalida_6220textsalida_6220textsalida_6220textsalida_6220textsalida_6220textsalida_6220textsalida_6220thesalida_6220thesalida_6220thesalida_6220thissalida_6220thissalida_6220tienesalida_6220tienesalida_6220titlejaponsjaponssalida_6220
	titlelastsalida_6220titlewidiomasalida_6220titlewiktjaponssalida_6220titlewiktportadasalida_6220titlewwikipediaportadasalida_6220tosalida_6220topsalida_6220topsalida_6220
tutorialessalida_6220typedrawingsalida_6220typedrawingsalida_6220typetextcsssalida_6220typetextcsssalida_6220typetextcsssalida_6220typetextcsssalida_6220unsalida_6220unsalida_6220unasalida_6220undersalida_6220	usuariossalida_6220vsalida_6220variossalida_6220viewsalida_6220	viewportsalida_6220websalida_6220whitesalida_6220widthsalida_6220widthsalida_6220widthsalida_6220widthsalida_6220widthsalida_6220
	wikibookssalida_6220ysalida_6220ˇˇÑhJ