aaaaaasalida_14297actionsalida_14297
additionalsalida_14297alignsalida_14297
animationssalida_14297applysalida_14297articlesalida_14297attributionsalida_14297avoidsalida_14297
backgroundsalida_14297blocksalida_14297blocksalida_14297bodysalida_14297bordersalida_14297buensalida_14297	cantidadsalida_14297centersalida_14297
charsetutfsalida_14297classsalida_14297classsalida_14297classsalida_14297classsalida_14297classsalida_14297classsalida_14297classsalida_14297classsalida_14297classsalida_14297classsalida_14297classsalida_14297classsalida_14297classsalida_14297classsalida_14297classclientsalida_14297classcontentsalida_14297classexternalsalida_14297classexternalsalida_14297classexternalsalida_14297classfeaturesalida_14297classmediawikisalida_14297classmwsalida_14297classsubpagessalida_14297
classthumbsalida_14297classthumbcaptionsalida_14297classthumbinnersalida_14297collapsiblesalida_14297colorccsalida_14297commonssalida_14297contentsalida_14297contentwidthdevicesalida_14297cuatrosalida_14297cuatrosalida_14297cuatrosalida_14297cuatrosalida_14297dashedsalida_14297datasalida_14297datasalida_14297datasalida_14297datasalida_14297datasalida_14297desalida_14297desalida_14297desalida_14297desalida_14297desalida_14297desalida_14297desalida_14297desalida_14297desalida_14297desalida_14297dibujosalida_14297dibujodibujosalida_14297
	directionsalida_14297displaysalida_14297editedsalida_14297eeesalida_14297
ejerciciossalida_14297eltsalida_14297emsalida_14297emsalida_14297emsalida_14297emsalida_14297emsalida_14297emptysalida_14297
	equilterosalida_14297
	equilterosalida_14297errorsalida_14297	escalenosalida_14297	escalenosalida_14297	externassalida_14297filesalida_14297filesalida_14297filesalida_14297filessalida_14297forsalida_14297fromsalida_14297fromsalida_14297	functionsalida_14297	geometrasalida_14297	geometrasalida_14297gradientdegsalida_14297gransalida_14297headersalida_14297heightsalida_14297heightsalida_14297hidesalida_14297hrefsalida_14297hrefsalida_14297hrefsalida_14297hrefsalida_14297
hrefdibujosalida_142970/hrefdibujotcacnicofgeometrcadaplanafpolcadgonossalida_14297?>hrefdibujotcacnicofgeometrcadaplanafpolcadgonosfcuadrilcaterossalida_14297NMhrefdibujotcacnicofgeometrcadaplanafpolcadgonosfcuadrilcaterosfparalelogramossalida_14297IHhrefdibujotcacnicofgeometrcadaplanafpolcadgonosfcuadrilcaterosftrapeciossalida_14297KJhrefdibujotcacnicofgeometrcadaplanafpolcadgonosfcuadrilcaterosftrapezoidessalida_14297NMhrefdibujotcacnicofgeometrcadaplanafpolcadgonosfpolcadgonosdemasdecuatroladossalida_14297XWhrefdibujotcacnicofgeometrcadaplanafpolcadgonosfpolcadgonosdemasdecuatroladosfhexcagonosalida_14297YXhrefdibujotcacnicofgeometrcadaplanafpolcadgonosfpolcadgonosdemasdecuatroladosfpentcagonosalida_14297RQhrefdibujotcacnicofgeometrcadaplanafpolcadgonosftricangulosftricanguloequilcaterosalida_14297ONhrefdibujotcacnicofgeometrcadaplanafpolcadgonosftricangulosftricanguloescalenosalida_14297QPhrefdibujotcacnicofgeometrcadaplanafpolcadgonosftricangulosftricanguloiscbscelessalida_14297RQhrefdibujotcacnicofgeometrcadaplanafpolcadgonosftricangulosftricangulorectcangulosalida_14297&%hrefhttpscreativecommonsorglicensesbysalida_14297FEhrefhttpseswikibooksorgwikidibujofdibujotcacnicogeometrcadaplanaoldidsalida_14297 hrefhttptrazoidecomintroduccionsalida_14297htdignoindexsalida_14297htdignoindexsalida_14297htmlsalida_14297htmlsalida_14297idsalida_14297idsalida_14297idbodycontentsalida_14297idconexionesexternassalida_14297
	idcontentsalida_14297idmwsalida_14297idmwsalida_14297idmwsalida_14297idmwaqsalida_14297idmwbasalida_14297idmwbgsalida_14297idmwbwsalida_14297idmwcatringulossalida_14297idmwcgsalida_14297idmwcqsalida_14297idmwcwtringulosalida_14297idmwdasalida_14297idmwdgsalida_14297idmwdqtringulosalida_14297idmwdwtringulosalida_14297idmweasalida_14297idmwegsalida_14297idmweqtringulosalida_14297idmwewcuadrilterossalida_14297idmwfasalida_14297idmwfgparalelogramossalida_14297idmwfqsalida_14297idmwfwsalida_14297idmwgatrapeciossalida_14297idmwggtrapezoidessalida_14297idmwgqsalida_14297idmwgwsalida_14297idmwhapolgonossalida_14297idmwhgsalida_14297idmwhqsalida_14297idmwhwpentgonosalida_14297idmwiasalida_14297idmwigsalida_14297idmwiqhexgonosalida_14297idmwiwsalida_14297idmwjaconexionessalida_14297idmwjgsalida_14297idmwjqsalida_14297idmwjwsalida_14297idmwkatrazoidesalida_14297idtopsalida_14297imagelinearsalida_14297
	importantsalida_14297importscriptsalida_14297initialsalida_14297issalida_14297issalida_14297issalida_14297	isscelessalida_14297	isscelessalida_14297issuedsalida_14297jjsmodulesarticlelisthomejssalida_14297jjsmodulesdetailspolyfilljssalida_14297jjsmodulesimagesloadedminjssalida_14297jjsmodulesjqueryjssalida_14297jjsmodulesjsconfigvarsjssalida_14297jjsmodulesmasonryminjssalida_14297jjsmodulesmediawikijssalida_14297jjsmodulesscriptjssalida_14297jjsmodulessitejssalida_14297jjsmodulesstartupjssalida_14297jssalida_14297ladossalida_14297ladossalida_14297ladoshexgonosalida_14297ladospentgonosalida_14297leftpolgonosalida_14297	licensedsalida_14297ltrsalida_14297ltrsalida_14297marginsalida_14297massalida_14297massalida_14297massalida_14297massalida_14297maysalida_14297mediasalida_14297mfsalida_14297mfsalida_14297minervasalida_14297mwsalida_14297mwsalida_14297mwsalida_14297mwsalida_14297nameviewportsalida_14297nivelsalida_14297nssalida_14297nssalida_14297onsalida_14297outputsalida_14297paddingsalida_14297pagesalida_14297parsersalida_14297planasalida_14297planapolgonossalida_14297planapolgonoscuadrilterossalida_14297('planapolgonoscuadrilterosparalelogramossalida_14297#"planapolgonoscuadrilterostrapeciossalida_14297%$planapolgonoscuadrilterostrapezoidessalida_14297planapolgonospolgonossalida_14297planapolgonospolgonossalida_14297planapolgonospolgonossalida_14297planapolgonostringulostringulosalida_14297planapolgonostringulostringulosalida_14297planapolgonostringulostringulosalida_14297planapolgonostringulostringulosalida_14297portalsalida_14297pxsalida_14297
	rectngulosalida_14297
	rectngulosalida_14297relstylesheetsalida_14297relstylesheetsalida_14297relstylesheetsalida_14297relstylesheetsalida_14297
	resueltossalida_14297returnsalida_14297
sacreativesalida_14297scalesalida_14297scssmodulescontentparsoidcsssalida_14297scssmodulesinsertedstylecsssalida_14297èùèõscssmodulesskinsminervabaseresetskinsminervacontentstylesextcitestylemobileapppagestylesandroidmediawikipagegallerystylesmediawikiskinningcontentparsoidcsssalida_14297scssmodulesstylecsssalida_14297sectionsalida_14297sectionsalida_14297
sharealikesalida_14297sitejssalida_14297skinsalida_14297sobresalida_14297srcsalida_14297srcsalida_14297srcsalida_14297srcsalida_14297srcsalida_14297srcsalida_14297srcsalida_14297srcsalida_14297srcsalida_14297srcsalida_14297srcimpoligonjpgsalida_14297stablesalida_14297styleclearbothsalida_14297styledirectionsalida_14297
	styletextsalida_14297stylewidthpxsalida_14297subjectsalida_14297tcnicosalida_14297tcnicosalida_14297tcnicogeometrasalida_14297tcnicogeometrasalida_14297tcnicogeometrasalida_14297tcnicogeometrasalida_14297tcnicogeometrasalida_14297tcnicogeometrasalida_14297tcnicogeometrasalida_14297tcnicogeometrasalida_14297tcnicogeometrasalida_14297tcnicogeometrasalida_14297tcnicogeometrasalida_14297tcnicogeometrasalida_14297termssalida_14297textsalida_14297textsalida_14297textsalida_14297textsalida_14297textsalida_14297thesalida_14297thesalida_14297thesalida_14297thissalida_14297thissalida_14297titledibujosalida_14297titledibujosalida_14297titledibujosalida_14297titledibujosalida_14297titledibujosalida_14297titledibujosalida_14297titledibujosalida_14297titledibujosalida_14297titledibujosalida_14297titledibujosalida_14297titledibujosalida_14297titledibujosalida_14297titledibujodibujosalida_14297
	titlelastsalida_14297tosalida_14297topsalida_14297topsalida_14297trightsalida_14297
typebitmapsalida_14297typetextcsssalida_14297typetextcsssalida_14297typetextcsssalida_14297typetextcsssalida_14297undersalida_14297vsalida_14297viewsalida_14297	viewportsalida_14297whitesalida_14297widthsalida_14297widthsalida_14297widthsalida_14297
	wikibookssalida_14297ysalida_14297ˇˇ∆:Æ