asalida_2436asalida_2436asalida_2436aaaaaasalida_2436actionsalida_2436
additionalsalida_2436
animationssalida_2436applysalida_2436articlesalida_2436attributionsalida_2436avoidsalida_2436
backgroundsalida_2436blocksalida_2436blocksalida_2436bodysalida_2436bordersalida_2436castellsalida_2436castellcafeoldidsalida_2436	castellesalida_2436catalsalida_2436catalsalida_2436catalndiccionarisalida_2436centersalida_2436
charsetutfsalida_2436classsalida_2436classsalida_2436classsalida_2436classsalida_2436classsalida_2436classsalida_2436classsalida_2436classsalida_2436classsalida_2436classsalida_2436classsalida_2436classsalida_2436classsalida_2436classsalida_2436classclientsalida_2436classcontentsalida_2436classexternalsalida_2436classexternalsalida_2436classfeaturesalida_2436classmediawikisalida_2436classmwsalida_2436classsubpagessalida_2436collapsiblesalida_2436cometasalida_2436commonssalida_2436contentsalida_2436contentwidthdevicesalida_2436dashedsalida_2436datasalida_2436deportesalida_2436
diccionarisalida_2436
	directionsalida_2436displaysalida_2436ecuadorsalida_2436editedsalida_2436eeesalida_2436egiptosalida_2436eivissasalida_2436
	ejerciciosalida_2436elsalida_2436elsalida_2436	elefantesalida_2436ellasalida_2436eltsalida_2436emsalida_2436emsalida_2436emsalida_2436emsalida_2436emsalida_2436emiliosalida_2436emptysalida_2436
encendedorsalida_2436enllocsalida_2436enporsalida_2436enporsalida_2436enporsalida_2436ernestosalida_2436errorsalida_2436escociasalida_2436escocssalida_2436escuelasalida_2436espaasalida_2436esparadraposalida_2436espejosalida_2436estadossalida_2436	estrellasalida_2436	estudiarsalida_2436europasalida_2436
explicacinsalida_2436	expresinsalida_2436filessalida_2436forsalida_2436fromsalida_2436fromsalida_2436	functionsalida_2436gradientdegsalida_2436headersalida_2436hidesalida_2436hrefsalida_2436hrefsalida_2436hrefsalida_2436hrefsalida_2436hrefcatalcansalida_2436&%hrefhttpscreativecommonsorglicensesbysalida_243665hrefhttpseswikibooksorgwikicatalcanfdiccionaricatalcasalida_2436htdignoindexsalida_2436htdignoindexsalida_2436htmlsalida_2436ibizasalida_2436idsalida_2436idbodycontentsalida_2436
	idcontentsalida_2436idmwsalida_2436idmwsalida_2436idmwsalida_2436idmwagsalida_2436idmwaqsalida_2436idmwawsalida_2436idmwbaegiptesalida_2436
idmwbgeugasalida_2436idmwbqsalida_2436idmwbwsalida_2436idmwcasalida_2436	idmwcgelsalida_2436idmwcqsalida_2436idmwcwsalida_2436idmwdasalida_2436idmwdgsalida_2436	idmwdqelsalida_2436	idmwdwelsalida_2436idmweasalida_2436idmwegsalida_2436	idmweqelsalida_2436	idmwewelsalida_2436idmwfasalida_2436idmwfgsalida_2436	idmwfqelsalida_2436idmwfwelefantsalida_2436idmwgasalida_2436idmwggsalida_2436
	idmwgqellsalida_2436idmwgwemilisalida_2436idmwhasalida_2436idmwhgsalida_2436idmwhqencenedorsalida_2436idmwhwenclusasalida_2436idmwiasalida_2436	idmwigjosalida_2436idmwiqenllocsalida_2436idmwiwsalida_2436idmwjaernestsalida_2436idmwjgescocssalida_2436idmwjqsalida_2436idmwjwsalida_2436idmwkaescciasalida_2436idmwkgescolasalida_2436idmwkqsalida_2436idmwkwsalida_2436idmwlaespanyasalida_2436idmwlgesparadrapsalida_2436idmwlqsalida_2436idmwlwsalida_2436idmwmaespillsalida_2436idmwmgesportsalida_2436idmwmqsalida_2436idmwmwsalida_2436idmwnaequadorsalida_2436
idmwngssersalida_2436idmwnqsalida_2436idmwnwsalida_2436idmwoaestatssalida_2436idmwogestelsalida_2436idmwoqsalida_2436idmwowsalida_2436idmwpaestenedorsalida_2436idmwpgestelsalida_2436idmwpqsalida_2436idmwpwsalida_2436idmwqaestudiarsalida_2436idmwqgeuropasalida_2436idmwqqsalida_2436idmwqwsalida_2436idmwraexercicisalida_2436idmwrgexplicacisalida_2436idmwrqsalida_2436idmwrwsalida_2436idmwsaexpressisalida_2436idtopsalida_2436imagelinearsalida_2436
	importantsalida_2436importscriptsalida_2436initialsalida_2436issalida_2436issalida_2436issalida_2436issuedsalida_2436jjsmodulesarticlelisthomejssalida_2436jjsmodulesdetailspolyfilljssalida_2436jjsmodulesimagesloadedminjssalida_2436jjsmodulesjqueryjssalida_2436jjsmodulesjsconfigvarsjssalida_2436jjsmodulesmasonryminjssalida_2436jjsmodulesmediawikijssalida_2436jjsmodulesscriptjssalida_2436jjsmodulessitejssalida_2436jjsmodulesstartupjssalida_2436jssalida_2436lsalida_2436lasalida_2436lasalida_2436lasalida_2436lasalida_2436lasalida_2436lasalida_2436lasalida_2436ladosalida_2436	licensedsalida_2436ltrsalida_2436ltrsalida_2436marginsalida_2436maysalida_2436mediasalida_2436meusalida_2436mevasalida_2436mfsalida_2436mfsalida_2436misalida_2436minervasalida_2436mwsalida_2436mwsalida_2436mwsalida_2436nameviewportsalida_2436ningnsalida_2436ningnsalida_2436ningunasalida_2436nosalida_2436nostrasalida_2436nostresalida_2436nssalida_2436nssalida_2436nuestrosalida_2436onsalida_2436outputsalida_2436paddingsalida_2436pagesalida_2436	paraiguasalida_2436parsersalida_2436partesalida_2436possalida_2436possalida_2436possalida_2436possalida_2436possalida_2436possalida_2436possalida_2436possalida_2436possalida_2436possalida_2436pronsalida_2436pronsalida_2436pronsalida_2436pronsalida_2436pronsalida_2436pronsalida_2436pronsalida_2436pronsalida_2436pronsalida_2436pronsalida_2436pxsalida_2436relstylesheetsalida_2436relstylesheetsalida_2436relstylesheetsalida_2436relstylesheetsalida_2436returnsalida_2436
sacreativesalida_2436scalesalida_2436scssmodulescontentparsoidcsssalida_2436scssmodulesinsertedstylecsssalida_2436èùèõscssmodulesskinsminervabaseresetskinsminervacontentstylesextcitestylemobileapppagestylesandroidmediawikipagegallerystylesmediawikiskinningcontentparsoidcsssalida_2436scssmodulesstylecsssalida_2436sectionsalida_2436sersalida_2436seusalida_2436sevasalida_2436
sharealikesalida_2436sitejssalida_2436sitiosalida_2436skinsalida_2436srcsalida_2436srcsalida_2436srcsalida_2436srcsalida_2436srcsalida_2436srcsalida_2436srcsalida_2436srcsalida_2436srcsalida_2436srcsalida_2436stablesalida_2436styleclearbothsalida_2436styledirectionsalida_2436susalida_2436subjectsalida_2436
	tendederosalida_2436termssalida_2436teusalida_2436tevasalida_2436textsalida_2436textsalida_2436textsalida_2436textsalida_2436thesalida_2436thesalida_2436thesalida_2436thissalida_2436thissalida_2436titlecatalncatalnsalida_2436
	titlelastsalida_2436tosalida_2436topsalida_2436topsalida_2436trobosalida_2436tusalida_2436typetextcsssalida_2436typetextcsssalida_2436typetextcsssalida_2436typetextcsssalida_2436unsalida_2436unsalida_2436unsalida_2436unsalida_2436unsalida_2436unsalida_2436unsalida_2436unsalida_2436unsalida_2436unsalida_2436unsalida_2436unsalida_2436unsalida_2436unsalida_2436unsalida_2436unsalida_2436unasalida_2436unasalida_2436unasalida_2436unasalida_2436unasalida_2436unasalida_2436unasalida_2436unasalida_2436unasalida_2436unasalida_2436unasalida_2436undersalida_2436unidossalida_2436unitssalida_2436vsalida_2436viewsalida_2436	viewportsalida_2436vostrasalida_2436vostresalida_2436vuestrosalida_2436whitesalida_2436widthsalida_2436
	wikibookssalida_2436yeguasalida_2436yunquesalida_2436ˇˇ’{lì