aaaaaasalida_1438actionsalida_1438
additionalsalida_1438
animationssalida_1438	aparecensalida_1438applysalida_1438articlesalida_1438	asignadosalida_1438attributionsalida_1438avoidsalida_1438ayudasalida_1438
backgroundsalida_1438blocksalida_1438blocksalida_1438bodysalida_1438bordersalida_1438centersalida_1438
charsetutfsalida_1438classsalida_1438classsalida_1438classsalida_1438classsalida_1438classsalida_1438classsalida_1438classsalida_1438classsalida_1438classsalida_1438classsalida_1438classsalida_1438classsalida_1438classsalida_1438classsalida_1438classsalida_1438classclientsalida_1438classcontentsalida_1438classexternalsalida_1438classexternalsalida_1438classfeaturesalida_1438classmediawikisalida_1438classmwsalida_1438classmwsalida_1438classnalltextsalida_1438classndeletetextsalida_1438classosalida_1438classpsalida_1438classpsalida_1438classsubpagessalida_1438collapsiblesalida_1438commonssalida_1438comosalida_1438consalida_1438
	constantesalida_1438
	constantesalida_1438contentsalida_1438contentsalida_1438contentwidthdevicesalida_1438dashedsalida_1438datasalida_1438datasalida_1438datasalida_1438datasalida_1438desalida_1438desalida_1438desalida_1438desalida_1438desalida_1438desalida_1438desalida_1438debesalida_1438decirsalida_1438
deletetextsalida_1438desaparezcansalida_1438
	directionsalida_1438dirltrsalida_1438displaysalida_1438divsalida_1438divsalida_1438divsalida_1438divsalida_1438divsalida_1438divsalida_1438editedsalida_1438eeesalida_1438	ejecutarsalida_1438elsalida_1438	eliminarsalida_1438eltsalida_1438emsalida_1438emsalida_1438emsalida_1438emsalida_1438emsalida_1438emptysalida_1438ensalida_1438ensalida_1438errorsalida_1438essalida_1438estasalida_1438filessalida_1438forsalida_1438fromsalida_1438fromsalida_1438funcinsalida_1438
	funcionessalida_1438	functionsalida_1438gamessalida_1438gamessalida_1438gamessalida_1438gamessalida_1438gamessalida_1438gamessalida_1438gradientdegsalida_1438headersalida_1438hidesalida_1438
	highlightsalida_1438hrefsalida_1438hrefsalida_1438hrefsalida_1438hrefsalida_1438hrefsalida_1438hrefayudadedivgamesstudiosalida_1438%$hrefayudadedivgamesstudiofconstantessalida_1438 hrefayudadedivgamesstudiofwritesalida_1438#"hrefayudadedivgamesstudiofwriteintsalida_1438&%hrefhttpscreativecommonsorglicensesbysalida_1438>=hrefhttpseswikibooksorgwikiayudadedivgamesstudiofalltextoldidsalida_1438htdignoindexsalida_1438htdignoindexsalida_1438htmlsalida_1438idsalida_1438idsalida_1438idsalida_1438idsalida_1438idbodycontentsalida_1438idconstanteconstantesalida_1438
	idcontentsalida_1438iddescripcindescripcinsalida_1438idmwsalida_1438idmwsalida_1438idmwsalida_1438idmwagsalida_1438idmwaqsalida_1438idmwawsalida_1438idmwbaalltextsalida_1438
idmwbgestasalida_1438idmwbqsalida_1438idmwcatodossalida_1438idmwcgwriteintsalida_1438idmwcqwritesalida_1438	idmwcwessalida_1438idmwdasalida_1438idmwdgsalida_1438	idmwdqelsalida_1438idmwdwsalida_1438idmweasalida_1438idmwegconstantessalida_1438idmweqsalida_1438idmwewdeletetextsalida_1438idsintaxissintaxissalida_1438idtopsalida_1438imagelinearsalida_1438
	importantsalida_1438importscriptsalida_1438initialsalida_1438intsalida_1438issalida_1438issalida_1438issalida_1438issuedsalida_1438jjsmodulesarticlelisthomejssalida_1438jjsmodulesdetailspolyfilljssalida_1438jjsmodulesimagesloadedminjssalida_1438jjsmodulesjqueryjssalida_1438jjsmodulesjsconfigvarsjssalida_1438jjsmodulesmasonryminjssalida_1438jjsmodulesmediawikijssalida_1438jjsmodulesscriptjssalida_1438jjsmodulessitejssalida_1438jjsmodulesstartupjssalida_1438jssalida_1438lasalida_1438lasalida_1438lassalida_1438	licensedsalida_1438lossalida_1438lossalida_1438ltrsalida_1438ltrsalida_1438ltrsalida_1438marginsalida_1438maysalida_1438mediasalida_1438mfsalida_1438mfsalida_1438minervasalida_1438mwsalida_1438mwsalida_1438mwsalida_1438mwsalida_1438mwsalida_1438mwsalida_1438mwsalida_1438nameviewportsalida_1438nssalida_1438nssalida_1438onsalida_1438outputsalida_1438paddingsalida_1438pagesalida_1438	pantallasalida_1438parasalida_1438parasalida_1438	parmetrosalida_1438parsersalida_1438	programasalida_1438pxsalida_1438quesalida_1438quesalida_1438quesalida_1438relstylesheetsalida_1438relstylesheetsalida_1438relstylesheetsalida_1438relstylesheetsalida_1438relstylesheetsalida_1438returnsalida_1438
sacreativesalida_1438scalesalida_1438scssmodulescontentparsoidcsssalida_1438scssmodulesextpygmentscsssalida_1438scssmodulesinsertedstylecsssalida_1438èùèõscssmodulesskinsminervabaseresetskinsminervacontentstylesextcitestylemobileapppagestylesandroidmediawikipagegallerystylesmediawikiskinningcontentparsoidcsssalida_1438scssmodulesstylecsssalida_1438sesalida_1438sesalida_1438sectionsalida_1438sectionsalida_1438sectionsalida_1438sectionsalida_1438
	sentenciasalida_1438
sharealikesalida_1438
	siguientesalida_1438sitejssalida_1438skinsalida_1438srcsalida_1438srcsalida_1438srcsalida_1438srcsalida_1438srcsalida_1438srcsalida_1438srcsalida_1438srcsalida_1438srcsalida_1438srcsalida_1438stablesalida_1438studiosalida_1438
	studioallsalida_1438studioayudasalida_1438studioconstantessalida_1438studiowritesalida_1438studiowritesalida_1438styleclearbothsalida_1438styledirectionsalida_1438subjectsalida_1438termssalida_1438textsalida_1438textsalida_1438textsalida_1438textsalida_1438textsalida_1438textossalida_1438textossalida_1438thesalida_1438thesalida_1438thesalida_1438thissalida_1438thissalida_1438tienesalida_1438
titleayudasalida_1438
titleayudasalida_1438
titleayudasalida_1438
titleayudasalida_1438
	titlelastsalida_1438tosalida_1438todossalida_1438topsalida_1438topsalida_1438typetextcsssalida_1438typetextcsssalida_1438typetextcsssalida_1438typetextcsssalida_1438typetextcsssalida_1438undersalida_1438usasalida_1438vsalida_1438valorsalida_1438viewsalida_1438	viewportsalida_1438visualizadossalida_1438whitesalida_1438widthsalida_1438
	wikibookssalida_1438ysalida_1438ˇˇå#œ