asalida_1161asalida_1161asalida_1161aaaaaasalida_1161actionsalida_1161
additionalsalida_1161	adquirirsalida_1161ahorasalida_1161	alternarsalida_1161
animationssalida_1161anlisissalida_1161apenassalida_1161aplicansalida_1161aplicarsalida_1161applysalida_1161aprendesalida_1161
aprenderlasalida_1161articlesalida_1161	asegurarsalida_1161attributionsalida_1161audiovisualessalida_1161
	autoridadsalida_1161autoritariosalida_1161avoidsalida_1161ayudassalida_1161
backgroundsalida_1161biensalida_1161blocksalida_1161blocksalida_1161bodysalida_1161bordersalida_1161brevesalida_1161canchasalida_1161
	capacidadsalida_1161
	carreterasalida_1161centersalida_1161
charsetutfsalida_1161	ciclismosalida_1161clarassalida_1161	claridadsalida_1161classsalida_1161classsalida_1161classsalida_1161classsalida_1161classsalida_1161classsalida_1161classsalida_1161classsalida_1161classsalida_1161classsalida_1161classsalida_1161classsalida_1161classsalida_1161classsalida_1161classclientsalida_1161classcontentsalida_1161classexternalsalida_1161classexternalsalida_1161classfeaturesalida_1161classmediawikisalida_1161classmwsalida_1161classsubpagessalida_1161clavessalida_1161cmosalida_1161
	colectivasalida_1161collapsiblesalida_1161
cometiendosalida_1161commonssalida_1161comosalida_1161comosalida_1161
comparacinsalida_1161complejidadsalida_1161consalida_1161consalida_1161consalida_1161
congruentesalida_1161constructivasalida_1161contentsalida_1161contentwidthdevicesalida_1161
	contrastesalida_1161	corporalsalida_1161	correctasalida_1161	correctasalida_1161	corregirsalida_1161corregirlossalida_1161corrigiendosalida_1161cuandosalida_1161cundosalida_1161dashedsalida_1161datasalida_1161desalida_1161desalida_1161desalida_1161desalida_1161desalida_1161desalida_1161desalida_1161desalida_1161desalida_1161desalida_1161desalida_1161desalida_1161desalida_1161desalida_1161desalida_1161desalida_1161debesalida_1161debesalida_1161debensalida_1161delsalida_1161demostracionessalida_1161demostracionessalida_1161demostracionessalida_1161demostracionessalida_1161demostrandosalida_1161
	demostrarsalida_1161dentrosalida_1161deportistassalida_1161desarrollarsalida_1161desarrollarsalida_1161desdesalida_1161	desempeosalida_1161despussalida_1161despussalida_1161difcilsalida_1161
	directionsalida_1161displaysalida_1161	distintosalida_1161distribuyendosalida_1161doblesalida_1161dossalida_1161editedsalida_1161eeesalida_1161	ejecutensalida_1161
ejerciciossalida_1161
ejerciciossalida_1161elsalida_1161elsalida_1161elsalida_1161elsalida_1161elsalida_1161elsalida_1161elsalida_1161eltsalida_1161emsalida_1161emsalida_1161emsalida_1161emsalida_1161emsalida_1161emptysalida_1161ensalida_1161ensalida_1161ensalida_1161ensalida_1161ensalida_1161ensayosalida_1161ensearsalida_1161
	entrenadosalida_1161equiposalida_1161errorsalida_1161errorsalida_1161errorsalida_1161essalida_1161essalida_1161essalida_1161
	escuchadosalida_1161espaciosalida_1161espaciosalida_1161estsalida_1161estesalida_1161estnsalida_1161
estratgicasalida_1161
	evaluacinsalida_1161	evitandosalida_1161
explicacinsalida_1161explicacionessalida_1161explicacionessalida_1161explicacionessalida_1161explicacionessalida_1161	explicarsalida_1161	expresinsalida_1161	expresinsalida_1161
extendersesalida_1161filasalida_1161filessalida_1161forsalida_1161formasalida_1161fromsalida_1161fromsalida_1161	functionsalida_1161fundamentacinsalida_1161
fundamentosalida_1161generalsalida_1161generalidadessalida_1161gestosalida_1161gradientdegsalida_1161gradossalida_1161gruposalida_1161
	habilidadsalida_1161
	habilidadsalida_1161
	habilidadsalida_1161habilidadessalida_1161hacerlosalida_1161headersalida_1161herramientasalida_1161hidesalida_1161hrefsalida_1161hrefsalida_1161hrefsalida_1161hrefsalida_1161hrefciclismoderutasalida_1161&%hrefhttpscreativecommonsorglicensesbysalida_1161NMhrefhttpseswikibooksorgwikiciclismoderutaftcacnicafelementospedagcbgicosoldidsalida_1161htdignoindexsalida_1161htdignoindexsalida_1161htmlsalida_1161idsalida_1161idbodycontentsalida_1161
	idcontentsalida_1161idmwsalida_1161idmwsalida_1161idmwsalida_1161idmwagsalida_1161idmwaqsalida_1161idmwawinstruccionessalida_1161
idmwbaparasalida_1161idmwbgobservarsalida_1161idmwbqsalida_1161idmwbwsalida_1161idmwcacorregirsalida_1161idmwcgutilizacinsalida_1161idmwcqsalida_1161idmwcwsalida_1161idmwdaorganizarsalida_1161idmwdgubicarsesalida_1161idmwdqsalida_1161idmwdwsalida_1161idmweacomunicacinsalida_1161idmwegactitudsalida_1161idmweqsalida_1161idmwewsalida_1161idmwfainstruccinsalida_1161idmwfgutilizarsalida_1161idmwfqsalida_1161idmwfwsalida_1161
	idmwgasersalida_1161idtopsalida_1161imagelinearsalida_1161
	importantsalida_1161
importantesalida_1161importscriptsalida_1161indiasalida_1161
individualsalida_1161initialsalida_1161instruccionessalida_1161introduciendosalida_1161issalida_1161issalida_1161issalida_1161issuedsalida_1161jjsmodulesarticlelisthomejssalida_1161jjsmodulesdetailspolyfilljssalida_1161jjsmodulesimagesloadedminjssalida_1161jjsmodulesjqueryjssalida_1161jjsmodulesjsconfigvarsjssalida_1161jjsmodulesmasonryminjssalida_1161jjsmodulesmediawikijssalida_1161jjsmodulesscriptjssalida_1161jjsmodulessitejssalida_1161jjsmodulesstartupjssalida_1161jssalida_1161juegossalida_1161lasalida_1161lasalida_1161lasalida_1161lasalida_1161lasalida_1161lasalida_1161lasalida_1161lasalida_1161lasalida_1161lassalida_1161lassalida_1161lassalida_1161lassalida_1161lassalida_1161lassalida_1161ldicasalida_1161	lenguajesalida_1161	licensedsalida_1161losalida_1161lossalida_1161lossalida_1161lossalida_1161lossalida_1161ltimosalida_1161ltrsalida_1161ltrsalida_1161luegosalida_1161luegosalida_1161luegosalida_1161manerasalida_1161manerasalida_1161manerasalida_1161manerasalida_1161manerasalida_1161marginsalida_1161maysalida_1161mediasalida_1161	mediantesalida_1161	mediantesalida_1161	mediantesalida_1161mensajesalida_1161metdicosalida_1161mfsalida_1161mfsalida_1161minervasalida_1161minutossalida_1161
	monitoressalida_1161mssalida_1161muysalida_1161mwsalida_1161mwsalida_1161mwsalida_1161nameviewportsalida_1161
	necesariosalida_1161niossalida_1161nosalida_1161nosalida_1161nssalida_1161nssalida_1161nuevasalida_1161osalida_1161osalida_1161osalida_1161osalida_1161osalida_1161osalida_1161observasalida_1161	ocupandosalida_1161onsalida_1161ordensalida_1161	ordenadasalida_1161outputsalida_1161paddingsalida_1161pagesalida_1161	palabrassalida_1161parasalida_1161parasalida_1161parasalida_1161parasalida_1161parasalida_1161parasalida_1161parasalida_1161parasalida_1161parejassalida_1161parsersalida_1161pasosalida_1161pasosalida_1161
pedaggicossalida_1161pensamientosalida_1161perfeccionarsalida_1161	permitirsalida_1161perosalida_1161
planificarsalida_1161porsalida_1161porsalida_1161porsalida_1161porsalida_1161prcticasalida_1161primerosalida_1161primerosalida_1161primerosalida_1161
	principalsalida_1161
procurandosalida_1161progresivossalida_1161puessalida_1161puessalida_1161pxsalida_1161qusalida_1161quesalida_1161quesalida_1161quesalida_1161quienessalida_1161relstylesheetsalida_1161relstylesheetsalida_1161relstylesheetsalida_1161relstylesheetsalida_1161
repetitivasalida_1161retroalimentarsalida_1161returnsalida_1161rutasalida_1161rutaciclismosalida_1161rutatcnicaelementossalida_1161ssalida_1161
sacreativesalida_1161scalesalida_1161scssmodulescontentparsoidcsssalida_1161scssmodulesinsertedstylecsssalida_1161èùèõscssmodulesskinsminervabaseresetskinsminervacontentstylesextcitestylemobileapppagestylesandroidmediawikipagegallerystylesmediawikiskinningcontentparsoidcsssalida_1161scssmodulesstylecsssalida_1161sesalida_1161sesalida_1161sesalida_1161sesalida_1161sesalida_1161sesalida_1161sesalida_1161sesalida_1161sesalida_1161seasalida_1161sectionsalida_1161seleccionarsalida_1161sersalida_1161sersalida_1161sersalida_1161sersalida_1161
sharealikesalida_1161sisalida_1161sinsalida_1161sitejssalida_1161skinsalida_1161slosalida_1161sntesissalida_1161sobransalida_1161solosalida_1161srcsalida_1161srcsalida_1161srcsalida_1161srcsalida_1161srcsalida_1161srcsalida_1161srcsalida_1161srcsalida_1161srcsalida_1161srcsalida_1161stablesalida_1161styleclearbothsalida_1161styledirectionsalida_1161subjectsalida_1161tambinsalida_1161tcnicasalida_1161tcnicasalida_1161tcnicassalida_1161tcnicassalida_1161tcnicossalida_1161termssalida_1161textsalida_1161textsalida_1161textsalida_1161textsalida_1161thesalida_1161thesalida_1161thesalida_1161thissalida_1161thissalida_1161titleciclismosalida_1161
	titlelastsalida_1161tosalida_1161tonosalida_1161topsalida_1161topsalida_1161
	transitarsalida_1161
	transmitesalida_1161tressalida_1161typetextcsssalida_1161typetextcsssalida_1161typetextcsssalida_1161typetextcsssalida_1161unsalida_1161unasalida_1161unasalida_1161unasalida_1161unasalida_1161undersalida_1161usadassalida_1161usandosalida_1161
utilizacinsalida_1161	utilizarsalida_1161	utilizarsalida_1161vsalida_1161vasalida_1161vasalida_1161verbalsalida_1161verbalsalida_1161verbalsalida_1161
	viceversasalida_1161viciossalida_1161viewsalida_1161	viewportsalida_1161visualizadosalida_1161vocalizacinsalida_1161whitesalida_1161widthsalida_1161
	wikibookssalida_1161ysalida_1161ysalida_1161ysalida_1161ysalida_1161ysalida_1161ysalida_1161ysalida_1161ysalida_1161ysalida_1161ysalida_1161yasalida_1161yosalida_1161yosalida_1161ˇˇós⁄