a
salida_224a
salida_224aaaaaa
salida_224aaden
salida_224aceite
salida_224action
salida_224
additional
salida_224adorna
salida_224aguardiente
salida_224aligncenter
salida_224aligncenter
salida_224aligncenter
salida_224aligncenter
salida_224aligncenter
salida_224aligncenter
salida_224aligncenter
salida_224aligncenter
salida_224aligncenter
salida_224aligncenternavegar
salida_224alignleftdificultad
salida_224
alignright
salida_224	aligntop
salida_224	aligntop
salida_224almidn
salida_224
animations
salida_224apply
salida_224artes
salida_224article
salida_224attribution
salida_224auto
salida_224auto
salida_224avoid
salida_224azcar
salida_224azcar
salida_224azcar
salida_224
background
salida_224
background
salida_224
background
salida_224baten
salida_224block
salida_224block
salida_224body
salida_224border
salida_224cambiar
salida_224carne
salida_224
	categoras
salida_224cellpadding
salida_224center
salida_224	cereales
salida_224cfdfcf
salida_224
charsetutf
salida_224chorro
salida_224claras
salida_224class
salida_224class
salida_224class
salida_224class
salida_224class
salida_224class
salida_224class
salida_224class
salida_224class
salida_224class
salida_224class
salida_224class
salida_224class
salida_224class
salida_224classclient
salida_224classcontent
salida_224classexternal
salida_224classexternal
salida_224classfeature
salida_224classmediawiki
salida_224classmw
salida_224classmw
salida_224classmw
salida_224classmw
salida_224classsubpages
salida_224collapsible
salida_224colordfdfef
salida_224colores
salida_224
	colorffff
salida_224colspanaves
salida_224commons
salida_224con
salida_224con
salida_224	confites
salida_224	confites
salida_224content
salida_224contentwidthdevice
salida_224continuacin
salida_224
culinarias
salida_224culinariasartes
salida_224! culinariasingredientesazcarazcar
salida_224#"culinariasingredientesharinaharina
salida_224"!culinariasingredienteshuevohuevos
salida_224'&culinariasingredienteslevaduralevadura
salida_224culinariasingredienteslimnlimn
salida_224culinariasrecetas
salida_224culinariasrecetasaa
salida_224culinariasrecetasbb
salida_224culinariasrecetasbollo
salida_224culinariasrecetascc
salida_224culinariasrecetasdd
salida_224culinariasrecetasee
salida_224culinariasrecetasff
salida_224culinariasrecetasgg
salida_224culinariasrecetasglosario
salida_224culinariasrecetashh
salida_224culinariasrecetasii
salida_224culinariasrecetasjj
salida_224culinariasrecetaskk
salida_224culinariasrecetasll
salida_224culinariasrecetasmm
salida_224culinariasrecetasnn
salida_224culinariasrecetasoo
salida_224culinariasrecetaspp
salida_224culinariasrecetasqq
salida_224culinariasrecetasrr
salida_224culinariasrecetasss
salida_224culinariasrecetastt
salida_224culinariasrecetasuu
salida_224culinariasrecetasvv
salida_224culinariasrecetasww
salida_224culinariasrecetasxx
salida_224culinariasrecetasyy
salida_224culinariasrecetaszz
salida_224dashed
salida_224data
salida_224data
salida_224data
salida_224data
salida_224data
salida_224data
salida_224data
salida_224data
salida_224data
salida_224data
salida_224de
salida_224de
salida_224de
salida_224de
salida_224de
salida_224de
salida_224de
salida_224default
salida_224default
salida_224default
salida_224dfdfdf
salida_224
	direction
salida_224display
salida_224edited
salida_224eee
salida_224elt
salida_224em
salida_224em
salida_224em
salida_224em
salida_224em
salida_224em
salida_224em
salida_224em
salida_224em
salida_224em
salida_224em
salida_224empty
salida_224
enharinado
salida_224error
salida_224file
salida_224file
salida_224file
salida_224file
salida_224file
salida_224file
salida_224file
salida_224file
salida_224file
salida_224files
salida_224fino
salida_224fino
salida_224for
salida_224from
salida_224from
salida_224frutas
salida_224	function
salida_224g
salida_224g
salida_224
geogrficas
salida_224gradientdeg
salida_224gramos
salida_224header
salida_224height
salida_224height
salida_224height
salida_224height
salida_224height
salida_224height
salida_224hide
salida_224href
salida_224href
salida_224href
salida_224href
salida_224hrefartesculinarias
salida_224*)hrefartesculinariasfingredientesfazcbacar
salida_224('hrefartesculinariasfingredientesfharina
salida_224'&hrefartesculinariasfingredientesfhuevo
salida_224*)hrefartesculinariasfingredientesflevadura
salida_224('hrefartesculinariasfingredientesflimcbn
salida_224hrefartesculinariasfrecetas
salida_224hrefartesculinariasfrecetasfa
salida_224hrefartesculinariasfrecetasfb
salida_224hrefartesculinariasfrecetasfc
salida_224hrefartesculinariasfrecetasfc
salida_224hrefartesculinariasfrecetasfd
salida_224hrefartesculinariasfrecetasfe
salida_224hrefartesculinariasfrecetasff
salida_224hrefartesculinariasfrecetasfg
salida_224hrefartesculinariasfrecetasfh
salida_224hrefartesculinariasfrecetasfi
salida_224hrefartesculinariasfrecetasfj
salida_224hrefartesculinariasfrecetasfk
salida_224hrefartesculinariasfrecetasfl
salida_224hrefartesculinariasfrecetasfm
salida_224hrefartesculinariasfrecetasfn
salida_224hrefartesculinariasfrecetasfo
salida_224hrefartesculinariasfrecetasfp
salida_224hrefartesculinariasfrecetasfq
salida_224hrefartesculinariasfrecetasfr
salida_224hrefartesculinariasfrecetasfs
salida_224hrefartesculinariasfrecetasft
salida_224hrefartesculinariasfrecetasfu
salida_224hrefartesculinariasfrecetasfv
salida_224hrefartesculinariasfrecetasfw
salida_224hrefartesculinariasfrecetasfx
salida_224hrefartesculinariasfrecetasfy
salida_224hrefartesculinariasfrecetasfz
salida_224&%hrefhttpscreativecommonsorglicensesby
salida_224EDhrefhttpseswikibooksorgwikiartesculinariasfrecetasfbollomaimcbnoldid
salida_224htdignoindex
salida_224htdignoindex
salida_224html
salida_224id
salida_224idbodycontent
salida_224
	idcontent
salida_224idmw
salida_224idmw
salida_224idmw
salida_224idmwag
salida_224idmwaq
salida_224idtoc
salida_224idtoc
salida_224idtop
salida_224imagelinear
salida_224
	important
salida_224importscript
salida_224ingredientes
salida_224initial
salida_224inline
salida_224inline
salida_224inline
salida_224inline
salida_224inline
salida_224inline
salida_224is
salida_224is
salida_224is
salida_224issued
salida_224jjsmodulesarticlelisthomejs
salida_224jjsmodulesdetailspolyfilljs
salida_224jjsmodulesimagesloadedminjs
salida_224jjsmodulesjqueryjs
salida_224jjsmodulesjsconfigvarsjs
salida_224jjsmodulesmasonryminjs
salida_224jjsmodulesmediawikijs
salida_224jjsmodulesscriptjs
salida_224jjsmodulessitejs
salida_224jjsmodulesstartupjs
salida_224js
salida_224las
salida_224las
salida_224
	legumbres
salida_224	licensed
salida_224ltr
salida_224ltr
salida_224maimn
salida_224manteca
salida_224margin
salida_224	mariscos
salida_224may
salida_224media
salida_224mf
salida_224mf
salida_224minerva
salida_224minutos
salida_224molde
salida_224mw
salida_224mw
salida_224mw
salida_224nameviewport
salida_224nieve
salida_224ns
salida_224ns
salida_224o
salida_224on
salida_224output
salida_224padding
salida_224
	paddingem
salida_224
	paddingem
salida_224page
salida_224parser
salida_224	personas
salida_224	pescados
salida_224pone
salida_224por
salida_224postres
salida_224procedimiento
salida_224punto
salida_224px
salida_224	rayadura
salida_224recetas
salida_224	regmenes
salida_224relstylesheet
salida_224relstylesheet
salida_224relstylesheet
salida_224relstylesheet
salida_224return
salida_224rowspan
salida_224
sacreative
salida_224scale
salida_224scssmodulescontentparsoidcss
salida_224scssmodulesinsertedstylecss
salida_224èùèõscssmodulesskinsminervabaseresetskinsminervacontentstylesextcitestylemobileapppagestylesandroidmediawikipagegallerystylesmediawikiskinningcontentparsoidcss
salida_224scssmodulesstylecss
salida_224se
salida_224se
salida_224se
salida_224se
salida_224section
salida_224setas
salida_224
sharealike
salida_224sitejs
salida_224size
salida_224size
salida_224size
salida_224size
salida_224size
salida_224skin
salida_224solid
salida_224solid
salida_224src
salida_224src
salida_224src
salida_224src
salida_224src
salida_224src
salida_224src
salida_224src
salida_224src
salida_224src
salida_224srcimnoiaappskfmpng
salida_224srcimnoiaappsxclockpng
salida_224srcimodotssvgpng
salida_224stable
salida_224stylebackgroundccccff
salida_224stylebackgroundccccff
salida_224styleborderpx
salida_224styleborderpx
salida_224styleclearboth
salida_224styleclearboth
salida_224styledirection
salida_224
	stylefont
salida_224
	stylefont
salida_224stylemargin
salida_224stylemargin
salida_224stylevertical
salida_224stylevertical
salida_224
stylewidth
salida_224subject
salida_224terms
salida_224text
salida_224text
salida_224text
salida_224text
salida_224the
salida_224the
salida_224the
salida_224this
salida_224this
salida_224
titleartes
salida_224
titleartes
salida_224
titleartes
salida_224
titleartes
salida_224
titleartes
salida_224
titleartes
salida_224
titleartes
salida_224
titleartes
salida_224
titleartes
salida_224
titleartes
salida_224
titleartes
salida_224
titleartes
salida_224
titleartes
salida_224
titleartes
salida_224
titleartes
salida_224
titleartes
salida_224
titleartes
salida_224
titleartes
salida_224
titleartes
salida_224
titleartes
salida_224
titleartes
salida_224
titleartes
salida_224
titleartes
salida_224
titleartes
salida_224
titleartes
salida_224
titleartes
salida_224
titleartes
salida_224
titleartes
salida_224
titleartes
salida_224
titleartes
salida_224
titleartes
salida_224
titleartes
salida_224
titleartes
salida_224
titleartes
salida_224
	titlelast
salida_224to
salida_224top
salida_224top
salida_224
typebitmap
salida_224
typebitmap
salida_224typedrawing
salida_224typetextcss
salida_224typetextcss
salida_224typetextcss
salida_224typetextcss
salida_224uglas
salida_224un
salida_224un
salida_224under
salida_224untado
salida_224v
salida_224	verduras
salida_224view
salida_224	viewport
salida_224white
salida_224width
salida_224width
salida_224width
salida_224width
salida_224width
salida_224width
salida_224width
salida_224width
salida_224
	wikibooks
salida_224y
salida_224y
salida_224y
salida_224y
salida_224yemas
salida_224zonas
salida_224ˇˇ¿–Î