aaaaaasalida_2271aadesalida_2271abransalida_2271aceitesalida_2271actionsalida_2271
additionalsalida_2271
	agregamossalida_2271ajosalida_2271alsalida_2271aligncentersalida_2271aligncentersalida_2271aligncentersalida_2271aligncentersalida_2271aligncentersalida_2271aligncentersalida_2271aligncentersalida_2271aligncentersalida_2271aligncentersalida_2271aligncenternavegarsalida_2271alignleftdificultadsalida_2271
alignrightsalida_2271	aligntopsalida_2271	aligntopsalida_2271
animationssalida_2271applysalida_2271artessalida_2271articlesalida_2271asadosalida_2271asamossalida_2271attributionsalida_2271autosalida_2271autosalida_2271avoidsalida_2271
backgroundsalida_2271
backgroundsalida_2271
backgroundsalida_2271blocksalida_2271blocksalida_2271bodysalida_2271bordersalida_2271cabezassalida_2271cabezassalida_2271cabezassalida_2271carnesalida_2271
	carnecerasalida_2271
	categorassalida_2271cellpaddingsalida_2271centersalida_2271	cerealessalida_2271cfdfcfsalida_2271
charsetutfsalida_2271classsalida_2271classsalida_2271classsalida_2271classsalida_2271classsalida_2271classsalida_2271classsalida_2271classsalida_2271classsalida_2271classsalida_2271classsalida_2271classsalida_2271classsalida_2271classsalida_2271classclientsalida_2271classcontentsalida_2271classexternalsalida_2271classexternalsalida_2271classfeaturesalida_2271classmediawikisalida_2271classmwsalida_2271classmwsalida_2271classmwsalida_2271classmwsalida_2271classsubpagessalida_2271collapsiblesalida_2271
	colocamossalida_2271colordfdfefsalida_2271
	colorffffsalida_2271colspanavessalida_2271commonssalida_2271contentsalida_2271contentwidthdevicesalida_2271corderosalida_2271corderosalida_2271cuandosalida_2271
culinariassalida_2271culinariasartessalida_2271#"culinariasingredientesaceiteaceitesalida_2271culinariasingredientesajoajosalida_2271$#culinariasingredientespatatapatatassalida_2271%$culinariasingredientesperejilperejilsalida_2271culinariasingredientessalsalsalida_2271culinariasrecetassalida_2271culinariasrecetasaasalida_2271culinariasrecetasbbsalida_2271culinariasrecetascabezassalida_2271culinariasrecetasccsalida_2271culinariasrecetasddsalida_2271culinariasrecetaseesalida_2271culinariasrecetasffsalida_2271culinariasrecetasggsalida_2271culinariasrecetasglosariosalida_2271culinariasrecetashhsalida_2271culinariasrecetasiisalida_2271culinariasrecetasjjsalida_2271culinariasrecetaskksalida_2271culinariasrecetasllsalida_2271culinariasrecetasmmsalida_2271culinariasrecetasnnsalida_2271culinariasrecetasoosalida_2271culinariasrecetasppsalida_2271culinariasrecetasqqsalida_2271culinariasrecetasrrsalida_2271culinariasrecetassssalida_2271culinariasrecetasttsalida_2271culinariasrecetasuusalida_2271culinariasrecetasvvsalida_2271culinariasrecetaswwsalida_2271culinariasrecetasxxsalida_2271culinariasrecetasyysalida_2271culinariasrecetaszzsalida_2271dashedsalida_2271datasalida_2271datasalida_2271datasalida_2271datasalida_2271datasalida_2271datasalida_2271datasalida_2271datasalida_2271datasalida_2271datasalida_2271desalida_2271desalida_2271desalida_2271desalida_2271desalida_2271defaultsalida_2271defaultsalida_2271defaultsalida_2271dfdfdfsalida_2271dientessalida_2271
	directionsalida_2271displaysalida_2271editedsalida_2271eeesalida_2271elsalida_2271elsalida_2271elsalida_2271eltsalida_2271emsalida_2271emsalida_2271emsalida_2271emsalida_2271emsalida_2271emsalida_2271emsalida_2271emsalida_2271emsalida_2271emsalida_2271emsalida_2271emptysalida_2271ensalida_2271ensalida_2271ensalida_2271errorsalida_2271estasalida_2271estosalida_2271filesalida_2271filesalida_2271filesalida_2271filesalida_2271filesalida_2271filesalida_2271filesalida_2271filesalida_2271filesalida_2271filessalida_2271forsalida_2271fromsalida_2271fromsalida_2271frutassalida_2271	functionsalida_2271
geogrficassalida_2271gradientdegsalida_2271headersalida_2271heightsalida_2271heightsalida_2271heightsalida_2271heightsalida_2271heightsalida_2271heightsalida_2271hidesalida_2271horasalida_2271hornosalida_2271hornosalida_2271hornosalida_2271hrefsalida_2271hrefsalida_2271hrefsalida_2271hrefsalida_2271hrefartesculinariassalida_2271('hrefartesculinariasfingredientesfaceitesalida_2271%$hrefartesculinariasfingredientesfajosalida_2271('hrefartesculinariasfingredientesfpatatasalida_2271)(hrefartesculinariasfingredientesfperejilsalida_2271%$hrefartesculinariasfingredientesfsalsalida_2271hrefartesculinariasfrecetassalida_2271hrefartesculinariasfrecetasfasalida_2271hrefartesculinariasfrecetasfbsalida_2271hrefartesculinariasfrecetasfcsalida_2271hrefartesculinariasfrecetasfcsalida_2271hrefartesculinariasfrecetasfdsalida_2271hrefartesculinariasfrecetasfesalida_2271hrefartesculinariasfrecetasffsalida_2271hrefartesculinariasfrecetasfgsalida_2271hrefartesculinariasfrecetasfhsalida_2271hrefartesculinariasfrecetasfisalida_2271hrefartesculinariasfrecetasfjsalida_2271hrefartesculinariasfrecetasfksalida_2271hrefartesculinariasfrecetasflsalida_2271hrefartesculinariasfrecetasfmsalida_2271hrefartesculinariasfrecetasfnsalida_2271hrefartesculinariasfrecetasfosalida_2271hrefartesculinariasfrecetasfpsalida_2271hrefartesculinariasfrecetasfqsalida_2271hrefartesculinariasfrecetasfrsalida_2271hrefartesculinariasfrecetasfssalida_2271hrefartesculinariasfrecetasftsalida_2271hrefartesculinariasfrecetasfusalida_2271hrefartesculinariasfrecetasfvsalida_2271hrefartesculinariasfrecetasfwsalida_2271hrefartesculinariasfrecetasfxsalida_2271hrefartesculinariasfrecetasfysalida_2271hrefartesculinariasfrecetasfzsalida_2271&%hrefhttpscreativecommonsorglicensesbysalida_2271POhrefhttpseswikibooksorgwikiartesculinariasfrecetasfcabezasdecorderoalhornooldidsalida_2271htdignoindexsalida_2271htdignoindexsalida_2271htmlsalida_2271idsalida_2271idbodycontentsalida_2271
	idcontentsalida_2271idmwsalida_2271idmwsalida_2271idmwsalida_2271idmwagsalida_2271idmwaqsalida_2271idtocsalida_2271idtocsalida_2271idtopsalida_2271imagelinearsalida_2271
	importantsalida_2271importscriptsalida_2271ingredientessalida_2271initialsalida_2271inlinesalida_2271inlinesalida_2271inlinesalida_2271inlinesalida_2271inlinesalida_2271inlinesalida_2271issalida_2271issalida_2271issalida_2271issuedsalida_2271jjsmodulesarticlelisthomejssalida_2271jjsmodulesdetailspolyfilljssalida_2271jjsmodulesimagesloadedminjssalida_2271jjsmodulesjqueryjssalida_2271jjsmodulesjsconfigvarsjssalida_2271jjsmodulesmasonryminjssalida_2271jjsmodulesmediawikijssalida_2271jjsmodulesscriptjssalida_2271jjsmodulessitejssalida_2271jjsmodulesstartupjssalida_2271jssalida_2271lasalida_2271lassalida_2271lassalida_2271lassalida_2271lavansalida_2271lechosalida_2271
	legumbressalida_2271	licensedsalida_2271ltrsalida_2271ltrsalida_2271marginsalida_2271	mariscossalida_2271maysalida_2271mediasalida_2271mfsalida_2271mfsalida_2271minervasalida_2271mitadsalida_2271mwsalida_2271mwsalida_2271mwsalida_2271nameviewportsalida_2271nossalida_2271nssalida_2271nssalida_2271onsalida_2271outputsalida_2271paddingsalida_2271
	paddingemsalida_2271
	paddingemsalida_2271pagesalida_2271parsersalida_2271patatassalida_2271perejilsalida_2271	personassalida_2271	pescadossalida_2271picadasalida_2271pidesalida_2271ponemossalida_2271porsalida_2271porsalida_2271postressalida_2271prcticamentesalida_2271procedimientosalida_2271pxsalida_2271quesalida_2271recetassalida_2271	regmenessalida_2271relstylesheetsalida_2271relstylesheetsalida_2271relstylesheetsalida_2271relstylesheetsalida_2271returnsalida_2271rowspansalida_2271
sacreativesalida_2271salsalida_2271sazonansalida_2271scalesalida_2271scssmodulescontentparsoidcsssalida_2271scssmodulesinsertedstylecsssalida_2271èùèõscssmodulesskinsminervabaseresetskinsminervacontentstylesextcitestylemobileapppagestylesandroidmediawikipagegallerystylesmediawikiskinningcontentparsoidcsssalida_2271scssmodulesstylecsssalida_2271sesalida_2271sesalida_2271sesalida_2271sesalida_2271sectionsalida_2271setassalida_2271
sharealikesalida_2271sitejssalida_2271sizesalida_2271sizesalida_2271sizesalida_2271sizesalida_2271sizesalida_2271skinsalida_2271sobresalida_2271solidsalida_2271solidsalida_2271srcsalida_2271srcsalida_2271srcsalida_2271srcsalida_2271srcsalida_2271srcsalida_2271srcsalida_2271srcsalida_2271srcsalida_2271srcsalida_2271srcimnoiaappskfmpngsalida_2271srcimnoiaappsxclockpngsalida_2271srcimodotssvgpngsalida_2271stablesalida_2271stylebackgroundccccffsalida_2271stylebackgroundccccffsalida_2271styleborderpxsalida_2271styleborderpxsalida_2271styleclearbothsalida_2271styleclearbothsalida_2271styledirectionsalida_2271
	stylefontsalida_2271
	stylefontsalida_2271stylemarginsalida_2271stylemarginsalida_2271styleverticalsalida_2271styleverticalsalida_2271
stylewidthsalida_2271subjectsalida_2271termssalida_2271textsalida_2271textsalida_2271textsalida_2271textsalida_2271thesalida_2271thesalida_2271thesalida_2271thissalida_2271thissalida_2271
titleartessalida_2271
titleartessalida_2271
titleartessalida_2271
titleartessalida_2271
titleartessalida_2271
titleartessalida_2271
titleartessalida_2271
titleartessalida_2271
titleartessalida_2271
titleartessalida_2271
titleartessalida_2271
titleartessalida_2271
titleartessalida_2271
titleartessalida_2271
titleartessalida_2271
titleartessalida_2271
titleartessalida_2271
titleartessalida_2271
titleartessalida_2271
titleartessalida_2271
titleartessalida_2271
titleartessalida_2271
titleartessalida_2271
titleartessalida_2271
titleartessalida_2271
titleartessalida_2271
titleartessalida_2271
titleartessalida_2271
titleartessalida_2271
titleartessalida_2271
titleartessalida_2271
titleartessalida_2271
titleartessalida_2271
titleartessalida_2271
	titlelastsalida_2271tosalida_2271topsalida_2271topsalida_2271
typebitmapsalida_2271
typebitmapsalida_2271typedrawingsalida_2271typetextcsssalida_2271typetextcsssalida_2271typetextcsssalida_2271typetextcsssalida_2271unsalida_2271unasalida_2271undersalida_2271vsalida_2271	verdurassalida_2271viewsalida_2271	viewportsalida_2271whitesalida_2271widthsalida_2271widthsalida_2271widthsalida_2271widthsalida_2271widthsalida_2271widthsalida_2271widthsalida_2271widthsalida_2271
	wikibookssalida_2271ysalida_2271ysalida_2271ysalida_2271ysalida_2271zonassalida_2271ˇˇ0£°'