asalida_2227asalida_2227asalida_2227asalida_2227asalida_2227asalida_2227aaaaaasalida_2227actionsalida_2227addingsalida_2227
additionalsalida_2227aftersalida_2227allsalida_2227alsosalida_2227ansalida_2227ansalida_2227andsalida_2227andsalida_2227andsalida_2227andsalida_2227andsalida_2227andsalida_2227andsalida_2227andsalida_2227
animationssalida_2227applysalida_2227aresalida_2227articlesalida_2227
	asistentesalida_2227
	assistantsalida_2227
	assistantsalida_2227
	assistantsalida_2227attributionsalida_2227automaticallysalida_2227avoidsalida_2227
backgroundsalida_2227besalida_2227becausesalida_2227blocksalida_2227blocksalida_2227bodysalida_2227bordersalida_2227browsersalida_2227browsersalida_2227builtinsalida_2227butsalida_2227bysalida_2227csalida_2227csalida_2227csalida_2227csalida_2227csalida_2227cansalida_2227cansalida_2227capabilitiessalida_2227centersalida_2227
charsetutfsalida_2227classsalida_2227classsalida_2227classsalida_2227classsalida_2227classsalida_2227classsalida_2227classsalida_2227classsalida_2227classsalida_2227classsalida_2227classsalida_2227classsalida_2227classsalida_2227classsalida_2227classclientsalida_2227classcontentsalida_2227classexternalsalida_2227classexternalsalida_2227classfeaturesalida_2227classmediawikisalida_2227classmwsalida_2227classmwsalida_2227classsubpagessalida_2227codesalida_2227codesalida_2227codesalida_2227collapsiblesalida_2227comessalida_2227comessalida_2227commonssalida_2227	compilersalida_2227consalida_2227consalida_2227consalida_2227contentsalida_2227contentwidthdevicesalida_2227createsalida_2227
customizedsalida_2227dashedsalida_2227datasalida_2227desalida_2227desalida_2227desalida_2227	designersalida_2227	designersalida_2227	designersalida_2227	designersalida_2227	designersalida_2227
	designingsalida_2227
	developersalida_2227dialogssalida_2227
	directionsalida_2227	diseadorsalida_2227diseosalida_2227diseosalida_2227diseosalida_2227displaysalida_2227editedsalida_2227eeesalida_2227eltsalida_2227emsalida_2227emsalida_2227emsalida_2227emsalida_2227emsalida_2227emptysalida_2227ensalida_2227ensalida_2227ensalida_2227errorsalida_2227
extensiblesalida_2227filesalida_2227filesalida_2227filessalida_2227filessalida_2227filessalida_2227filessalida_2227	finishedsalida_2227
	followingsalida_2227forsalida_2227forsalida_2227forsalida_2227formssalida_2227fromsalida_2227fromsalida_2227fromsalida_2227fromsalida_2227	fromfilesalida_2227	functionsalida_2227
	generatedsalida_2227
	generatessalida_2227
	generatessalida_2227getssalida_2227gradientdegsalida_2227headersalida_2227helpsalida_2227hidesalida_2227hrefsalida_2227hrefsalida_2227hrefsalida_2227hrefsalida_2227&%hrefhttpscreativecommonsorglicensesbysalida_2227bahrefhttpseswikibooksorgwikiintroduccicbnapatronesdedisecboencbbconqtfcasistenteqtydisecbadoroldidsalida_2227.-hrefintroduccicbnapatronesdedisecboencbbconqtsalida_2227htdignoindexsalida_2227htdignoindexsalida_2227htmlsalida_2227idsalida_2227idsalida_2227idbodycontentsalida_2227
	idcontentsalida_2227idmwsalida_2227idmwsalida_2227idmwsalida_2227idmwaqsalida_2227idmwbasalida_2227idmwbgsalida_2227idmwbqcsalida_2227	idmwbwqtsalida_2227idmwcaassistantsalida_2227idmwcgwidgetnameuisalida_2227idmwcqdesignersalida_2227idmwcwsalida_2227idmwdasalida_2227idmwdgsalida_2227idmwdqprojectnameprosalida_2227idmwdwwidgetnameuihsalida_2227idmweasalida_2227idmwegsalida_2227	idmweqqtsalida_2227idmwfgsalida_2227idmwfqsalida_2227idmwfwsalida_2227idtopsalida_2227imagelinearsalida_2227
	importantsalida_2227importscriptsalida_2227insalida_2227indexsalida_2227initialsalida_2227	insertedsalida_2227intosalida_2227introduccinsalida_2227issalida_2227issalida_2227issalida_2227issalida_2227issalida_2227issuedsalida_2227itsalida_2227itsalida_2227jjsmodulesarticlelisthomejssalida_2227jjsmodulesdetailspolyfilljssalida_2227jjsmodulesimagesloadedminjssalida_2227jjsmodulesjqueryjssalida_2227jjsmodulesjsconfigvarsjssalida_2227jjsmodulesmasonryminjssalida_2227jjsmodulesmediawikijssalida_2227jjsmodulesscriptjssalida_2227jjsmodulessitejssalida_2227jjsmodulesstartupjssalida_2227jssalida_2227latestsalida_2227laysalida_2227	licensedsalida_2227ltrsalida_2227ltrsalida_2227makesalida_2227	makefilesalida_2227
manipulatesalida_2227marginsalida_2227maysalida_2227meantsalida_2227mediasalida_2227mfsalida_2227mfsalida_2227minervasalida_2227mostsalida_2227mwsalida_2227mwsalida_2227mwsalida_2227nameviewportsalida_2227notsalida_2227nssalida_2227nssalida_2227objectssalida_2227ofsalida_2227ofsalida_2227ofsalida_2227onsalida_2227onsalida_2227onlysalida_2227opensalida_2227orsalida_2227outsalida_2227outputsalida_2227paddingsalida_2227pagesalida_2227parsersalida_2227	patronessalida_2227	patronessalida_2227	patronessalida_2227permitssalida_2227projectsalida_2227projectsalida_2227	projectssalida_2227
propertiessalida_2227	providessalida_2227pxsalida_2227qmakesalida_2227qmakesalida_2227qtsalida_2227qtsalida_2227qtsalida_2227qtsalida_2227qtsalida_2227qtsalida_2227qtcsalida_2227
qtdesignersalida_2227qtdesignerxmlsalida_2227qtintroduccinsalida_2227
referencessalida_2227
referencessalida_2227relstylesheetsalida_2227relstylesheetsalida_2227relstylesheetsalida_2227relstylesheetsalida_2227
representssalida_2227returnsalida_2227runsalida_2227runssalida_2227ssalida_2227ssalida_2227
sacreativesalida_2227scalesalida_2227scssmodulescontentparsoidcsssalida_2227scssmodulesinsertedstylecsssalida_2227èùèõscssmodulesskinsminervabaseresetskinsminervacontentstylesextcitestylemobileapppagestylesandroidmediawikipagegallerystylesmediawikiskinningcontentparsoidcsssalida_2227scssmodulesstylecsssalida_2227searchsalida_2227sectionsalida_2227
sharealikesalida_2227
	showcasessalida_2227similarsalida_2227sitejssalida_2227skinsalida_2227sourcesalida_2227srcsalida_2227srcsalida_2227srcsalida_2227srcsalida_2227srcsalida_2227srcsalida_2227srcsalida_2227srcsalida_2227srcsalida_2227srcsalida_2227stablesalida_2227styleclearbothsalida_2227styledirectionsalida_2227subjectsalida_2227	supportssalida_2227termssalida_2227textsalida_2227textsalida_2227textsalida_2227textsalida_2227thatsalida_2227thesalida_2227thesalida_2227thesalida_2227thesalida_2227thesalida_2227thesalida_2227thesalida_2227thesalida_2227thissalida_2227thissalida_2227thissalida_2227titleintroduccinsalida_2227
	titlelastsalida_2227tosalida_2227tosalida_2227tosalida_2227tosalida_2227tosalida_2227toolssalida_2227topsalida_2227topsalida_2227treesalida_2227
	tutorialssalida_2227twosalida_2227typetextcsssalida_2227typetextcsssalida_2227typetextcsssalida_2227typetextcsssalida_2227uisalida_2227uisalida_2227uisalida_2227uicsalida_2227uicsalida_2227uicsalida_2227uicsalida_2227undersalida_2227usingsalida_2227vsalida_2227varioussalida_2227versionsalida_2227viewsalida_2227	viewportsalida_2227websalida_2227whichsalida_2227whichsalida_2227whitesalida_2227widgetssalida_2227widgetssalida_2227widthsalida_2227
	wikibookssalida_2227withsalida_2227withsalida_2227writesalida_2227xmlsalida_2227xmlsalida_2227ysalida_2227yousalida_2227yousalida_2227yousalida_2227yoursalida_2227ˇˇ_JK