asalida_7892asalida_7892aaaaaasalida_7892actionsalida_7892
	activacinsalida_7892
additionalsalida_7892alertsalida_7892algnsalida_7892
animationssalida_7892
	aplicacinsalida_7892applysalida_7892articlesalida_7892aspectosalida_7892attributionsalida_7892avoidsalida_7892
backgroundsalida_7892besalida_7892blocksalida_7892blocksalida_7892bodysalida_7892bordersalida_7892cargasalida_7892cargasalida_7892cargasalida_7892cargasalida_7892cargasalida_7892cargarsalida_7892centersalida_7892
charsetutfsalida_7892ciertosalida_7892classsalida_7892classsalida_7892classsalida_7892classsalida_7892classsalida_7892classsalida_7892classsalida_7892classsalida_7892classsalida_7892classsalida_7892classsalida_7892classsalida_7892classsalida_7892classsalida_7892classsalida_7892classclientsalida_7892classcontentsalida_7892classexternalsalida_7892classexternalsalida_7892classfeaturesalida_7892classmediawikisalida_7892classmwsalida_7892classmwsalida_7892classmwsalida_7892classnaeveventsalida_7892classnalangsalida_7892classnaresourcesalida_7892classntsalida_7892classntsalida_7892classntsalida_7892classntsourcesalida_7892classntxfactionsalida_7892classntxfactionsalida_7892classntxflabelsalida_7892classntxflabelrunsalida_7892classntxfloadsalida_7892classntxftriggersalida_7892classntxftriggersalida_7892classsdomactivatesalida_7892classsjavascriptmyjavascriptsalida_7892classsubpagessalida_7892
	classsxmlsalida_7892collapsiblesalida_7892commonssalida_7892consalida_7892contentsalida_7892contentsalida_7892contentsalida_7892contentwidthdevicesalida_7892continuacinsalida_7892cuandosalida_7892dashedsalida_7892datasalida_7892datasalida_7892datasalida_7892datossalida_7892datossalida_7892desalida_7892desalida_7892desalida_7892desalida_7892desalida_7892desalida_7892desalida_7892desalida_7892desalida_7892desalida_7892desalida_7892desalida_7892desalida_7892desalida_7892desalida_7892delsalida_7892dentrosalida_7892dentrosalida_7892
diferenciasalida_7892dinmicamentesalida_7892dinmicamentesalida_7892
	directionsalida_7892dirltrsalida_7892dirltrsalida_7892
disparadorsalida_7892displaysalida_7892	documentsalida_7892documentgetelementbyididsalida_7892editedsalida_7892eeesalida_7892
	ejecutadosalida_7892ejemplosalida_7892ejemplosalida_7892ejemplosalida_7892ejemplosalida_7892elsalida_7892elsalida_7892elsalida_7892elsalida_7892elsalida_7892elsalida_7892elementsalida_7892elementsalida_7892elementsalida_7892	elementosalida_7892	elementosalida_7892
	elementossalida_7892eltsalida_7892emsalida_7892emsalida_7892emsalida_7892emsalida_7892emsalida_7892emptysalida_7892ensalida_7892ensalida_7892ensalida_7892errorsalida_7892essalida_7892especialmentesalida_7892estsalida_7892estasalida_7892estasalida_7892estesalida_7892estosalida_7892estosalida_7892excepcionessalida_7892exposessalida_7892filessalida_7892forsalida_7892forsalida_7892fromsalida_7892fromsalida_7892fromsalida_7892fromsalida_7892funcinsalida_7892funcinsalida_7892funcinsalida_7892funcinsalida_7892funcionalidadsalida_7892
	funcionessalida_7892	functionsalida_7892funtionsalida_7892getsalida_7892gradientdegsalida_7892hacensalida_7892hastasalida_7892headersalida_7892hellosalida_7892hidesalida_7892
	highlightsalida_7892
	highlightsalida_7892hrefsalida_7892hrefsalida_7892hrefsalida_7892hrefsalida_7892hrefsalida_7892&%hrefhttpscreativecommonsorglicensesbysalida_7892@?hrefhttpseswikibooksorgwikixformsfvalidacicbnconjavascriptoldidsalida_7892
hrefxformssalida_7892htdignoindexsalida_7892htdignoindexsalida_7892htmlsalida_7892idsalida_7892idsalida_7892idsalida_7892idbodycontentsalida_7892
	idcontentsalida_7892idmotivacinmotivacinsalida_7892idmwsalida_7892idmwsalida_7892idmwsalida_7892idmwagsalida_7892idmwaqsalida_7892	idmwawensalida_7892	idmwbaensalida_7892
	idmwbgaqusalida_7892idmwbqsalida_7892idmwcgsalida_7892idmwcqsalida_7892idmwdqasalida_7892idmweasalida_7892idmweqsalida_7892idmwfatambinsalida_7892idmwfgsalida_7892idmwfqsalida_7892idmwfwfunctionsalida_7892idmwggcuandosalida_7892idprogramadeejemploprogramasalida_7892idtopsalida_7892ifsalida_7892imagelinearsalida_7892
	importantsalida_7892importscriptsalida_7892initialsalida_7892	instancesalida_7892	instancesalida_7892	instancesalida_7892	instancesalida_7892instanceelementsalida_7892instanceelementnullsalida_7892/.instanceelementparentnodegetinstancedocumentidsalida_7892
	instanciasalida_7892issalida_7892issalida_7892issalida_7892issuedsalida_7892
javascriptsalida_7892
javascriptsalida_7892
javascriptsalida_7892
javascriptsalida_7892
javascriptsalida_7892
javascriptsalida_7892
javascriptsalida_7892
javascriptsalida_7892
javascriptsalida_7892jjsmodulesarticlelisthomejssalida_7892jjsmodulesdetailspolyfilljssalida_7892jjsmodulesimagesloadedminjssalida_7892jjsmodulesjqueryjssalida_7892jjsmodulesjsconfigvarsjssalida_7892jjsmodulesmasonryminjssalida_7892jjsmodulesmediawikijssalida_7892jjsmodulesscriptjssalida_7892jjsmodulessitejssalida_7892jjsmodulesstartupjssalida_7892jssalida_7892lasalida_7892lasalida_7892lasalida_7892lasalida_7892lasalida_7892lassalida_7892	licensedsalida_7892llamarsalida_7892losalida_7892ltrsalida_7892ltrsalida_7892ltrsalida_7892ltrsalida_7892lugarsalida_7892manejarsalida_7892manejosalida_7892marginsalida_7892maysalida_7892mayorasalida_7892mediasalida_7892	mediantesalida_7892	mediantesalida_7892mfsalida_7892mfsalida_7892misalida_7892minervasalida_7892modelsalida_7892momentosalida_7892mwsalida_7892mwsalida_7892mwsalida_7892mwsalida_7892mwsalida_7892mwsalida_7892mwsalida_7892myjavascriptfunctionsalida_7892myjavascriptfunctionidsalida_7892nameviewportsalida_7892
	navegadorsalida_7892	necesitasalida_7892	necesitasalida_7892	necesitesalida_7892nosalida_7892nosalida_7892nssalida_7892nssalida_7892ofsalida_7892onsalida_7892outputsalida_7892paddingsalida_7892pagesalida_7892parasalida_7892parasalida_7892parasalida_7892parentsalida_7892parsersalida_7892pasarsalida_7892pequeosalida_7892perosalida_7892primersalida_7892probarsalida_7892	programasalida_7892puedesalida_7892puedesalida_7892puedesalida_7892pxsalida_7892quesalida_7892quesalida_7892relstylesheetsalida_7892relstylesheetsalida_7892relstylesheetsalida_7892relstylesheetsalida_7892relstylesheetsalida_7892
	requeridasalida_7892
	retrievalsalida_7892returnsalida_7892
sacreativesalida_7892scalesalida_7892scriptsalida_7892scriptsalida_7892scssmodulescontentparsoidcsssalida_7892scssmodulesextpygmentscsssalida_7892scssmodulesinsertedstylecsssalida_7892èùèõscssmodulesskinsminervabaseresetskinsminervacontentstylesextcitestylemobileapppagestylesandroidmediawikipagegallerystylesmediawikiskinningcontentparsoidcsssalida_7892scssmodulesstylecsssalida_7892sesalida_7892sesalida_7892sesalida_7892sesalida_7892sesalida_7892sectionsalida_7892sectionsalida_7892sectionsalida_7892
seleccionasalida_7892
sharealikesalida_7892shouldsalida_7892
	siguientesalida_7892
	siguientesalida_7892sitejssalida_7892skinsalida_7892srcsalida_7892srcsalida_7892srcsalida_7892srcsalida_7892srcsalida_7892srcsalida_7892srcsalida_7892srcsalida_7892srcsalida_7892srcsalida_7892stablesalida_7892styleclearbothsalida_7892styledirectionsalida_7892subjectsalida_7892sucedesalida_7892termssalida_7892textsalida_7892textsalida_7892textsalida_7892textsalida_7892thesalida_7892thesalida_7892thesalida_7892thesalida_7892thesalida_7892thesalida_7892thesalida_7892thesalida_7892thesalida_7892thissalida_7892thissalida_7892
	titlelastsalida_7892titlexformsxformssalida_7892tosalida_7892todosalida_7892topsalida_7892topsalida_7892triggersalida_7892typetextcsssalida_7892typetextcsssalida_7892typetextcsssalida_7892typetextcsssalida_7892typetextcsssalida_7892typetextjavascriptsalida_7892unsalida_7892unsalida_7892unsalida_7892unsalida_7892unsalida_7892unasalida_7892undersalida_7892usosalida_7892ustedsalida_7892ustedsalida_7892usuariosalida_7892	utilizarsalida_7892vsalida_7892varsalida_7892varsalida_7892varsalida_7892viewsalida_7892	viewportsalida_7892wesalida_7892whichsalida_7892whitesalida_7892widthsalida_7892
	wikibookssalida_7892xformsalida_7892xformssalida_7892xformssalida_7892xformssalida_7892xformssalida_7892xformssalida_7892xformsvalidacinsalida_7892ysalida_7892ˇˇô&ó