aaaaaasalida_12792actionsalida_12792
additionalsalida_12792
animationssalida_12792applysalida_12792articlesalida_12792attributionsalida_12792avoidsalida_12792
backgroundsalida_12792blocksalida_12792blocksalida_12792bodysalida_12792bordersalida_12792centersalida_12792
charsetutfsalida_12792classsalida_12792classsalida_12792classsalida_12792classsalida_12792classsalida_12792classsalida_12792classsalida_12792classsalida_12792classsalida_12792classsalida_12792classsalida_12792classsalida_12792classsalida_12792classsalida_12792classclientsalida_12792classcontentsalida_12792classexternalsalida_12792classexternalsalida_12792classfeaturesalida_12792classmediawikisalida_12792classmwsalida_12792classsubpagessalida_12792collapsiblesalida_12792commonssalida_12792contentsalida_12792contentwidthdevicesalida_12792controlsalida_12792controlsalida_12792dashedsalida_12792datasalida_12792desalida_12792desalida_12792desalida_12792desalida_12792desalida_12792desalida_12792desalida_12792desalida_12792desalida_12792
	directionsalida_12792displaysalida_12792
edificacinsalida_12792edificacininstalacionessalida_12792edificacininstalacionessalida_12792edificacininstalacionessalida_12792edificacininstalacionessalida_12792edificacininstalacionessalida_12792edificacininstalacionessalida_12792edificacinintalacionessalida_12792edificacinpatologasalida_12792editedsalida_12792eeesalida_12792eltsalida_12792emsalida_12792emsalida_12792emsalida_12792emsalida_12792emsalida_12792emptysalida_12792errorsalida_12792filessalida_12792forsalida_12792fromsalida_12792fromsalida_12792	functionsalida_12792gradientdegsalida_12792headersalida_12792hidesalida_12792
hidrulicassalida_12792hidrulicassaneamientosalida_12792! hidrulicassaneamientobibliografasalida_12792hidrulicassaneamientocausassalida_12792hidrulicassaneamientoinspeccinsalida_12792hidrulicassaneamientolesionessalida_12792 hidrulicassaneamientoprevencionsalida_12792hidrulicassaneamientoreparacinsalida_12792hrefsalida_12792hrefsalida_12792hrefsalida_12792hrefsalida_12792&%hrefhttpscreativecommonsorglicensesbysalida_12792bahrefhttpseswikibooksorgwikipatologcadadelaedificacicbnfinstalacioneshidrcaulicasfsaneamientooldidsalida_12792 hrefpatologcadadelaedificacicbnsalida_12792UThrefpatologcadadelaedificacicbnfinstalacioneshidrcaulicasfsaneamientofbibliografcadasalida_12792MLhrefpatologcadadelaedificacicbnfinstalacioneshidrcaulicasfsaneamientofcausassalida_12792ZYhrefpatologcadadelaedificacicbnfinstalacioneshidrcaulicasfsaneamientofinspeccicbnycontrolsalida_12792QPhrefpatologcadadelaedificacicbnfinstalacioneshidrcaulicasfsaneamientofprevencionsalida_12792RQhrefpatologcadadelaedificacicbnfinstalacioneshidrcaulicasfsaneamientofreparacicbnsalida_12792NMhrefpatologcadadelaedificacicbnfintalacioneshidrcaulicasfsaneamientoflesionessalida_12792htdignoindexsalida_12792htdignoindexsalida_12792htmlsalida_12792idsalida_12792idbodycontentsalida_12792
	idcontentsalida_12792idmwsalida_12792idmwsalida_12792idmwsalida_12792idmwagsalida_12792idmwaqsalida_12792idmwawsalida_12792idmwbasalida_12792idmwbgsalida_12792idmwbqlesionessalida_12792idmwbwsalida_12792idmwcainspeccinsalida_12792idmwcgsalida_12792idmwcqsalida_12792idmwcwreparacinsalida_12792idmwdasalida_12792idmwdgcausassalida_12792idmwdqsalida_12792idmwdwsalida_12792idmweasalida_12792idmwegsalida_12792idmweqprevencinsalida_12792idmwewsalida_12792idmwfabibliografasalida_12792idtopsalida_12792imagelinearsalida_12792
	importantsalida_12792importscriptsalida_12792initialsalida_12792instalacionessalida_12792issalida_12792issalida_12792issalida_12792issuedsalida_12792jjsmodulesarticlelisthomejssalida_12792jjsmodulesdetailspolyfilljssalida_12792jjsmodulesimagesloadedminjssalida_12792jjsmodulesjqueryjssalida_12792jjsmodulesjsconfigvarsjssalida_12792jjsmodulesmasonryminjssalida_12792jjsmodulesmediawikijssalida_12792jjsmodulesscriptjssalida_12792jjsmodulessitejssalida_12792jjsmodulesstartupjssalida_12792jssalida_12792lasalida_12792lasalida_12792lasalida_12792lasalida_12792lasalida_12792lasalida_12792lasalida_12792lasalida_12792lasalida_12792	licensedsalida_12792ltrsalida_12792ltrsalida_12792marginsalida_12792maysalida_12792mediasalida_12792mfsalida_12792mfsalida_12792minervasalida_12792mwsalida_12792mwsalida_12792mwsalida_12792nameviewportsalida_12792nssalida_12792nssalida_12792onsalida_12792outputsalida_12792paddingsalida_12792pagesalida_12792parsersalida_12792	patologasalida_12792pxsalida_12792relstylesheetsalida_12792relstylesheetsalida_12792relstylesheetsalida_12792relstylesheetsalida_12792returnsalida_12792
sacreativesalida_12792scalesalida_12792scssmodulescontentparsoidcsssalida_12792scssmodulesinsertedstylecsssalida_12792èùèõscssmodulesskinsminervabaseresetskinsminervacontentstylesextcitestylemobileapppagestylesandroidmediawikipagegallerystylesmediawikiskinningcontentparsoidcsssalida_12792scssmodulesstylecsssalida_12792sectionsalida_12792
sharealikesalida_12792sitejssalida_12792skinsalida_12792srcsalida_12792srcsalida_12792srcsalida_12792srcsalida_12792srcsalida_12792srcsalida_12792srcsalida_12792srcsalida_12792srcsalida_12792srcsalida_12792stablesalida_12792styleclearbothsalida_12792styledirectionsalida_12792subjectsalida_12792termssalida_12792textsalida_12792textsalida_12792textsalida_12792textsalida_12792thesalida_12792thesalida_12792thesalida_12792thissalida_12792thissalida_12792
	titlelastsalida_12792titlepatologasalida_12792titlepatologasalida_12792titlepatologasalida_12792titlepatologasalida_12792titlepatologasalida_12792titlepatologasalida_12792titlepatologasalida_12792tosalida_12792topsalida_12792topsalida_12792typetextcsssalida_12792typetextcsssalida_12792typetextcsssalida_12792typetextcsssalida_12792undersalida_12792vsalida_12792viewsalida_12792	viewportsalida_12792whitesalida_12792widthsalida_12792
	wikibookssalida_12792ysalida_12792ysalida_12792ˇˇ£π