aaaaaasalida_12412actionsalida_12412
additionalsalida_12412
animationssalida_12412applysalida_12412articlesalida_12412attributionsalida_12412avoidsalida_12412
backgroundsalida_12412barbillaagosalida_12412blocksalida_12412blocksalida_12412
	bocakuchisalida_12412bodysalida_12412bordersalida_12412bordersalida_12412cabellokamisalida_12412carakaosalida_12412	cejamayusalida_12412cellpaddingsalida_12412cellspacingsalida_12412centersalida_12412	cerebronsalida_12412
charsetutfsalida_12412classsalida_12412classsalida_12412classsalida_12412classsalida_12412classsalida_12412classsalida_12412classsalida_12412classsalida_12412classsalida_12412classsalida_12412classsalida_12412classsalida_12412classsalida_12412classsalida_12412classclientsalida_12412classcontentsalida_12412classexternalsalida_12412classexternalsalida_12412classfeaturesalida_12412classmediawikisalida_12412classmwsalida_12412classsubpagessalida_12412classwikitablesalida_12412classwikitablesalida_12412classwikitablesalida_12412classwikitablesalida_12412collapsiblesalida_12412colortransparenttablesalida_12412commonssalida_12412contentsalida_12412contentwidthdevicesalida_12412coraznshinzsalida_12412
cuellokubisalida_12412cuerposalida_12412dsalida_12412dashedsalida_12412datasalida_12412datasalida_12412datasalida_12412datasalida_12412datasalida_12412delsalida_12412
desarrollosalida_12412
	dienteshasalida_12412
	directionsalida_12412displaysalida_12412editedsalida_12412eeesalida_12412eltsalida_12412emsalida_12412emsalida_12412emsalida_12412emsalida_12412emsalida_12412emptysalida_12412ensalida_12412encashagukisalida_12412errorsalida_12412espaoljaponslecturaromajinotassalida_12412espaoljaponslecturaromajinotassalida_12412espaoljaponslecturaromajinotassalida_12412filessalida_12412forsalida_12412frentehitaisalida_12412fromsalida_12412fromsalida_12412	functionsalida_12412gargantanodosalida_12412gradientdegsalida_12412headersalida_12412
	hgadokanzsalida_12412hidesalida_12412hrefsalida_12412hrefsalida_12412hrefsalida_12412hrefsalida_12412&%hrefhttpscreativecommonsorglicensesbysalida_12412EDhrefhttpseswikibooksorgwikijaponcasfvocabulariofpartesdelcuerpooldidsalida_12412hrefjaponcassalida_12412htdignoindexsalida_12412htdignoindexsalida_12412htmlsalida_12412
	huesohonesalida_12412idsalida_12412idsalida_12412idsalida_12412idsalida_12412idsalida_12412idbodycontentsalida_12412idcabezacabezasalida_12412
	idcontentsalida_12412idextremidadesextremidadessalida_12412idmwsalida_12412idmwsalida_12412idmwsalida_12412idmwagsalida_12412idmwaqsalida_12412idmwawsalida_12412idmwbasalida_12412idmwbgsalida_12412idmwbqsalida_12412idmwbwespaolsalida_12412idmwcajaponssalida_12412idmwcgromajisalida_12412idmwcqlecturasalida_12412idmwcwnotassalida_12412idmwdasalida_12412idmwdgsalida_12412idmwdqcuerposalida_12412idmwdwsalida_12412idmweasalida_12412idmwegkaradasalida_12412idmweqsalida_12412idmwewsalida_12412idmwfasalida_12412idmwfgcabezasalida_12412idmwfqsalida_12412idmwfwsalida_12412idmwgasalida_12412idmwggsalida_12412idmwgqatamasalida_12412idmwgwsalida_12412idmwhasalida_12412idmwhgsalida_12412idmwhqsalida_12412idmwhwsalida_12412idrganosytejidosrganossalida_12412idtopsalida_12412idtorsotorsosalida_12412imagelinearsalida_12412
	importantsalida_12412importscriptsalida_12412initialsalida_12412intestinochsalida_12412issalida_12412issalida_12412issalida_12412issuedsalida_12412japonsvocabulariopartessalida_12412jjsmodulesarticlelisthomejssalida_12412jjsmodulesdetailspolyfilljssalida_12412jjsmodulesimagesloadedminjssalida_12412jjsmodulesjqueryjssalida_12412jjsmodulesjsconfigvarsjssalida_12412jjsmodulesmasonryminjssalida_12412jjsmodulesmediawikijssalida_12412jjsmodulesscriptjssalida_12412jjsmodulessitejssalida_12412jjsmodulesstartupjssalida_12412jssalida_12412labioskuchibirusalida_12412layoutfixedsalida_12412lenguashitasalida_12412	licensedsalida_12412ltrsalida_12412ltrsalida_12412manosalida_12412marginsalida_12412maysalida_12412mediasalida_12412mejillahohosalida_12412mfsalida_12412mfsalida_12412minervasalida_12412msculokinnikusalida_12412mwsalida_12412mwsalida_12412mwsalida_12412mwsalida_12412mwsalida_12412mwsalida_12412mwsalida_12412nameviewportsalida_12412
	narizhanasalida_12412nokesalida_12412nssalida_12412nssalida_12412odomimisalida_12412ojomesalida_12412onsalida_12412outputsalida_12412paddingsalida_12412pagesalida_12412parsersalida_12412pestaamatsugesalida_12412	pielhadasalida_12412 propertymwpagepropnoeditsectionsalida_12412propertymwpagepropnotocsalida_12412pxsalida_12412pxsalida_12412relstylesheetsalida_12412relstylesheetsalida_12412relstylesheetsalida_12412relstylesheetsalida_12412returnsalida_12412rightsalida_12412rightpxsalida_12412rinjinzsalida_12412
sacreativesalida_12412sangrechiketsuekisalida_12412scalesalida_12412scssmodulescontentparsoidcsssalida_12412scssmodulesinsertedstylecsssalida_12412èùèõscssmodulesskinsminervabaseresetskinsminervacontentstylesextcitestylemobileapppagestylesandroidmediawikipagegallerystylesmediawikiskinningcontentparsoidcsssalida_12412scssmodulesstylecsssalida_12412seccinsalida_12412sectionsalida_12412sectionsalida_12412sectionsalida_12412sectionsalida_12412sectionsalida_12412
sharealikesalida_12412sitejssalida_12412skinsalida_12412	sortablesalida_12412	sortablesalida_12412	sortablesalida_12412	sortablesalida_12412srcsalida_12412srcsalida_12412srcsalida_12412srcsalida_12412srcsalida_12412srcsalida_12412srcsalida_12412srcsalida_12412srcsalida_12412srcsalida_12412stablesalida_12412stylebackgroundsalida_12412styleclearbothsalida_12412styledirectionsalida_12412stylemarginsalida_12412stylemarginsalida_12412styleoverflowautosalida_12412subjectsalida_12412tejidossalida_12412termssalida_12412textsalida_12412textsalida_12412textsalida_12412textsalida_12412thesalida_12412thesalida_12412thesalida_12412thissalida_12412thissalida_12412titlejaponsjaponssalida_12412
	titlelastsalida_12412tosalida_12412topsalida_12412topsalida_12412typetextcsssalida_12412typetextcsssalida_12412typetextcsssalida_12412typetextcsssalida_12412undersalida_12412vsalida_12412
	valigntopsalida_12412	vejigabksalida_12412viewsalida_12412	viewportsalida_12412vocabulariosalida_12412whitesalida_12412widthsalida_12412widthsalida_12412
	wikibookssalida_12412ysalida_12412ˇˇ0‚∆q