aaaaaasalida_7668actionsalida_7668
additionalsalida_7668alignsalida_7668alignsalida_7668aligncentersalida_7668amenasalida_7668
animationssalida_7668applysalida_7668	aprendersalida_7668	aquellossalida_7668articlesalida_7668attributionsalida_7668avoidsalida_7668
backgroundsalida_7668backgroundcbebfsalida_7668backgroundffffffsalida_7668blocksalida_7668blocksalida_7668bodysalida_7668bordersalida_7668csalida_7668csalida_7668csalida_7668csalida_7668centersalida_7668centersalida_7668
charsetutfsalida_7668classsalida_7668classsalida_7668classsalida_7668classsalida_7668classsalida_7668classsalida_7668classsalida_7668classsalida_7668classsalida_7668classsalida_7668classsalida_7668classsalida_7668classsalida_7668classsalida_7668classclientsalida_7668classcontentsalida_7668classexternalsalida_7668classexternalsalida_7668classfeaturesalida_7668classmediawikisalida_7668classmwsalida_7668classmwsalida_7668classmwsalida_7668classmwsalida_7668classmwsalida_7668classmwsalida_7668classmwsalida_7668classmwsalida_7668classsubpagessalida_7668clsicosalida_7668clsicocursosalida_7668clsiconhuatlsalida_7668collapsiblesalida_7668commonssalida_7668	completosalida_7668	consultasalida_7668contentsalida_7668contentwidthdevicesalida_7668cursosalida_7668cursosalida_7668dashedsalida_7668datasalida_7668datasalida_7668datasalida_7668datasalida_7668datasalida_7668datasalida_7668datasalida_7668datasalida_7668desalida_7668desalida_7668desalida_7668desalida_7668delsalida_7668delsalida_7668
	detalladosalida_7668direccionalessalida_7668
	directionsalida_7668displaysalida_7668esalida_7668editedsalida_7668eeesalida_7668
ejerciciossalida_7668eltsalida_7668emsalida_7668emsalida_7668emsalida_7668emsalida_7668emsalida_7668emptysalida_7668ensalida_7668	enfticossalida_7668errorsalida_7668estesalida_7668estnsalida_7668filesalida_7668filesalida_7668filesalida_7668filesalida_7668filesalida_7668filesalida_7668filessalida_7668fontsalida_7668forsalida_7668formasalida_7668fromsalida_7668fromsalida_7668	functionsalida_7668gradientdegsalida_7668hagansalida_7668headersalida_7668heightsalida_7668heightsalida_7668heightsalida_7668heightsalida_7668heightsalida_7668heightsalida_7668heightsalida_7668hidesalida_7668hrefsalida_7668hrefsalida_7668hrefsalida_7668hrefsalida_7668&%hrefhttpscreativecommonsorglicensesbysalida_766876hrefhttpseswikibooksorgwikincahuatlclcasicofcursooldidsalida_7668hrefncahuatlsalida_7668hrefncahuatlclcasicosalida_7668hrefncahuatlfcursosalida_7668hrefncahuatlfcursofleccicbnsalida_7668hrefncahuatlfcursofleccicbnsalida_7668hrefncahuatlfenlacessalida_7668hrefncahuatlfgramcaticasalida_7668hrefncahuatlfinformacicbnsalida_7668hrefncahuatlfvocabulariosalida_7668htdignoindexsalida_7668htdignoindexsalida_7668htmlsalida_7668idsalida_7668idsalida_7668idbodycontentsalida_7668
	idcontentsalida_7668idmwsalida_7668idmwsalida_7668idmwsalida_7668idmwagsalida_7668idmwaqsalida_7668idmwawsalida_7668
idmwbaestasalida_7668idmwbgsalida_7668idmwbqsalida_7668idmwbwsalida_7668idmwcasalida_7668idmwcqsustantivossalida_7668idmwcwprefijossalida_7668idmwdqverbossalida_7668idmwdwpronombressalida_7668idmweqprefijossalida_7668idmwewprefijossalida_7668idmwfqprefijossalida_7668idmwfwtiempossalida_7668idmwgqaplicativosalida_7668idmwgwcausativosalida_7668idmwhqpostposicionessalida_7668idmwhwsalida_7668idmwiacursosalida_7668
idmwigestasalida_7668idmwiwsalida_7668idmwjasalida_7668idndicedetalladodelcursondicesalida_7668idtopsalida_7668imagelinearsalida_7668
	importantsalida_7668importscriptsalida_7668incluyesalida_7668inicialsalida_7668initialsalida_7668inlinesalida_7668inlinesalida_7668inlinesalida_7668inlinesalida_7668interesadossalida_7668issalida_7668issalida_7668issalida_7668issuedsalida_7668jjsmodulesarticlelisthomejssalida_7668jjsmodulesdetailspolyfilljssalida_7668jjsmodulesimagesloadedminjssalida_7668jjsmodulesjqueryjssalida_7668jjsmodulesjsconfigvarsjssalida_7668jjsmodulesmasonryminjssalida_7668jjsmodulesmediawikijssalida_7668jjsmodulesscriptjssalida_7668jjsmodulessitejssalida_7668jjsmodulesstartupjssalida_7668jssalida_7668lassalida_7668
	leccionessalida_7668	lecturassalida_7668librosalida_7668	licensedsalida_7668linesalida_7668linesalida_7668linesalida_7668losalida_7668ltrsalida_7668ltrsalida_7668marginsalida_7668	marginpxsalida_7668maysalida_7668mediasalida_7668mfsalida_7668mfsalida_7668minervasalida_7668mwsalida_7668mwsalida_7668mwsalida_7668mwsalida_7668nameviewportsalida_7668nhuatlsalida_7668nhuatlsalida_7668nssalida_7668nssalida_7668objetosalida_7668onsalida_7668outputsalida_7668paddingsalida_7668pagesalida_7668parasalida_7668parsersalida_7668partesalida_7668
	pedaggicasalida_7668pginasalida_7668
	posesivossalida_7668	pretendesalida_7668pxsalida_7668pxsalida_7668pxsalida_7668pxsalida_7668pxsalida_7668pxfontsalida_7668quesalida_7668quesalida_7668	redirectsalida_7668redirectenlacessalida_7668redirectgramticasalida_7668redirectleccionessalida_7668redirectpginasalida_7668redirectpronunciacinsalida_7668redirectvocabulariosalida_7668
reflexivossalida_7668relstylesheetsalida_7668relstylesheetsalida_7668relstylesheetsalida_7668relstylesheetsalida_7668returnsalida_7668rightglosariosalida_7668
sacreativesalida_7668scalesalida_7668scssmodulescontentparsoidcsssalida_7668scssmodulesinsertedstylecsssalida_7668èùèõscssmodulesskinsminervabaseresetskinsminervacontentstylesextcitestylemobileapppagestylesandroidmediawikipagegallerystylesmediawikiskinningcontentparsoidcsssalida_7668scssmodulesstylecsssalida_7668sectionsalida_7668sectionsalida_7668sersalida_7668
sharealikesalida_7668sitejssalida_7668sizesalida_7668sizesalida_7668sizesalida_7668sizesalida_7668skinsalida_7668solidsalida_7668solidsalida_7668solidsalida_7668solidsalida_7668solidsalida_7668srcsalida_7668srcsalida_7668srcsalida_7668srcsalida_7668srcsalida_7668srcsalida_7668srcsalida_7668srcsalida_7668srcsalida_7668srcsalida_7668srcimveintenahuatlpngsalida_7668srcimveintenahuatlpngsalida_7668stablesalida_7668stylebordersalida_7668stylebordersalida_7668stylebordersalida_7668stylebordersalida_7668stylebordersalida_7668styleclearbothsalida_7668styledirectionsalida_7668
	stylefontsalida_7668
	stylefontsalida_7668subjectsalida_7668termssalida_7668textsalida_7668textsalida_7668textsalida_7668textsalida_7668textsalida_7668textsalida_7668thesalida_7668thesalida_7668thesalida_7668thissalida_7668thissalida_7668
	titlelastsalida_7668titlenhuatlsalida_7668titlenhuatlsalida_7668titlenhuatlcursosalida_7668titlenhuatlcursoleccinsalida_7668titlenhuatlcursoleccinsalida_7668titlenhuatlenlacessalida_7668titlenhuatlgramticasalida_7668 titlenhuatlinformacininformacinsalida_7668titlenhuatlvocabulariosalida_7668tosalida_7668todassalida_7668topsalida_7668topsalida_7668
typebitmapsalida_7668
typebitmapsalida_7668typetextcsssalida_7668typetextcsssalida_7668typetextcsssalida_7668typetextcsssalida_7668unasalida_7668undersalida_7668vsalida_7668valigncentersalida_7668	verbalessalida_7668viewsalida_7668	viewportsalida_7668whitesalida_7668widthsalida_7668widthsalida_7668widthsalida_7668widthsalida_7668widthsalida_7668widthpxsalida_7668
	wikibookssalida_7668ˇˇq€Ï