asalida_1409asalida_1409asalida_1409asalida_1409asalida_1409asalida_1409aaaaaasalida_1409aadidossalida_1409accinsalida_1409actionsalida_1409activossalida_1409
additionalsalida_1409	adecuadosalida_1409aditivosalida_1409agentessalida_1409aguacementosalida_1409aguacementosalida_1409aguassalida_1409alsalida_1409	alcalinasalida_1409altassalida_1409amasadosalida_1409
animationssalida_1409anteriormentesalida_1409applysalida_1409armadosalida_1409armadosalida_1409armadosalida_1409	armadurasalida_1409	armadurasalida_1409
	armadurassalida_1409
	armadurassalida_1409armadurasetcsalida_1409articlesalida_1409atencinsalida_1409attributionsalida_1409avoidsalida_1409
backgroundsalida_1409barrassalida_1409barrassalida_1409barrassalida_1409blocksalida_1409blocksalida_1409bodysalida_1409bordersalida_1409calidadsalida_1409cantosalida_1409causassalida_1409causassalida_1409cementosalida_1409centersalida_1409cercossalida_1409
charsetutfsalida_1409ciertassalida_1409classsalida_1409classsalida_1409classsalida_1409classsalida_1409classsalida_1409classsalida_1409classsalida_1409classsalida_1409classsalida_1409classsalida_1409classsalida_1409classsalida_1409classsalida_1409classsalida_1409classclientsalida_1409classcontentsalida_1409classexternalsalida_1409classexternalsalida_1409classfeaturesalida_1409classmediawikisalida_1409classmwsalida_1409classsubpagessalida_1409collapsiblesalida_1409
	colocacinsalida_1409commonssalida_1409comosalida_1409comosalida_1409comosalida_1409
compacidadsalida_1409compactacinsalida_1409compactacinsalida_1409
composicinsalida_1409
comprobadosalida_1409consalida_1409consalida_1409
condicionasalida_1409	contactosalida_1409
	contengansalida_1409
	contenidosalida_1409contentsalida_1409contentwidthdevicesalida_1409	coquerassalida_1409cuentasalida_1409cuentasalida_1409	cuidadossalida_1409curandosalida_1409dashedsalida_1409datasalida_1409desalida_1409desalida_1409desalida_1409desalida_1409desalida_1409desalida_1409desalida_1409desalida_1409desalida_1409desalida_1409desalida_1409desalida_1409desalida_1409desalida_1409desalida_1409desalida_1409desalida_1409desalida_1409desalida_1409desalida_1409desalida_1409desalida_1409desalida_1409desalida_1409desalida_1409desalida_1409desalida_1409desalida_1409debensalida_1409decirsalida_1409
deficientesalida_1409
deficientesalida_1409delsalida_1409delsalida_1409delsalida_1409delsalida_1409delsalida_1409	desmoldesalida_1409
determinansalida_1409directamentesalida_1409
	directionsalida_1409diseosalida_1409displaysalida_1409
disposicinsalida_1409dosificacinsalida_1409durabilidadsalida_1409durabilidadsalida_1409
edificacinsalida_1409edificacinestructurassalida_1409edificacinpatologasalida_1409editedsalida_1409eeesalida_1409eflorescenciassalida_1409	ejecucinsalida_1409elsalida_1409elsalida_1409elsalida_1409elsalida_1409elsalida_1409elsalida_1409
elaboracinsalida_1409
	elementossalida_1409eltsalida_1409emsalida_1409emsalida_1409emsalida_1409emsalida_1409emsalida_1409empleosalida_1409emptysalida_1409ensalida_1409ensalida_1409ensalida_1409ensalida_1409ensalida_1409ensalida_1409ensalida_1409ensalida_1409ensalida_1409ensalida_1409ensalida_1409ensalida_1409ensalida_1409ensalida_1409ensalida_1409ensalida_1409
endurecidosalida_1409ensayossalida_1409errorsalida_1409erroressalida_1409essalida_1409essalida_1409essalida_1409essalida_1409estsalida_1409establesalida_1409estadosalida_1409estarsalida_1409estructurassalida_1409	externossalida_1409
fabricacinsalida_1409fallossalida_1409fechasalida_1409filessalida_1409
	finalidadsalida_1409finossalida_1409forsalida_1409formasalida_1409formasalida_1409	fraguadosalida_1409
frecuentessalida_1409frescosalida_1409fromsalida_1409fromsalida_1409funcinsalida_1409	functionsalida_1409fundamentalsalida_1409gradientdegsalida_1409gransalida_1409granulometrasalida_1409headersalida_1409hidesalida_1409homogsalida_1409hormignsalida_1409hormignsalida_1409hormignsalida_1409hormignsalida_1409hormigncausassalida_1409hormigonadosalida_1409hormigonadosalida_1409hrefsalida_1409hrefsalida_1409hrefsalida_1409hrefsalida_1409&%hrefhttpscreativecommonsorglicensesbysalida_1409jihrefhttpseswikibooksorgwikipatologcadadelaedificacicbnfestructurasdehormigcbnfcausasoperativasfotrosoldidsalida_1409 hrefpatologcadadelaedificacicbnsalida_1409htdignoindexsalida_1409htdignoindexsalida_1409htmlsalida_1409idsalida_1409idbodycontentsalida_1409
	idcontentsalida_1409idmwsalida_1409idmwsalida_1409idmwsalida_1409idmwagsalida_1409idmwaqsalida_1409idmwawerroressalida_1409idmwbatenersalida_1409idmwbgsalida_1409idmwbqevitarsalida_1409idmwbwmaterialessalida_1409idmwgasalida_1409idmwgghormignsalida_1409idmwgqsalida_1409idmwgwsalida_1409idmwhacementosalida_1409idmwhgsalida_1409
idmwhqaguasalida_1409idmwhwutilizacinsalida_1409	idmwialasalida_1409idmwigaditivossalida_1409idmwiqridossalida_1409idmwiwsalida_1409idmwjadeficienciasalida_1409idmwjgsobredosificacinsalida_1409idmwjqempleosalida_1409idmwjwrealizarsalida_1409
	idmwkaconsalida_1409idmwkgverificarsalida_1409idmwkqmantenimientosalida_1409idmwkwdistribucinsalida_1409idmwlacomprobarsalida_1409idmwlgsalida_1409idmwlqsalida_1409idmwlwsalida_1409idmwmasalida_1409idmwmgsalida_1409idmwmqejecucinsalida_1409idmwmwencofradossalida_1409idmwnapuestasalida_1409idmwngcuradosalida_1409idmwnqjuntassalida_1409idmwnwdesencofradosalida_1409idmwoasalida_1409idmwogsalida_1409idmwoqsalida_1409idmwowsalida_1409idmwpadiseosalida_1409idmwpganclajesalida_1409idmwpqestribossalida_1409idmwpwempalmessalida_1409idmwqaseparacinsalida_1409idmwqgarmadurasalida_1409idmwqqempujesalida_1409idmwqwarmadosalida_1409idmwradiseosalida_1409idmwrgtransportesalida_1409idmwrqdosificacinsalida_1409idmwrwformasalida_1409idtopsalida_1409imagelinearsalida_1409
	importantsalida_1409importscriptsalida_1409
	impurezassalida_1409
inadecuadosalida_1409incidesalida_1409incompatibilidadessalida_1409incorporadassalida_1409initialsalida_1409insuficientesalida_1409issalida_1409issalida_1409issalida_1409issuedsalida_1409jjsmodulesarticlelisthomejssalida_1409jjsmodulesdetailspolyfilljssalida_1409jjsmodulesimagesloadedminjssalida_1409jjsmodulesjqueryjssalida_1409jjsmodulesjsconfigvarsjssalida_1409jjsmodulesmasonryminjssalida_1409jjsmodulesmediawikijssalida_1409jjsmodulesscriptjssalida_1409jjsmodulessitejssalida_1409jjsmodulesstartupjssalida_1409jssalida_1409lasalida_1409lasalida_1409lasalida_1409lasalida_1409lasalida_1409lasalida_1409lasalida_1409lasalida_1409lasalida_1409lasalida_1409lasalida_1409lasalida_1409lasalida_1409lasalida_1409lasalida_1409lasalida_1409lasalida_1409lassalida_1409lassalida_1409lassalida_1409	licensedsalida_1409lossalida_1409lossalida_1409lossalida_1409lossalida_1409lossalida_1409lossalida_1409lossalida_1409ltrsalida_1409ltrsalida_1409machassalida_1409malsalida_1409malasalida_1409
mantenersesalida_1409marginsalida_1409masasalida_1409
materialessalida_1409maysalida_1409mediasalida_1409mfsalida_1409mfsalida_1409minervasalida_1409mismosalida_1409
	modificarsalida_1409moldesalida_1409moldessalida_1409momentosalida_1409mwsalida_1409mwsalida_1409mwsalida_1409nameviewportsalida_1409neasalida_1409nosalida_1409nosalida_1409nssalida_1409nssalida_1409osalida_1409osalida_1409obrasalida_1409obrasalida_1409onsalida_1409
operativassalida_1409operativasotrossalida_1409outputsalida_1409paddingsalida_1409pagesalida_1409parasalida_1409
paramentossalida_1409parsersalida_1409	patologasalida_1409perosalida_1409porsalida_1409	posiblessalida_1409	positivasalida_1409	potablessalida_1409previossalida_1409procesosalida_1409
	productossalida_1409propiedadessalida_1409
	proteccinsalida_1409proveersalida_1409
provocandosalida_1409pxsalida_1409quesalida_1409quesalida_1409quesalida_1409quesalida_1409
	realizadasalida_1409relacinsalida_1409relacionadosalida_1409
relacionessalida_1409relstylesheetsalida_1409relstylesheetsalida_1409relstylesheetsalida_1409relstylesheetsalida_1409
	requierensalida_1409resistenciasalida_1409resistenciasalida_1409resistenciasalida_1409returnsalida_1409
sacreativesalida_1409scalesalida_1409scssmodulescontentparsoidcsssalida_1409scssmodulesinsertedstylecsssalida_1409èùèõscssmodulesskinsminervabaseresetskinsminervacontentstylesextcitestylemobileapppagestylesandroidmediawikipagegallerystylesmediawikiskinningcontentparsoidcsssalida_1409scssmodulesstylecsssalida_1409sectionsalida_1409
	separacinsalida_1409sersalida_1409
sharealikesalida_1409sitejssalida_1409skinsalida_1409solapossalida_1409sonsalida_1409srcsalida_1409srcsalida_1409srcsalida_1409srcsalida_1409srcsalida_1409srcsalida_1409srcsalida_1409srcsalida_1409srcsalida_1409srcsalida_1409stablesalida_1409styleclearbothsalida_1409styledirectionsalida_1409susalida_1409susalida_1409susalida_1409susalida_1409subjectsalida_1409
suficientesalida_1409
	suspensinsalida_1409tantosalida_1409tenersalida_1409termssalida_1409textsalida_1409textsalida_1409textsalida_1409textsalida_1409thesalida_1409thesalida_1409thesalida_1409thissalida_1409thissalida_1409
	titlelastsalida_1409titlepatologasalida_1409tosalida_1409todasalida_1409topsalida_1409topsalida_1409typetextcsssalida_1409typetextcsssalida_1409typetextcsssalida_1409typetextcsssalida_1409undersalida_1409	uniformesalida_1409vsalida_1409vasalida_1409vacosalida_1409vencimientosalida_1409vertidosalida_1409vezsalida_1409viewsalida_1409	viewportsalida_1409vigassalida_1409whitesalida_1409widthsalida_1409
	wikibookssalida_1409ysalida_1409ysalida_1409ysalida_1409ysalida_1409ysalida_1409ysalida_1409ysalida_1409ysalida_1409ysalida_1409ysalida_1409ysalida_1409ysalida_1409ysalida_1409ysalida_1409ysalida_1409ysalida_1409ysalida_1409ˇˇ•¶¯