aaaaaasalida_14069
abreviacinsalida_14069abreviacinmtodossalida_14069abreviaturassalida_14069abreviaturassalida_14069abreviaturassalida_14069abreviaturasgnerosalida_14069abreviaturaspluralsalida_14069abreviaturasusosalida_14069
acentuacinsalida_14069acentuacinreglassalida_14069	acrnimossalida_14069acrnimossmbolossalida_14069actionsalida_14069
additionalsalida_14069aesalida_14069alemnsalida_14069alignsalida_14069aligncentersalida_14069aligncentersalida_14069aligncentersalida_14069aligncentersalida_14069
animationssalida_14069applysalida_14069articlesalida_14069attributionsalida_14069avoidsalida_14069bsalida_14069bsalida_14069
backgroundsalida_14069backgroundeeecsalida_14069backgroundfdfbesalida_14069bbafsalida_14069bbafsalida_14069bbafsalida_14069bbafsalida_14069blocksalida_14069blocksalida_14069bodysalida_14069bordersalida_14069bordersalida_14069bordersalida_14069bordersalida_14069bordersalida_14069bordersalida_14069bordersalida_14069csalida_14069csalida_14069capssalida_14069captulosalida_14069captulosalida_14069cbbfsalida_14069ccinsalida_14069ccinusosalida_14069cellpaddingsalida_14069cellspacingsalida_14069centersalida_14069centersalida_14069
charsetutfsalida_14069cinsalida_14069cinsalida_14069classsalida_14069classsalida_14069classsalida_14069classsalida_14069classsalida_14069classsalida_14069classsalida_14069classsalida_14069classsalida_14069classsalida_14069classsalida_14069classsalida_14069classsalida_14069classsalida_14069classclientsalida_14069classcontentsalida_14069classexternalsalida_14069classexternalsalida_14069classfeaturesalida_14069classmediawikisalida_14069classmwsalida_14069classnullensalida_14069classnullensalida_14069classnullfrancssalida_14069classnullpolacosalida_14069classnullportugussalida_14069classnullvietnamitasalida_14069classsubpagessalida_14069collapsiblesalida_14069comasalida_14069
	comatextosalida_14069comausosalida_14069comausosalida_14069commonssalida_14069	completosalida_14069comunessalida_14069comuneserroressalida_14069
conjugacinsalida_14069conjugacinlasalida_14069contentsalida_14069contentwidthdevicesalida_14069	contienesalida_14069dashedsalida_14069datasalida_14069datasalida_14069datasalida_14069datasalida_14069desalida_14069desalida_14069desalida_14069desalida_14069desalida_14069desalida_14069desalida_14069desalida_14069desalida_14069desalida_14069desalida_14069desalida_14069desalida_14069desalida_14069desalida_14069desalida_14069desalida_14069desalida_14069desalida_14069desalida_14069desalida_14069desalida_14069desalida_14069desalida_14069desalida_14069delsalida_14069delsalida_14069delsalida_14069delsalida_14069delsalida_14069
	directionsalida_14069displaysalida_14069esalida_14069esalida_14069editedsalida_14069eeesalida_14069elsalida_14069eltsalida_14069emsalida_14069emsalida_14069emsalida_14069emsalida_14069emsalida_14069emptysalida_14069errorsalida_14069	espagnolsalida_14069	espagnolsalida_14069espaolortografasalida_14069
	esperantosalida_14069estasalida_14069estesalida_14069filesalida_14069filesalida_14069filesalida_14069filessalida_14069fontsalida_14069fontsalida_14069fontsalida_14069fontsalida_14069forsalida_14069fromsalida_14069fromsalida_14069	functionsalida_14069gsalida_14069gsalida_14069gradientdegsalida_14069headersalida_14069heightsalida_14069heightsalida_14069heightsalida_14069	heightpxsalida_14069hidesalida_14069hrefsalida_14069hrefsalida_14069hrefsalida_14069hrefsalida_14069hrefaespacbolsalida_14069hrefespacbolsalida_14069hrefespacbolsalida_14069hrefespacbolfanexosalida_14069hrefespacbolfcdndicesalida_14069hrefespacbolfcursosalida_14069hrefespacbolfenlacessalida_14069hrefespacbolfgramcaticasalida_14069hrefespacbolfjergasymodismossalida_14069hrefespacbolflaconjugacicbnsalida_14069hrefespacbolfmorfologcadasalida_14069hrefespacbolfortografcadasalida_14069)(hrefespacbolfortografcadaferrorescomunessalida_1406932hrefespacbolfortografcadafgcanerodelasabreviaturassalida_1406910hrefespacbolfortografcadafmcatodosdeabreviacicbnsalida_1406921hrefespacbolfortografcadafpluraldelasabreviaturassalida_14069/.hrefespacbolfortografcadafreglasdeacentuacicbnsalida_1406976hrefespacbolfortografcadafscadmboloscsiglasyacrcbnimossalida_14069#"hrefespacbolfortografcadafusodebyvsalida_14069,+hrefespacbolfortografcadafusodecicbnyccicbnsalida_14069#"hrefespacbolfortografcadafusodecyzsalida_14069#"hrefespacbolfortografcadafusodegyjsalida_14069&%hrefespacbolfortografcadafusodelacomasalida_14069/.hrefespacbolfortografcadafusodelasabreviaturassalida_14069$#hrefespacbolfortografcadafusodelleysalida_14069&%hrefespacbolfortografcadafusodelpuntosalida_14069+*hrefespacbolfortografcadafusodelpuntoycomasalida_14069hrefespacbolfsintaxissalida_14069hrefespacbolfvocabulariosalida_14069&%hrefhttpscreativecommonsorglicensesbysalida_14069$#hrefhttpsdewikibooksorgwikispanischsalida_14069#"hrefhttpseowikibooksorgwikihispanasalida_1406965hrefhttpseswikibooksorgwikiespacbolfortografcadaoldidsalida_14069+*hrefhttpsfrwikibooksorgwikienseignementdelsalida_14069%$hrefhttpsplwikibooksorgwikihiszpaskisalida_14069$#hrefhttpsptwikibooksorgwikiespanholsalida_14069%$hrefhttpsviwikibooksorgwikiempecemossalida_14069htdignoindexsalida_14069htdignoindexsalida_14069htmlsalida_14069idsalida_14069idbodycontentsalida_14069
	idcontentsalida_14069idmwsalida_14069idmwsalida_14069idmwsalida_14069idmwagsalida_14069idmwaqsalida_14069idmwawsalida_14069idmwbqsalida_14069idtopsalida_14069imagelinearsalida_14069
	importantsalida_14069importscriptsalida_14069initialsalida_14069inlinesalida_14069inlinesalida_14069introduccinsalida_14069issalida_14069issalida_14069issalida_14069issuedsalida_14069jsalida_14069jjsmodulesarticlelisthomejssalida_14069jjsmodulesdetailspolyfilljssalida_14069jjsmodulesimagesloadedminjssalida_14069jjsmodulesjqueryjssalida_14069jjsmodulesjsconfigvarsjssalida_14069jjsmodulesmasonryminjssalida_14069jjsmodulesmediawikijssalida_14069jjsmodulesscriptjssalida_14069jjsmodulessitejssalida_14069jjsmodulesstartupjssalida_14069jssalida_14069jusosalida_14069lsalida_14069lasalida_14069lasalida_14069lassalida_14069lassalida_14069lassalida_14069lassalida_14069lassalida_14069lassalida_14069	licensedsalida_14069linesalida_14069llsalida_14069llsalida_14069ltrsalida_14069ltrsalida_14069marginsalida_14069marginsalida_14069marginsalida_14069maysalida_14069mediasalida_14069mfsalida_14069mfsalida_14069minervasalida_14069	modismossalida_14069modismosjergassalida_14069mwsalida_14069mwsalida_14069mwsalida_14069nameviewportsalida_14069nssalida_14069nssalida_14069onsalida_14069
	ortografasalida_14069outputsalida_14069paddingsalida_14069
	paddingpxsalida_14069pagesalida_14069parsersalida_14069pginasalida_14069
	principalsalida_14069puntosalida_14069puntosalida_14069puntosalida_14069	puntousosalida_14069pxsalida_14069pxsalida_14069pxsalida_14069pxsalida_14069pxsalida_14069pxsalida_14069pxsalida_14069pxbackgroundfffefsalida_14069	radiuspxsalida_14069	radiuspxsalida_14069	radiuspxsalida_14069	radiuspxsalida_14069	radiuspxsalida_14069relstylesheetsalida_14069relstylesheetsalida_14069relstylesheetsalida_14069relstylesheetsalida_14069returnsalida_14069rowspansalida_14069
sacreativesalida_14069scalesalida_14069scssmodulescontentparsoidcsssalida_14069scssmodulesinsertedstylecsssalida_14069èùèõscssmodulesskinsminervabaseresetskinsminervacontentstylesextcitestylemobileapppagestylesandroidmediawikipagegallerystylesmediawikiskinningcontentparsoidcsssalida_14069scssmodulesstylecsssalida_14069sectionsalida_14069
sharealikesalida_14069siglassalida_14069siglassalida_14069sitejssalida_14069sizesalida_14069sizesalida_14069sizesalida_14069sizesalida_14069skinsalida_14069solidsalida_14069srcsalida_14069srcsalida_14069srcsalida_14069srcsalida_14069srcsalida_14069srcsalida_14069srcsalida_14069srcsalida_14069srcsalida_14069srcsalida_14069srciminicialcsvgpngsalida_14069stablesalida_14069stylebordersalida_14069stylebordersolidsalida_14069stylebordersolidsalida_14069stylebordersolidsalida_14069stylebordersolidsalida_14069styleclearbothsalida_14069styleclearbothsalida_14069styledirectionsalida_14069
	stylefontsalida_14069subjectsalida_14069termssalida_14069textsalida_14069textsalida_14069textsalida_14069textsalida_14069textsalida_14069textsalida_14069textsalida_14069textsalida_14069textosalida_14069thesalida_14069thesalida_14069thesalida_14069thissalida_14069thissalida_14069tilessalida_14069titledespanischsalida_14069titleeohispanasalida_14069titleespaolanexoanexosalida_14069titleespaolcursocursosalida_14069titleespaolenlacesenlacessalida_14069titleespaolespaolsalida_14069titleespaolgramticagramticasalida_14069titleespaoljergassalida_14069titleespaollasalida_14069titleespaolmorfologamorfologasalida_14069titleespaolndicendicesalida_14069titleespaolortografaerroressalida_14069titleespaolortografagnerosalida_14069titleespaolortografamtodossalida_14069titleespaolortografaortografasalida_14069titleespaolortografapluralsalida_14069titleespaolortografareglassalida_14069titleespaolortografasmbolossalida_14069titleespaolortografausosalida_14069titleespaolortografausosalida_14069titleespaolortografausosalida_14069titleespaolortografausosalida_14069titleespaolortografausosalida_14069titleespaolortografausosalida_14069titleespaolortografausosalida_14069titleespaolortografausosalida_14069titleespaolortografausosalida_14069titleespaolpginasalida_14069titleespaolsintaxissintaxissalida_14069"!titleespaolvocabulariovocabulariosalida_14069titlefrenseignementsalida_14069
	titlelastsalida_14069titleplhiszpaskisalida_14069titleptespanholsalida_14069titleviempecemossalida_14069tosalida_14069todosalida_14069topsalida_14069topsalida_14069topsalida_14069toppxsalida_14069	topsolidsalida_14069typedrawingsalida_14069typetextcsssalida_14069typetextcsssalida_14069typetextcsssalida_14069typetextcsssalida_14069undersalida_14069vsalida_14069vsalida_14069variantsmallsalida_14069viewsalida_14069	viewportsalida_14069vusosalida_14069whitesalida_14069widthsalida_14069widthsalida_14069widthsalida_14069widthpxsalida_14069widthpxsalida_14069
	wikibookssalida_14069ysalida_14069ysalida_14069ysalida_14069ysalida_14069ysalida_14069ysalida_14069ysalida_14069ysalida_14069ysalida_14069ysalida_14069ysalida_14069ysalida_14069ysalida_14069ysalida_14069ysalida_14069yusosalida_14069zsalida_14069zusosalida_14069ˇˇß‡È