aaaaaasalida_10322actionsalida_10322
additionalsalida_10322alsalida_10322alsalida_10322alsalida_10322alsalida_10322alsalida_10322alsalida_10322alsalida_10322alsalida_10322alsalida_10322alsalida_10322alsalida_10322alsalida_10322alsalida_10322alsalida_10322alsalida_10322alsalida_10322alsalida_10322alsalida_10322alsalida_10322alsalida_10322alsalida_10322alsalida_10322alsalida_10322
animationssalida_10322applysalida_10322articlesalida_10322attributionsalida_10322avoidsalida_10322
backgroundsalida_10322bananasalida_10322blocksalida_10322blocksalida_10322bodysalida_10322bordersalida_10322centersalida_10322
charsetutfsalida_10322classsalida_10322classsalida_10322classsalida_10322classsalida_10322classsalida_10322classsalida_10322classsalida_10322classsalida_10322classsalida_10322classsalida_10322classsalida_10322classsalida_10322classsalida_10322classsalida_10322classclientsalida_10322classcontentsalida_10322classexternalsalida_10322classexternalsalida_10322classfeaturesalida_10322classmediawikisalida_10322classmwsalida_10322classsubpagessalida_10322collapsiblesalida_10322commonssalida_10322contentsalida_10322contentwidthdevicesalida_10322dashedsalida_10322datasalida_10322datasalida_10322datasalida_10322datasalida_10322datasalida_10322datasalida_10322datasalida_10322datasalida_10322datasalida_10322datasalida_10322delsalida_10322delsalida_10322delsalida_10322delsalida_10322delsalida_10322delsalida_10322delsalida_10322delsalida_10322delsalida_10322delsalida_10322delsalida_10322delsalida_10322delsalida_10322delsalida_10322delsalida_10322delsalida_10322delsalida_10322delsalida_10322delsalida_10322delsalida_10322delsalida_10322delsalida_10322delsalida_10322
	directionsalida_10322displaysalida_10322editedsalida_10322eeesalida_10322eltsalida_10322emsalida_10322emsalida_10322emsalida_10322emsalida_10322emsalida_10322emptysalida_10322errorsalida_10322filesalida_10322filesalida_10322filesalida_10322filesalida_10322filesalida_10322filesalida_10322filesalida_10322filesalida_10322filesalida_10322filessalida_10322forsalida_10322fromsalida_10322fromsalida_10322	functionsalida_10322gradientdegsalida_10322headersalida_10322heightsalida_10322heightsalida_10322heightsalida_10322heightsalida_10322heightsalida_10322heightsalida_10322hidesalida_10322hrefsalida_10322hrefsalida_10322hrefsalida_10322hrefsalida_10322&%hrefhttpscreativecommonsorglicensesbysalida_10322;:hrefhttpseswikibooksorgwikiwikichicosfncbamerosdelalfoldidsalida_10322hrefwikichicossalida_10322hrefwikichicosfncbamerosdelalfsalida_10322hrefwikichicosfncbamerosdelalfsalida_10322hrefwikichicosfncbamerosdelalfsalida_10322hrefwikichicosfncbamerosdelalfsalida_10322hrefwikichicosfncbamerosdelalfsalida_10322hrefwikichicosfncbamerosdelalfsalida_10322hrefwikichicosfncbamerosdelalfsalida_10322hrefwikichicosfncbamerosdelalfsalida_10322hrefwikichicosfncbamerosdelalfsalida_10322hrefwikichicosfncbamerosdelalfsalida_10322hrefwikichicosfncbamerosdelalfsalida_10322hrefwikichicosfncbamerosdelalfsalida_10322hrefwikichicosfncbamerosdelalfsalida_10322hrefwikichicosfncbamerosdelalfsalida_10322hrefwikichicosfncbamerosdelalfsalida_10322hrefwikichicosfncbamerosdelalfsalida_10322hrefwikichicosfncbamerosdelalfsalida_10322hrefwikichicosfncbamerosdelalfsalida_10322hrefwikichicosfncbamerosdelalfsalida_10322hrefwikichicosfncbamerosdelalfsalida_10322hrefwikichicosfncbamerosdelalfsalida_10322htdignoindexsalida_10322htdignoindexsalida_10322htmlsalida_10322idsalida_10322idbodycontentsalida_10322
	idcontentsalida_10322idmwsalida_10322idmwsalida_10322idmwsalida_10322idmwagsalida_10322idmwaqsalida_10322idmwawsalida_10322idmwbgsalida_10322idmwbqsalida_10322idmwcasalida_10322idmwcqsalida_10322idmwcwsalida_10322idmwdasalida_10322idmwdgsalida_10322
	idmwdqdossalida_10322idmwdwsalida_10322idmweapreviosalida_10322idmwegsalida_10322idmweqsalida_10322idmwewsalida_10322idmwfasalida_10322idmwfgsalida_10322idmwfqsalida_10322idmwfwsalida_10322idmwgasalida_10322idmwggsalida_10322idmwgqsalida_10322idmwgwsalida_10322idmwhasalida_10322idmwhgsalida_10322idmwhqsalida_10322idmwhwsalida_10322idmwiasalida_10322idmwigsalida_10322idmwiqsalida_10322idmwiwsalida_10322idmwjasiguientesalida_10322idmwjqsalida_10322idtopsalida_10322imagelinearsalida_10322
	importantsalida_10322importscriptsalida_10322initialsalida_10322inlinesalida_10322inlinesalida_10322inlinesalida_10322inlinesalida_10322inlinesalida_10322inlinesalida_10322issalida_10322issalida_10322issalida_10322issuedsalida_10322jjsmodulesarticlelisthomejssalida_10322jjsmodulesdetailspolyfilljssalida_10322jjsmodulesimagesloadedminjssalida_10322jjsmodulesjqueryjssalida_10322jjsmodulesjsconfigvarsjssalida_10322jjsmodulesmasonryminjssalida_10322jjsmodulesmediawikijssalida_10322jjsmodulesscriptjssalida_10322jjsmodulessitejssalida_10322jjsmodulesstartupjssalida_10322jssalida_10322	licensedsalida_10322ltrsalida_10322ltrsalida_10322marginsalida_10322maysalida_10322mediasalida_10322mfsalida_10322mfsalida_10322minervasalida_10322mwsalida_10322mwsalida_10322mwsalida_10322nameviewportsalida_10322nmerossalida_10322nssalida_10322nssalida_10322onsalida_10322outputsalida_10322paddingsalida_10322pagesalida_10322parsersalida_10322pltanossalida_10322pxsalida_10322relstylesheetsalida_10322relstylesheetsalida_10322relstylesheetsalida_10322relstylesheetsalida_10322returnsalida_10322
sacreativesalida_10322scalesalida_10322scssmodulescontentparsoidcsssalida_10322scssmodulesinsertedstylecsssalida_10322èùèõscssmodulesskinsminervabaseresetskinsminervacontentstylesextcitestylemobileapppagestylesandroidmediawikipagegallerystylesmediawikiskinningcontentparsoidcsssalida_10322scssmodulesstylecsssalida_10322sectionsalida_10322
sharealikesalida_10322sitejssalida_10322sizesalida_10322skinsalida_10322srcsalida_10322srcsalida_10322srcsalida_10322srcsalida_10322srcsalida_10322srcsalida_10322srcsalida_10322srcsalida_10322srcsalida_10322srcsalida_10322srcimbananenfruchtjpgsalida_10322srcimdeuxsvgpngsalida_10322srcimvusalida_10322stablesalida_10322styleclearbothsalida_10322styledirectionsalida_10322subjectsalida_10322termssalida_10322textsalida_10322textsalida_10322textsalida_10322textsalida_10322thesalida_10322thesalida_10322thesalida_10322thissalida_10322thissalida_10322
	titlelastsalida_10322titlewikichicosnmerossalida_10322titlewikichicosnmerossalida_10322titlewikichicosnmerossalida_10322titlewikichicosnmerossalida_10322titlewikichicosnmerossalida_10322titlewikichicosnmerossalida_10322titlewikichicosnmerossalida_10322titlewikichicosnmerossalida_10322titlewikichicosnmerossalida_10322titlewikichicosnmerossalida_10322titlewikichicosnmerossalida_10322titlewikichicosnmerossalida_10322titlewikichicosnmerossalida_10322titlewikichicosnmerossalida_10322titlewikichicosnmerossalida_10322titlewikichicosnmerossalida_10322titlewikichicosnmerossalida_10322titlewikichicosnmerossalida_10322titlewikichicosnmerossalida_10322titlewikichicosnmerossalida_10322titlewikichicosnmerossalida_10322titlewikichicoswikichicossalida_10322tosalida_10322topsalida_10322topsalida_10322
typebitmapsalida_10322
typebitmapsalida_10322typedrawingsalida_10322typetextcsssalida_10322typetextcsssalida_10322typetextcsssalida_10322typetextcsssalida_10322undersalida_10322vsalida_10322viewsalida_10322	viewportsalida_10322whitesalida_10322widthsalida_10322widthsalida_10322widthsalida_10322widthsalida_10322widthsalida_10322widthsalida_10322widthsalida_10322
	wikibookssalida_10322wikichicosnmerossalida_10322xpngsalida_10322ˇˇ1ÖNv