aaaaaa
salida_227acero
salida_227acero
salida_227acero
salida_227acero
salida_227acero
salida_227action
salida_227acumula
salida_227
additional
salida_227agua
salida_227al
salida_227al
salida_227ambos
salida_227
animations
salida_227apply
salida_227article
salida_227as
salida_227attribution
salida_227avoid
salida_227
background
salida_227block
salida_227block
salida_227body
salida_227border
salida_227capa
salida_227caso
salida_227	causando
salida_227center
salida_227
charsetutf
salida_227class
salida_227class
salida_227class
salida_227class
salida_227class
salida_227class
salida_227class
salida_227class
salida_227class
salida_227class
salida_227class
salida_227class
salida_227class
salida_227class
salida_227classclient
salida_227classcontent
salida_227classexternal
salida_227classexternal
salida_227classfeature
salida_227classmediawiki
salida_227classmw
salida_227classsubpages
salida_227collapsible
salida_227commons
salida_227como
salida_227como
salida_227	consiste
salida_227construccin
salida_227content
salida_227contentwidthdevice
salida_227
	corriente
salida_227corrosicbnoldid
salida_227	corrosin
salida_227	corrosin
salida_227	corrosin
salida_227ctodo
salida_227dashed
salida_227data
salida_227de
salida_227de
salida_227de
salida_227de
salida_227de
salida_227de
salida_227de
salida_227de
salida_227de
salida_227de
salida_227de
salida_227de
salida_227de
salida_227de
salida_227de
salida_227de
salida_227decir
salida_227del
salida_227del
salida_227descomposicin
salida_227
	deterioro
salida_227
	direction
salida_227display
salida_227
edificacin
salida_227edificacinestructuras
salida_227edificacinestructuras
salida_227edificacinpatologa
salida_227edited
salida_227eee
salida_227el
salida_227el
salida_227el
salida_227el
salida_227el
salida_227el
salida_227el
salida_227el
salida_227el
salida_227	elctrico
salida_227electrolito
salida_227
electrones
salida_227
electrones
salida_227electroqumico
salida_227elt
salida_227em
salida_227em
salida_227em
salida_227em
salida_227em
salida_227empty
salida_227en
salida_227en
salida_227en
salida_227en
salida_227en
salida_227en
salida_227en
salida_227entre
salida_227entre
salida_227error
salida_227es
salida_227es
salida_227es
salida_227
	establece
salida_227estructuras
salida_227evitar
salida_227
	extendida
salida_227files
salida_227for
salida_227	formacin
salida_227from
salida_227from
salida_227frricos
salida_227fruto
salida_227	function
salida_227fundamentalmente
salida_227	galvnico
salida_227gradientdeg
salida_227habr
salida_227header
salida_227hide
salida_227	hidrxido
salida_227	hidrxido
salida_227hierro
salida_227hierro
salida_227hierro
salida_227hierro
salida_227href
salida_227href
salida_227href
salida_227href
salida_227&%hrefhttpscreativecommonsorglicensesby
salida_227^]hrefhttpseswikibooksorgwikipatologcadadelaedificacicbnfestructurasmetcalicasfacerofoxidacicbn
salida_227 hrefpatologcadadelaedificacicbn
salida_227cbhrefpatologcadadelaedificacicbnfestructurasmetcalicasfacerofcausasmaterialesymecanismosdedeterioro
salida_227htdignoindex
salida_227htdignoindex
salida_227html
salida_227id
salida_227idbodycontent
salida_227
	idcontent
salida_227idmw
salida_227idmw
salida_227idmw
salida_227idmwag
salida_227idmwaq
salida_227idmwawoxidacin
salida_227
idmwbatipo
salida_227idmwbg
salida_227idmwbq
salida_227idmwbw
salida_227	idmwcael
salida_227idmwcg
salida_227idmwcq
salida_227idmwcw
salida_227	idmwdala
salida_227idmweacausas
salida_227idtop
salida_227imagelinear
salida_227
	important
salida_227importscript
salida_227inicial
salida_227initial
salida_227intercambio
salida_227is
salida_227is
salida_227is
salida_227issued
salida_227jjsmodulesarticlelisthomejs
salida_227jjsmodulesdetailspolyfilljs
salida_227jjsmodulesimagesloadedminjs
salida_227jjsmodulesjqueryjs
salida_227jjsmodulesjsconfigvarsjs
salida_227jjsmodulesmasonryminjs
salida_227jjsmodulesmediawikijs
salida_227jjsmodulesscriptjs
salida_227jjsmodulessitejs
salida_227jjsmodulesstartupjs
salida_227js
salida_227la
salida_227la
salida_227la
salida_227la
salida_227la
salida_227la
salida_227la
salida_227la
salida_227la
salida_227la
salida_227la
salida_227las
salida_227lesin
salida_227	licensed
salida_227los
salida_227los
salida_227ltr
salida_227ltr
salida_227margin
salida_227
materiales
salida_227may
salida_227
mecanismos
salida_227media
salida_227medio
salida_227metales
salida_227	metlicas
salida_227metlicasacerocausas
salida_227metlicasacerooxidacin
salida_227mf
salida_227mf
salida_227minerva
salida_227momento
salida_227ms
salida_227mw
salida_227mw
salida_227mw
salida_227nameviewport
salida_227
	necesario
salida_227	negativo
salida_227nodo
salida_227ns
salida_227ns
salida_227o
salida_227o
salida_227on
salida_227output
salida_227	oxidacin
salida_227	oxidacin
salida_227padding
salida_227page
salida_227par
salida_227parser
salida_227	patologa
salida_227polo
salida_227polo
salida_227poros
salida_227	positivo
salida_227
	potencial
salida_227	presente
salida_227	presente
salida_227	prevenir
salida_227primero
salida_227primero
salida_227produciendo
salida_227px
salida_227que
salida_227que
salida_227que
salida_227que
salida_227que
salida_227relstylesheet
salida_227relstylesheet
salida_227relstylesheet
salida_227relstylesheet
salida_227reparar
salida_227resulta
salida_227return
salida_227
sacreative
salida_227scale
salida_227scssmodulescontentparsoidcss
salida_227scssmodulesinsertedstylecss
salida_227èùèõscssmodulesskinsminervabaseresetskinsminervacontentstylesextcitestylemobileapppagestylesandroidmediawikipagegallerystylesmediawikiskinningcontentparsoidcss
salida_227scssmodulesstylecss
salida_227se
salida_227se
salida_227section
salida_227segundo
salida_227ser
salida_227
sharealike
salida_227sitejs
salida_227skin
salida_227src
salida_227src
salida_227src
salida_227src
salida_227src
salida_227src
salida_227src
salida_227src
salida_227src
salida_227src
salida_227stable
salida_227styleclearboth
salida_227styledirection
salida_227subject
salida_227	superior
salida_227sus
salida_227tener
salida_227terms
salida_227text
salida_227text
salida_227text
salida_227text
salida_227the
salida_227the
salida_227the
salida_227this
salida_227this
salida_227
	titlelast
salida_227titlepatologa
salida_227titlepatologa
salida_227to
salida_227todo
salida_227top
salida_227top
salida_227typetextcss
salida_227typetextcss
salida_227typetextcss
salida_227typetextcss
salida_227un
salida_227un
salida_227una
salida_227under
salida_227v
salida_227view
salida_227	viewport
salida_227white
salida_227width
salida_227
	wikibooks
salida_227xido
salida_227y
salida_227y
salida_227y
salida_227y
salida_227y
salida_227y
salida_227ˇˇ;Í∞#