aaaaaasalida_7272actionsalida_7272
additionalsalida_7272	alocacinsalida_7272	alocacinsalida_7272
animationssalida_7272applysalida_7272articlesalida_7272attributionsalida_7272avoidsalida_7272
backgroundsalida_7272blocksalida_7272blocksalida_7272bodysalida_7272bordersalida_7272centersalida_7272
charsetutfsalida_7272classsalida_7272classsalida_7272classsalida_7272classsalida_7272classsalida_7272classsalida_7272classsalida_7272classsalida_7272classsalida_7272classsalida_7272classsalida_7272classsalida_7272classsalida_7272classsalida_7272classclientsalida_7272classcontentsalida_7272classexternalsalida_7272classexternalsalida_7272classfeaturesalida_7272classmediawikisalida_7272classmwsalida_7272classsubpagessalida_7272collapsiblesalida_7272commonssalida_7272	compaerosalida_7272	compaerosalida_7272contentsalida_7272contentwidthdevicesalida_7272dashedsalida_7272datasalida_7272datasalida_7272datasalida_7272desalida_7272desalida_7272desalida_7272desalida_7272desalida_7272desalida_7272desalida_7272desalida_7272desalida_7272desalida_7272desalida_7272desalida_7272desalida_7272desalida_7272desalida_7272desalida_7272desalida_7272desalida_7272desalida_7272desalida_7272desalida_7272desalida_7272delsalida_7272delsalida_7272delsalida_7272delsalida_7272delsalida_7272delsalida_7272
	directionsalida_7272displaysalida_7272esalida_7272esalida_7272esalida_7272esalida_7272editedsalida_7272eeesalida_7272eltsalida_7272emsalida_7272emsalida_7272emsalida_7272emsalida_7272emsalida_7272emptysalida_7272ensalida_7272ensalida_7272ensalida_7272ensalida_7272ensalida_7272ensalida_7272ensalida_7272ensalida_7272errorsalida_7272
estudiantesalida_7272
estudiantesalida_7272
estudiantesalida_7272
estudiantesalida_7272
estudiantesalida_7272
estudiantesalida_7272filessalida_7272finalsalida_7272finalsalida_7272forsalida_7272fromsalida_7272fromsalida_7272	functionsalida_7272gestinsalida_7272gestinsalida_7272gradientdegsalida_7272headersalida_7272hidesalida_7272hrefsalida_7272hrefsalida_7272hrefsalida_7272hrefsalida_7272&%hrefhttpscreativecommonsorglicensesbysalida_7272}|hrefhttpseswikibooksorgwikimanualdelestudiantedeingeniercadaensistemasdeutnfdisecboeimplementacicbndesistemasoperativosoldidsalida_727254hrefmanualdelestudiantedeingeniercadaensistemasdeutnsalida_7272èãèâhrefmanualdelestudiantedeingeniercadaensistemasdeutnfdisecboeimplementacicbndesistemasoperativosfelsistemacompacberodealocacicbndememoriasalida_7272|{hrefmanualdelestudiantedeingeniercadaensistemasdeutnfdisecboeimplementacicbndesistemasoperativosflagesticbndememoriaenminixsalida_7272nmhrefmanualdelestudiantedeingeniercadaensistemasdeutnfdisecboeimplementacicbndesistemasoperativosftrabajofinalsalida_7272htdignoindexsalida_7272htdignoindexsalida_7272htmlsalida_7272idsalida_7272idsalida_7272idsalida_7272idbodycontentsalida_7272idcontenidocontenidosalida_7272
	idcontentsalida_7272idmwsalida_7272idmwsalida_7272idmwsalida_7272idmwagsalida_7272idmwaqsalida_7272idmwawsalida_7272	idmwbalasalida_7272	idmwbgelsalida_7272idmwbqsalida_7272idmwbwsalida_7272idmwcasalida_7272idmwcgtrabajosalida_7272idmwcqsalida_7272idprcticaprcticasalida_7272idtopsalida_7272imagelinearsalida_7272implementacinsalida_7272implementacinsalida_7272implementacinsalida_7272implementacinsalida_7272
	importantsalida_7272importscriptsalida_7272
	ingenierasalida_7272
	ingenierasalida_7272
	ingenierasalida_7272
	ingenierasalida_7272
	ingenierasalida_7272
	ingenierasalida_7272initialsalida_7272issalida_7272issalida_7272issalida_7272issuedsalida_7272jjsmodulesarticlelisthomejssalida_7272jjsmodulesdetailspolyfilljssalida_7272jjsmodulesimagesloadedminjssalida_7272jjsmodulesjqueryjssalida_7272jjsmodulesjsconfigvarsjssalida_7272jjsmodulesmasonryminjssalida_7272jjsmodulesmediawikijssalida_7272jjsmodulesscriptjssalida_7272jjsmodulessitejssalida_7272jjsmodulesstartupjssalida_7272jssalida_7272	licensedsalida_7272ltrsalida_7272ltrsalida_7272manualsalida_7272marginsalida_7272maysalida_7272mediasalida_7272memoriasalida_7272memoriasalida_7272memoriasalida_7272memoriasalida_7272mfsalida_7272mfsalida_7272minervasalida_7272minixsalida_7272minixsalida_7272mwsalida_7272mwsalida_7272mwsalida_7272mwsalida_7272mwsalida_7272nameviewportsalida_7272nssalida_7272nssalida_7272onsalida_7272
operativossalida_7272operativoselsalida_7272operativoslasalida_7272operativostrabajosalida_7272outputsalida_7272paddingsalida_7272pagesalida_7272parsersalida_7272pxsalida_7272relstylesheetsalida_7272relstylesheetsalida_7272relstylesheetsalida_7272relstylesheetsalida_7272returnsalida_7272
sacreativesalida_7272scalesalida_7272scssmodulescontentparsoidcsssalida_7272scssmodulesinsertedstylecsssalida_7272èùèõscssmodulesskinsminervabaseresetskinsminervacontentstylesextcitestylemobileapppagestylesandroidmediawikipagegallerystylesmediawikiskinningcontentparsoidcsssalida_7272scssmodulesstylecsssalida_7272sectionsalida_7272sectionsalida_7272sectionsalida_7272
sharealikesalida_7272sistemasalida_7272sistemasalida_7272	sistemassalida_7272	sistemassalida_7272	sistemassalida_7272	sistemassalida_7272	sistemassalida_7272	sistemassalida_7272	sistemassalida_7272	sistemassalida_7272	sistemassalida_7272	sistemassalida_7272sitejssalida_7272skinsalida_7272srcsalida_7272srcsalida_7272srcsalida_7272srcsalida_7272srcsalida_7272srcsalida_7272srcsalida_7272srcsalida_7272srcsalida_7272srcsalida_7272stablesalida_7272styleclearbothsalida_7272styledirectionsalida_7272subjectsalida_7272termssalida_7272textsalida_7272textsalida_7272textsalida_7272textsalida_7272thesalida_7272thesalida_7272thesalida_7272thissalida_7272thissalida_7272
	titlelastsalida_7272titlemanualsalida_7272titlemanualsalida_7272titlemanualsalida_7272titlemanualsalida_7272tosalida_7272topsalida_7272topsalida_7272typetextcsssalida_7272typetextcsssalida_7272typetextcsssalida_7272typetextcsssalida_7272undersalida_7272utnsalida_7272	utndiseosalida_7272	utndiseosalida_7272	utndiseosalida_7272	utndiseosalida_7272
	utnmanualsalida_7272vsalida_7272viewsalida_7272	viewportsalida_7272whitesalida_7272widthsalida_7272
	wikibookssalida_7272ˇˇ¸-2