asalida_12057asalida_12057aaaaaasalida_12057abrirsalida_12057actionsalida_12057
additionalsalida_12057alsalida_12057andsalida_12057
animationssalida_12057
	aplicadassalida_12057applysalida_12057
aprovecharsalida_12057
	arrastrarsalida_12057arribasalida_12057articlesalida_12057attributionsalida_12057avoidsalida_12057
backgroundsalida_12057barrasalida_12057basesalida_12057basesalida_12057blocksalida_12057blocksalida_12057bodysalida_12057bordersalida_12057centersalida_12057
charsetutfsalida_12057cierresalida_12057classsalida_12057classsalida_12057classsalida_12057classsalida_12057classsalida_12057classsalida_12057classsalida_12057classsalida_12057classsalida_12057classsalida_12057classsalida_12057classsalida_12057classsalida_12057classsalida_12057classclientsalida_12057classcontentsalida_12057classexternalsalida_12057classexternalsalida_12057classfeaturesalida_12057classmediawikisalida_12057classmwsalida_12057classmwsalida_12057classmwsalida_12057classmwsalida_12057classmwsalida_12057classsubpagessalida_12057clutsalida_12057collapsiblesalida_12057commonssalida_12057consalida_12057consalida_12057	conjuntosalida_12057contentsalida_12057contentwidthdevicesalida_12057
	controlarsalida_12057ctsalida_12057
	cualquiersalida_12057
	cualquiersalida_12057cursorsalida_12057dsalida_12057dsalida_12057dsalida_12057dsalida_12057dashedsalida_12057datasalida_12057datasalida_12057datasalida_12057datasalida_12057datasalida_12057datasalida_12057datasalida_12057datasalida_12057datasalida_12057datasalida_12057datasalida_12057datasalida_12057datasalida_12057datossalida_12057datossalida_12057desalida_12057desalida_12057desalida_12057desalida_12057desalida_12057desalida_12057desalida_12057desalida_12057desalida_12057desalida_12057desalida_12057desalida_12057desalida_12057desalida_12057desalida_12057desalida_12057desalida_12057desalida_12057desalida_12057desalida_12057desalida_12057desalida_12057desalida_12057desalida_12057desalida_12057desalida_12057desalida_12057desalida_12057defaultsalida_12057defaultsalida_12057defaultsalida_12057defaultsalida_12057delsalida_12057dicomsalida_12057dicomsalida_12057
	directionsalida_12057displaysalida_12057
disponiblesalida_12057documentacinsalida_12057dossalida_12057dragsalida_12057dropsalida_12057editedsalida_12057eeesalida_12057elsalida_12057elsalida_12057elsalida_12057eltsalida_12057emsalida_12057emsalida_12057emsalida_12057emsalida_12057emsalida_12057emptysalida_12057ensalida_12057ensalida_12057ensalida_12057ensalida_12057ensalida_12057ensalida_12057ensalida_12057ensalida_12057ensalida_12057ensalida_12057ensalida_12057ensalida_12057ensalida_12057ensalida_12057entresalida_12057errorsalida_12057estasalida_12057estasalida_12057estarnsalida_12057etcsalida_12057filesalida_12057filesalida_12057filesalida_12057filesalida_12057filesalida_12057filesalida_12057filesalida_12057filesalida_12057filesalida_12057filesalida_12057filesalida_12057filesalida_12057filessalida_12057forsalida_12057fromsalida_12057fromsalida_12057	functionsalida_12057fusinsalida_12057fusinsalida_12057fusinsalida_12057fusinsalida_12057fusionsalida_12057	fusionarsalida_12057gradientdegsalida_12057headersalida_12057heightsalida_12057heightsalida_12057heightsalida_12057heightsalida_12057heightsalida_12057heightsalida_12057heightsalida_12057heightsalida_12057herramientassalida_12057hidesalida_12057hrefsalida_12057hrefsalida_12057hrefsalida_12057hrefsalida_12057$#hrefdocumentacicbnenlcadneadeosirixsalida_12057$#hrefdocumentacicbnenlcadneadeosirixsalida_12057$#hrefdocumentacicbnenlcadneadeosirixsalida_12057$#hrefdocumentacicbnenlcadneadeosirixsalida_12057$#hrefdocumentacicbnenlcadneadeosirixsalida_12057KJhrefdocumentacicbnenlcadneadeosirixfabririmcagenesquenoseandicomypeliculassalida_12057KJhrefdocumentacicbnenlcadneadeosirixfabririmcagenesquenoseandicomypeliculassalida_12057IHhrefdocumentacicbnenlcadneadeosirixfadministrarunabasededatososirixlocalsalida_12057IHhrefdocumentacicbnenlcadneadeosirixfadministrarunabasededatososirixlocalsalida_12057&%hrefhttpscreativecommonsorglicensesbysalida_12057RQhrefhttpseswikibooksorgwikidocumentacicbnenlcadneadeosirixffusionarimcagenesoldidsalida_12057htdignoindexsalida_12057htdignoindexsalida_12057htmlsalida_12057iconosalida_12057iconosalida_12057idsalida_12057idbodycontentsalida_12057
	idcontentsalida_12057idmwsalida_12057idmwsalida_12057idmwsalida_12057idmwagsalida_12057idmwaqsalida_12057idmwawosirixsalida_12057idmwbasalida_12057idmwbgsalida_12057idmwbqsalida_12057idmwbwsalida_12057idmwcasalida_12057idmwcgsalida_12057idmwcqosirixsalida_12057idmwcwsalida_12057idmwdasalida_12057idmwdgsalida_12057idmwdwsalida_12057	idmweaelsalida_12057idmwegsalida_12057idmweqsalida_12057idmwewsalida_12057idmwfasalida_12057idmwfgsalida_12057idmwfwsalida_12057idmwgafusinsalida_12057idmwggsalida_12057idmwgqsalida_12057	idmwgwlasalida_12057idmwhasalida_12057idmwhqsalida_12057idmwhwsalida_12057idmwiasalida_12057idmwigsalida_12057idmwiqfusinsalida_12057idmwiwsalida_12057idmwjasalida_12057idmwjqsalida_12057idmwjwsalida_12057idmwkasalida_12057idmwkgsalida_12057idmwkqfusinsalida_12057idmwkwsalida_12057idmwlaosirixsalida_12057idmwlgsalida_12057idmwlqsalida_12057idmwlwsalida_12057idmwmasalida_12057idtopsalida_12057imagelinearsalida_12057imgenessalida_12057imgenessalida_12057imgenessalida_12057imgenessalida_12057imgenessalida_12057imgenessalida_12057imgenessalida_12057imgenessalida_12057implicasalida_12057
	importantsalida_12057importscriptsalida_12057initialsalida_12057inlinesalida_12057inlinesalida_12057inlinesalida_12057inlinesalida_12057inlinesalida_12057inlinesalida_12057inlinesalida_12057inlinesalida_12057
intensidadsalida_12057issalida_12057issalida_12057issalida_12057issuedsalida_12057	izquierasalida_12057jjsmodulesarticlelisthomejssalida_12057jjsmodulesdetailspolyfilljssalida_12057jjsmodulesimagesloadedminjssalida_12057jjsmodulesjqueryjssalida_12057jjsmodulesjsconfigvarsjssalida_12057jjsmodulesmasonryminjssalida_12057jjsmodulesmediawikijssalida_12057jjsmodulesscriptjssalida_12057jjsmodulessitejssalida_12057jjsmodulesstartupjssalida_12057jssalida_12057lasalida_12057lasalida_12057lasalida_12057lasalida_12057lasalida_12057lasalida_12057lasalida_12057lasalida_12057lassalida_12057	licensedsalida_12057lneasalida_12057lneasalida_12057lneasalida_12057lneasalida_12057lneasalida_12057lneasalida_12057lneasalida_12057lneasalida_12057lneasalida_12057lneasalida_12057lneasalida_12057losalida_12057localsalida_12057localsalida_12057lossalida_12057lossalida_12057ltrsalida_12057ltrsalida_12057luegosalida_12057marginsalida_12057maysalida_12057mediasalida_12057mfsalida_12057mfsalida_12057minervasalida_12057mipsalida_12057	modificasalida_12057modificacionessalida_12057mprsalida_12057mprsalida_12057mwsalida_12057mwsalida_12057mwsalida_12057nameviewportsalida_12057nosalida_12057nosalida_12057nombresalida_12057nssalida_12057nssalida_12057onsalida_12057osirixsalida_12057osirixsalida_12057osirixsalida_12057osirixsalida_12057osirixsalida_12057osirixsalida_12057osirixsalida_12057osirixabrirsalida_12057osirixabrirsalida_12057osirixadministrarsalida_12057osirixadministrarsalida_12057osirixdocumentacinsalida_12057osirixfusionarsalida_12057otrasalida_12057otrosalida_12057outputsalida_12057paddingsalida_12057pagesalida_12057parasalida_12057pararsalida_12057parsersalida_12057
	peliculassalida_12057
	peliculassalida_12057
percentagesalida_12057petsalida_12057primersalida_12057puedesalida_12057puedesalida_12057puedesalida_12057pxsalida_12057quesalida_12057quesalida_12057quesalida_12057quesalida_12057reconstruccionessalida_12057relstylesheetsalida_12057relstylesheetsalida_12057relstylesheetsalida_12057relstylesheetsalida_12057	rendereosalida_12057returnsalida_12057sabesalida_12057
sacreativesalida_12057scalesalida_12057scssmodulescontentparsoidcsssalida_12057scssmodulesinsertedstylecsssalida_12057èùèõscssmodulesskinsminervabaseresetskinsminervacontentstylesextcitestylemobileapppagestylesandroidmediawikipagegallerystylesmediawikiskinningcontentparsoidcsssalida_12057scssmodulesstylecsssalida_12057seansalida_12057seansalida_12057sectionsalida_12057segundosalida_12057seriesalida_12057seriesalida_12057seriesalida_12057seriesalida_12057seriessalida_12057seriessalida_12057seriessalida_12057
sharealikesalida_12057sisalida_12057sisalida_12057sitejssalida_12057sizesalida_12057sizesalida_12057sizesalida_12057sizesalida_12057skinsalida_12057sobresalida_12057
	solamentesalida_12057soltarsalida_12057srcsalida_12057srcsalida_12057srcsalida_12057srcsalida_12057srcsalida_12057srcsalida_12057srcsalida_12057srcsalida_12057srcsalida_12057srcsalida_12057srcimosirixjpgsalida_12057srcimosirixjpgsalida_12057srcimosirixjpgsalida_12057srcimosirixjpgsalida_12057stablesalida_12057styleclearbothsalida_12057styledirectionsalida_12057subjectsalida_12057
superponersalida_12057
superponersalida_12057tambinsalida_12057tambinsalida_12057termssalida_12057textsalida_12057textsalida_12057textsalida_12057textsalida_12057thesalida_12057thesalida_12057thesalida_12057thissalida_12057thissalida_12057titledocumentacinsalida_12057titledocumentacinsalida_12057titledocumentacinsalida_12057titledocumentacinsalida_12057titledocumentacinsalida_12057titledocumentacinsalida_12057titledocumentacinsalida_12057titledocumentacinsalida_12057titledocumentacinsalida_12057
	titlelastsalida_12057titulosalida_12057tosalida_12057topsalida_12057topsalida_12057
typebitmapsalida_12057
typebitmapsalida_12057
typebitmapsalida_12057
typebitmapsalida_12057typetextcsssalida_12057typetextcsssalida_12057typetextcsssalida_12057typetextcsssalida_12057ubicadosalida_12057unsalida_12057unasalida_12057unasalida_12057undersalida_12057unosalida_12057ustedsalida_12057ustedsalida_12057ustedsalida_12057ustedsalida_12057vsalida_12057ventanasalida_12057ventanasalida_12057ventanasalida_12057ventanasalida_12057ventanasalida_12057ventanasalida_12057viewsalida_12057	viewportsalida_12057volumensalida_12057whitesalida_12057widthsalida_12057widthsalida_12057widthsalida_12057widthsalida_12057widthsalida_12057widthsalida_12057widthsalida_12057widthsalida_12057widthsalida_12057
	wikibookssalida_12057ysalida_12057ysalida_12057ysalida_12057ysalida_12057ysalida_12057zoomrotacinsalida_12057ˇˇÇ¡ 