a
salida_385a
salida_385a
salida_385aaaaaa
salida_385acceso
salida_385action
salida_385
additional
salida_385
alignright
salida_385all
salida_385all
salida_385all
salida_385all
salida_385all
salida_385alt
salida_385and
salida_385
animations
salida_385apply
salida_385	argument
salida_385around
salida_385article
salida_385attempt
salida_385attribution
salida_385
	available
salida_385
	available
salida_385avoid
salida_385b
salida_385b
salida_385back
salida_385back
salida_385
background
salida_385	backward
salida_385	backward
salida_385	backward
salida_385
	backwards
salida_385
	backwards
salida_385
	backwards
salida_385bash
salida_385bash
salida_385between
salida_385bfffbf
salida_385bfffbf
salida_385bfffbf
salida_385bgcolorgainsboro
salida_385block
salida_385block
salida_385body
salida_385border
salida_385border
salida_385border
salida_385border
salida_385border
salida_385c
salida_385c
salida_385
capitalize
salida_385cellpadding
salida_385cellspacing
salida_385center
salida_385char
salida_385char
salida_385
charsetutf
salida_385class
salida_385class
salida_385class
salida_385class
salida_385class
salida_385class
salida_385class
salida_385class
salida_385class
salida_385class
salida_385class
salida_385class
salida_385class
salida_385class
salida_385classclient
salida_385classcontent
salida_385classexternal
salida_385classexternal
salida_385classfeature
salida_385classmediawiki
salida_385classmw
salida_385clear
salida_385collapsible
salida_385color
salida_385color
salida_385color
salida_385colspan
salida_385colspan
salida_385colspan
salida_385colspan
salida_385colspan
salida_385colspan
salida_385colspan
salida_385colspan
salida_385	comandos
salida_385	comandos
salida_385command
salida_385command
salida_385command
salida_385command
salida_385	commands
salida_385commandscommon
salida_385commons
salida_385	complete
salida_385
completion
salida_385completions
salida_385completions
salida_385content
salida_385contentwidthdevice
salida_385ctrl
salida_385current
salida_385current
salida_385cursor
salida_385cursor
salida_385cursor
salida_385cursor
salida_385d
salida_385d
salida_385dashed
salida_385data
salida_385data
salida_385de
salida_385de
salida_385de
salida_385de
salida_385de
salida_385delete
salida_385delete
salida_385delete
salida_385delete
salida_385delete
salida_385desktop
salida_385dir
salida_385
	direction
salida_385
	directory
salida_385dirs
salida_385dirs
salida_385display
salida_385e
salida_385edited
salida_385eee
salida_385elt
salida_385em
salida_385em
salida_385em
salida_385em
salida_385em
salida_385em
salida_385em
salida_385em
salida_385empty
salida_385en
salida_385en
salida_385end
salida_385entire
salida_385entries
salida_385eol
salida_385eol
salida_385error
salida_385	etchosts
salida_385
	etcpasswd
salida_385f
salida_385f
salida_385fcil
salida_385ffff
salida_385ffff
salida_385ffff
salida_385	filename
salida_385files
salida_385first
salida_385for
salida_385forward
salida_385forward
salida_385	forwards
salida_385from
salida_385from
salida_385from
salida_385from
salida_385from
salida_385from
salida_385from
salida_385	function
salida_385gradientdeg
salida_385hacks
salida_385header
salida_385hidden
salida_385hidden
salida_385hidden
salida_385hide
salida_385history
salida_385history
salida_385history
salida_385history
salida_385history
salida_385history
salida_385	hostname
salida_385href
salida_385href
salida_385href
salida_385href
salida_385&%hrefhttpscreativecommonsorglicensesby
salida_385)(hrefhttpseswikibooksorgwikihacksparaunix
salida_385htdignoindex
salida_385htdignoindex
salida_385html
salida_385id
salida_385id
salida_385idbodycontent
salida_385
	idcontent
salida_385idlistadeteclaslista
salida_385idmw
salida_385idmw
salida_385idmw
salida_385idmwag
salida_385idmwaq
salida_385idmwaw
salida_385idmwba
salida_385idmwbg
salida_385idmwbq
salida_385idmwbw
salida_385idmwcaacceso
salida_385idmwcg
salida_385idmwcq
salida_385idmwcw
salida_385idmwdadificultad
salida_385
	idmwdgmuy
salida_385idmwdq
salida_385idmwdw
salida_385idmweanecesitas
salida_385idmweg
salida_385idmweq
salida_385idmwew
salida_385idmwfaprogramas
salida_385idmwfg
salida_385idmwfq
salida_385idmwfw
salida_385idmwgacomandos
salida_385idmwgg
salida_385idmwgq
salida_385idmwgw
salida_385idmwhaarchivos
salida_385idmwhg
salida_385idmwhq
salida_385idmwhw
salida_385idmwiaestandares
salida_385idmwig
salida_385idmwiq
salida_385idmwiw
salida_385idmwjaenlaces
salida_385idmwjg
salida_385idmwjq
salida_385idmwjw
salida_385idmwka
salida_385idmwkg
salida_385idmwkq
salida_385idmwkw
salida_385idmwlalista
salida_385idmwlg
salida_385idmwlq
salida_385
idmwlwctrl
salida_385
idmwmactrl
salida_385
idmwmgctrl
salida_385
idmwmqctrl
salida_385
idmwmwctrl
salida_385
idmwnactrl
salida_385
idmwngctrl
salida_385
idmwnqctrl
salida_385
idmwnwctrl
salida_385
idmwoactrl
salida_385
idmwogctrl
salida_385
idmwoqctrl
salida_385
idmwowctrl
salida_385
idmwpactrl
salida_385idmwpg
salida_385idmwpq
salida_385idmwpw
salida_385idmwqalista
salida_385idmwqg
salida_385idmwqq
salida_385
	idmwqwalt
salida_385
	idmwraalt
salida_385
	idmwrgalt
salida_385
	idmwrqalt
salida_385
	idmwrwalt
salida_385
	idmwsaalt
salida_385
	idmwsgalt
salida_385
	idmwsqalt
salida_385
	idmwswalt
salida_385
	idmwtaalt
salida_385
	idmwtgalt
salida_385
	idmwtqalt
salida_385
	idmwtwalt
salida_385
	idmwuaalt
salida_385
	idmwugalt
salida_385
	idmwuqalt
salida_385
	idmwuwalt
salida_385idmwva
salida_385idmwvg
salida_385idmwvq
salida_385
idmwvwhere
salida_385idmwwa
salida_385idmwwg
salida_385idmwwq
salida_385idmwww
salida_385idmwxa
salida_385idmwxg
salida_385idmwxq
salida_385idmwxw
salida_385idmwya
salida_385idmwyg
salida_385idmwyq
salida_385idtop
salida_385imagelinear
salida_385
	important
salida_385importscript
salida_385in
salida_385in
salida_385
	including
salida_385
	including
salida_385incremental
salida_385incremental
salida_385initial
salida_385insert
salida_385inside
salida_385inside
salida_385is
salida_385is
salida_385is
salida_385issued
salida_385jjsmodulesarticlelisthomejs
salida_385jjsmodulesdetailspolyfilljs
salida_385jjsmodulesimagesloadedminjs
salida_385jjsmodulesjqueryjs
salida_385jjsmodulesjsconfigvarsjs
salida_385jjsmodulesmasonryminjs
salida_385jjsmodulesmediawikijs
salida_385jjsmodulesscriptjs
salida_385jjsmodulessitejs
salida_385jjsmodulesstartupjs
salida_385js
salida_385jump
salida_385jump
salida_385k
salida_385l
salida_385l
salida_385la
salida_385la
salida_385last
salida_385last
salida_385	licensed
salida_385like
salida_385like
salida_385&%likeateclasdeaccesorcapidoenbasholdid
salida_385line
salida_385line
salida_385line
salida_385line
salida_385list
salida_385
	lowercase
salida_385ls
salida_385ltr
salida_385ltr
salida_385make
salida_385make
salida_385margin
salida_385mas
salida_385may
salida_385means
salida_385media
salida_385mf
salida_385mf
salida_385minerva
salida_385move
salida_385move
salida_385move
salida_385move
salida_385move
salida_385move
salida_385move
salida_385move
salida_385multi
salida_385mw
salida_385mw
salida_385mw
salida_385mw
salida_385n
salida_385nameviewport
salida_385non
salida_385non
salida_385ns
salida_385ns
salida_385
occurrence
salida_385of
salida_385of
salida_385on
salida_385on
salida_385one
salida_385one
salida_385one
salida_385only
salida_385only
salida_385or
salida_385output
salida_385output
salida_385p
salida_385padding
salida_385padding
salida_385padding
salida_385padding
salida_385page
salida_385para
salida_385parser
salida_385	position
salida_385	possible
salida_385	possible
salida_385present
salida_385press
salida_385	previous
salida_385propertymwpageproptoc
salida_385px
salida_385px
salida_385px
salida_385px
salida_385que
salida_385que
salida_385r
salida_385r
salida_385r
salida_385recall
salida_385relacionados
salida_385relacionados
salida_385relacionados
salida_385relacionados
salida_385relacionados
salida_385relstylesheet
salida_385relstylesheet
salida_385relstylesheet
salida_385relstylesheet
salida_385return
salida_385rpido
salida_385rpido
salida_385
sacreative
salida_385scale
salida_385screen
salida_385scssmodulescontentparsoidcss
salida_385scssmodulesinsertedstylecss
salida_385èùèõscssmodulesskinsminervabaseresetskinsminervacontentstylesextcitestylemobileapppagestylesandroidmediawikipagegallerystylesmediawikiskinningcontentparsoidcss
salida_385scssmodulesstylecss
salida_385search
salida_385search
salida_385search
salida_385search
salida_385section
salida_385section
salida_385
sharealike
salida_385show
salida_385show
salida_385sitejs
salida_385size
salida_385skin
salida_385solid
salida_385solid
salida_385solid
salida_385space
salida_385src
salida_385src
salida_385src
salida_385src
salida_385src
salida_385src
salida_385src
salida_385src
salida_385src
salida_385src
salida_385stable
salida_385start
salida_385	starting
salida_385stop
salida_385string
salida_385stringt
salida_385
	structure
salida_385stylebackground
salida_385stylebackground
salida_385stylebackground
salida_385styleclearboth
salida_385styledirection
salida_385
	stylefont
salida_385sub
salida_385sub
salida_385subject
salida_385suspend
salida_385sys
salida_385system
salida_385t
salida_385t
salida_385t
salida_385t
salida_385t
salida_385t
salida_385t
salida_385t
salida_385t
salida_385t
salida_385tab
salida_385tecla
salida_385tecla
salida_385teclas
salida_385teclas
salida_385teclas
salida_385
	terminate
salida_385terms
salida_385text
salida_385text
salida_385text
salida_385text
salida_385the
salida_385the
salida_385the
salida_385the
salida_385the
salida_385the
salida_385the
salida_385the
salida_385the
salida_385the
salida_385the
salida_385the
salida_385the
salida_385the
salida_385the
salida_385the
salida_385the
salida_385the
salida_385the
salida_385the
salida_385this
salida_385this
salida_385
	titlelast
salida_385to
salida_385to
salida_385to
salida_385to
salida_385to
salida_385to
salida_385to
salida_385to
salida_385top
salida_385top
salida_385twice
salida_385typetextcss
salida_385typetextcss
salida_385typetextcss
salida_385typetextcss
salida_385u
salida_385u
salida_385under
salida_385under
salida_385unix
salida_385
	uppercase
salida_385usan
salida_385usan
salida_385users
salida_385v
salida_385
	valigntop
salida_385
	valigntop
salida_385
	valigntop
salida_385
	valigntop
salida_385
	valigntop
salida_385
	valigntop
salida_385
	valigntop
salida_385
	valigntop
salida_385
	valigntop
salida_385
	valigntop
salida_385
	valigntop
salida_385
	valigntop
salida_385
	valigntop
salida_385
	valigntop
salida_385
	variables
salida_385view
salida_385	viewport
salida_385white
salida_385width
salida_385width
salida_385
	wikibooks
salida_385with
salida_385with
salida_385without
salida_385word
salida_385word
salida_385word
salida_385word
salida_385words
salida_385x
salida_385xx
salida_385yank
salida_385z
salida_385ˇˇ#êàG