asalida_11613asalida_11613aaaaaasalida_11613actionsalida_11613
additionalsalida_11613aesalida_11613aesalida_11613aesalida_11613alsalida_11613algunassalida_11613alignsalida_11613alignsalida_11613aligncentersalida_11613aligncentersalida_11613aligncentersalida_11613aligncentersalida_11613aligncentersalida_11613aligncentersalida_11613aligncentersalida_11613aligncentersalida_11613alignmiddlesalida_11613alignmiddlesalida_11613alignmiddlesalida_11613alignmiddlesalida_11613alignmiddlesalida_11613alignmiddlesalida_11613
	alrededorsalida_11613
animationssalida_11613aplaudesalida_11613applysalida_11613articlesalida_11613artistasalida_11613atadsalida_11613attributionsalida_11613avoidsalida_11613
backgroundsalida_11613backgroundbfsalida_11613backgroundbfsalida_11613backgroundbfsalida_11613backgroundfafffsalida_11613backgroundfafffsalida_11613backgroundfafffsalida_11613blancosalida_11613blocksalida_11613blocksalida_11613bodysalida_11613bordersalida_11613bordersalida_11613bordersalida_11613bordersalida_11613bordersalida_11613bordersalida_11613bordersalida_11613bordersalida_11613bordersalida_11613bordersalida_11613bordersalida_11613bordersalida_11613bordersalida_11613braysalida_11613cellpaddingsalida_11613cellpaddingsalida_11613cellspacingsalida_11613cellspacingsalida_11613centersalida_11613
charsetutfsalida_11613classsalida_11613classsalida_11613classsalida_11613classsalida_11613classsalida_11613classsalida_11613classsalida_11613classsalida_11613classsalida_11613classsalida_11613classsalida_11613classsalida_11613classsalida_11613classsalida_11613classsalida_11613classsalida_11613classsalida_11613classsalida_11613classsalida_11613classclientsalida_11613classcontentsalida_11613classexternalsalida_11613classexternalsalida_11613classfeaturesalida_11613classlibrocontenedorndicesalida_11613classmediawikisalida_11613classmwsalida_11613classsubpagessalida_11613
classthumbsalida_11613
classthumbsalida_11613classthumbcaptionsalida_11613classthumbcaptionsalida_11613classthumbinnersalida_11613classthumbinnersalida_11613	coleccinsalida_11613collapsiblesalida_11613colorsalida_11613colorsalida_11613colorsalida_11613colorheightpxsalida_11613colorheightpxsalida_11613colorheightpxsalida_11613colorheightpxsalida_11613colspansalida_11613colspansalida_11613colspansalida_11613colspansalida_11613colspansalida_11613colspansalida_11613commonssalida_11613consalida_11613consalida_11613contentsalida_11613contentwidthdevicesalida_11613dashedsalida_11613datasalida_11613datasalida_11613datasalida_11613datasalida_11613datasalida_11613datasalida_11613datasalida_11613desalida_11613desalida_11613desalida_11613desalida_11613desalida_11613desalida_11613desalida_11613desalida_11613desalida_11613denzansalida_11613desconocidassalida_11613desdesalida_11613dinmicasalida_11613
	directionsalida_11613displaysalida_11613dossalida_11613easalida_11613easalida_11613easalida_11613editedsalida_11613eeesalida_11613elsalida_11613elsalida_11613elsalida_11613eltsalida_11613emsalida_11613emsalida_11613emsalida_11613emsalida_11613emsalida_11613emptysalida_11613ensalida_11613ensalida_11613ensalida_11613ensalida_11613ensalida_11613ensalida_11613
	encuentrasalida_11613	entierrosalida_11613entresalida_11613errorsalida_11613	esclavossalida_11613	esclavossalida_11613	esclavossalida_11613estnsalida_11613estosalida_11613
	fallecidasalida_11613filesalida_11613filesalida_11613filesalida_11613filesalida_11613filesalida_11613filesalida_11613filessalida_11613fontsalida_11613fontsalida_11613fontsalida_11613fontsalida_11613fontsalida_11613fontsalida_11613forsalida_11613
frecuenciasalida_11613fromsalida_11613fromsalida_11613fuesalida_11613	functionsalida_11613funeralsalida_11613funeralsalida_11613
	funeralessalida_11613gentesalida_11613gradientdegsalida_11613hacensalida_11613headersalida_11613heightsalida_11613heightsalida_11613heightsalida_11613heightsalida_11613heightsalida_11613heightsalida_11613heightsalida_11613heightsalida_11613heightsalida_11613heightsalida_11613hidesalida_11613hombressalida_11613hrefsalida_11613hrefsalida_11613hrefsalida_11613hrefsalida_11613$#hrefasurinamenimcagenesfcoleccicbnfsalida_11613$#hrefasurinamenimcagenesfcoleccicbnfsalida_11613&%hrefhttpscreativecommonsorglicensesbysalida_11613?>hrefhttpseswikibooksorgwikisurinamenimcagenesfcoleccicbnfoldidsalida_11613hrefsurinamenimcagenessalida_11613htdignoindexsalida_11613htdignoindexsalida_11613htmlsalida_11613idsalida_11613idbodycontentsalida_11613
	idcontentsalida_11613idmwsalida_11613idmwsalida_11613idmwsalida_11613idmwagsalida_11613idmwaqsalida_11613idtopsalida_11613imagelinearsalida_11613imgenessalida_11613imgenescoleccinsalida_11613imgenessurinamsalida_11613
	importantsalida_11613importscriptsalida_11613initialsalida_11613issalida_11613issalida_11613issalida_11613issuedsalida_11613jjsmodulesarticlelisthomejssalida_11613jjsmodulesdetailspolyfilljssalida_11613jjsmodulesimagesloadedminjssalida_11613jjsmodulesjqueryjssalida_11613jjsmodulesjsconfigvarsjssalida_11613jjsmodulesmasonryminjssalida_11613jjsmodulesmediawikijssalida_11613jjsmodulesscriptjssalida_11613jjsmodulessitejssalida_11613jjsmodulesstartupjssalida_11613jssalida_11613lasalida_11613lasalida_11613lasalida_11613lasalida_11613lasalida_11613lasalida_11613lasalida_11613lassalida_11613lassalida_11613lassalida_11613leftsalida_11613leftsalida_11613	licensedsalida_11613linesalida_11613linesalida_11613linesalida_11613linesalida_11613linesalida_11613linesalida_11613
	litografasalida_11613llevadasalida_11613lossalida_11613lossalida_11613lossalida_11613ltrsalida_11613ltrsalida_11613maderasalida_11613marginsalida_11613maysalida_11613mediasalida_11613mfsalida_11613mfsalida_11613minervasalida_11613mwsalida_11613mwsalida_11613mwsalida_11613nameviewportsalida_11613niosalida_11613nssalida_11613nssalida_11613ocurrasalida_11613ojossalida_11613onsalida_11613
	organizarsalida_11613outputsalida_11613paddingsalida_11613pagesalida_11613parecersalida_11613parsersalida_11613partesalida_11613pasadosalida_11613perosalida_11613personasalida_11613	personassalida_11613	personassalida_11613
	plantacinsalida_11613podansalida_11613porsalida_11613posturasalida_11613prcticasalida_11613propiossalida_11613puedesalida_11613pxsalida_11613pxsalida_11613pxsalida_11613pxsalida_11613pxsalida_11613pxsalida_11613pxsalida_11613quesalida_11613quesalida_11613	radiuspxsalida_11613	radiuspxsalida_11613	radiuspxsalida_11613	radiuspxsalida_11613	radiuspxsalida_11613	radiuspxsalida_11613razonessalida_11613relstylesheetsalida_11613relstylesheetsalida_11613relstylesheetsalida_11613relstylesheetsalida_11613returnsalida_11613	ritualessalida_11613rowspansalida_11613rowspansalida_11613rowspansalida_11613rowspansalida_11613rowspansalida_11613rowspansalida_11613
sacreativesalida_11613scalesalida_11613scssmodulescontentparsoidcsssalida_11613scssmodulesinsertedstylecsssalida_11613èùèõscssmodulesskinsminervabaseresetskinsminervacontentstylesextcitestylemobileapppagestylesandroidmediawikipagegallerystylesmediawikiskinningcontentparsoidcsssalida_11613scssmodulesstylecsssalida_11613sesalida_11613sesalida_11613sectionsalida_11613
	sepulturasalida_11613
sharealikesalida_11613sitejssalida_11613sizesalida_11613sizesalida_11613sizesalida_11613sizesalida_11613sizesalida_11613sizesalida_11613skinsalida_11613solidsalida_11613solidsalida_11613solidsalida_11613solidsalida_11613solidsalida_11613solidsalida_11613sonsalida_11613srcsalida_11613srcsalida_11613srcsalida_11613srcsalida_11613srcsalida_11613srcsalida_11613srcsalida_11613srcsalida_11613srcsalida_11613srcsalida_11613srcimnuvolaarrowleftsvgpngsalida_11613srcimnuvolaarrowrightsvgpngsalida_11613stablesalida_11613stylesalida_11613stylebackgroundnonesalida_11613styleclearbothsalida_11613styledirectionsalida_11613stylepaddingpxsalida_11613stylepaddingpxsalida_11613stylepaddingpxsalida_11613stylepaddingpxsalida_11613stylepaddingpxsalida_11613stylepaddingpxsalida_11613
	styletextsalida_11613
	styletextsalida_11613stylewidthpxsalida_11613stylewidthpxsalida_11613subjectsalida_11613surinamsalida_11613	surinamssalida_11613sussalida_11613sussalida_11613termssalida_11613testigosalida_11613textsalida_11613textsalida_11613textsalida_11613textsalida_11613textsalida_11613textsalida_11613textsalida_11613textsalida_11613textsalida_11613textsalida_11613thsalida_11613thesalida_11613thesalida_11613thesalida_11613thissalida_11613thissalida_11613tienesalida_11613
	titlelastsalida_11613titlesurinamsalida_11613tleftsalida_11613tosalida_11613todassalida_11613todavasalida_11613topsalida_11613topsalida_11613trightsalida_11613tumbasalida_11613typedrawingsalida_11613typedrawingsalida_11613typetextcsssalida_11613typetextcsssalida_11613typetextcsssalida_11613typetextcsssalida_11613unsalida_11613unsalida_11613unsalida_11613unsalida_11613unasalida_11613undersalida_11613vsalida_11613	vendadossalida_11613versalida_11613	verticalsalida_11613	verticalsalida_11613	verticalsalida_11613	verticalsalida_11613	verticalsalida_11613	verticalsalida_11613	vestidassalida_11613viewsalida_11613	viewportsalida_11613whitesalida_11613widthsalida_11613widthsalida_11613widthsalida_11613widthsalida_11613widthsalida_11613widthsalida_11613widthsalida_11613widthsalida_11613widthsalida_11613widthsalida_11613widthsalida_11613
	wikibookssalida_11613ysalida_11613ˇˇ1¸)Ω