aaaaaa
salida_926action
salida_926
additional
salida_926align
salida_926aligncenter
salida_926aligncenter
salida_926aligncenter
salida_926aligncenter
salida_926
	alignleft
salida_926	animales
salida_926
animations
salida_926apply
salida_926artculo
salida_926artes
salida_926article
salida_926attribution
salida_926auto
salida_926avoid
salida_926
background
salida_926
background
salida_926
background
salida_926block
salida_926block
salida_926body
salida_926border
salida_926border
salida_926border
salida_926border
salida_926callos
salida_926cellspacing
salida_926center
salida_926
charsetutf
salida_926class
salida_926class
salida_926class
salida_926class
salida_926class
salida_926class
salida_926class
salida_926class
salida_926class
salida_926class
salida_926class
salida_926class
salida_926class
salida_926class
salida_926class
salida_926classclient
salida_926classcontent
salida_926classexternal
salida_926classexternal
salida_926classfeature
salida_926classmediawiki
salida_926classmw
salida_926classnulltripas
salida_926classnullwikipedia
salida_926classsubpages
salida_926
classthumb
salida_926classthumbcaption
salida_926classthumbinner
salida_926cocidos
salida_926collapsible
salida_926color
salida_926
	colorbaeb
salida_926	colorfff
salida_926	colorfff
salida_926
	colorpara
salida_926
comestible
salida_926commons
salida_926content
salida_926contentwidthdevice
salida_926
culinarias
salida_926culinariasartes
salida_926culinariasingredientes
salida_926culinariasingredientesaa
salida_926culinariasingredientesbb
salida_926culinariasingredientescallos
salida_926culinariasingredientescc
salida_926culinariasingredientesdd
salida_926culinariasingredientesee
salida_926culinariasingredientesff
salida_926culinariasingredientesgg
salida_926culinariasingredientesglosario
salida_926culinariasingredienteshh
salida_926culinariasingredientesii
salida_926culinariasingredientesjj
salida_926culinariasingredienteskk
salida_926culinariasingredientesll
salida_926culinariasingredientesmm
salida_926culinariasingredientesnn
salida_926culinariasingredientesoo
salida_926culinariasingredientespp
salida_926culinariasingredientesqq
salida_926culinariasingredientesrr
salida_926culinariasingredientesss
salida_926culinariasingredientestt
salida_926culinariasingredientesuu
salida_926culinariasingredientesvv
salida_926culinariasingredientesww
salida_926culinariasingredientesxx
salida_926culinariasingredientesyy
salida_926culinariasingredienteszz
salida_926dashed
salida_926data
salida_926data
salida_926data
salida_926data
salida_926data
salida_926data
salida_926data
salida_926de
salida_926de
salida_926de
salida_926despojo
salida_926
	direction
salida_926display
salida_926	diversos
salida_926edited
salida_926eee
salida_926el
salida_926el
salida_926elt
salida_926em
salida_926em
salida_926em
salida_926em
salida_926em
salida_926empty
salida_926en
salida_926en
salida_926
	encontrar
salida_926
	enlatados
salida_926error
salida_926es
salida_926	estmagos
salida_926file
salida_926file
salida_926file
salida_926file
salida_926file
salida_926file
salida_926files
salida_926
floatright
salida_926font
salida_926font
salida_926font
salida_926for
salida_926frescos
salida_926from
salida_926from
salida_926	function
salida_926	gelatina
salida_926gradientdeg
salida_926granja
salida_926header
salida_926height
salida_926height
salida_926height
salida_926height
salida_926	heightem
salida_926	heightpx
salida_926hide
salida_926href
salida_926href
salida_926href
salida_926href
salida_926hrefartesculinarias
salida_926! hrefartesculinariasfingredientes
salida_926#"hrefartesculinariasfingredientesfa
salida_926#"hrefartesculinariasfingredientesfb
salida_926#"hrefartesculinariasfingredientesfc
salida_926#"hrefartesculinariasfingredientesfc
salida_926#"hrefartesculinariasfingredientesfd
salida_926#"hrefartesculinariasfingredientesfe
salida_926#"hrefartesculinariasfingredientesff
salida_926#"hrefartesculinariasfingredientesfg
salida_926#"hrefartesculinariasfingredientesfh
salida_926#"hrefartesculinariasfingredientesfi
salida_926#"hrefartesculinariasfingredientesfj
salida_926#"hrefartesculinariasfingredientesfk
salida_926#"hrefartesculinariasfingredientesfl
salida_926#"hrefartesculinariasfingredientesfm
salida_926#"hrefartesculinariasfingredientesfn
salida_926#"hrefartesculinariasfingredientesfo
salida_926#"hrefartesculinariasfingredientesfp
salida_926#"hrefartesculinariasfingredientesfq
salida_926#"hrefartesculinariasfingredientesfr
salida_926#"hrefartesculinariasfingredientesfs
salida_926#"hrefartesculinariasfingredientesft
salida_926#"hrefartesculinariasfingredientesfu
salida_926#"hrefartesculinariasfingredientesfv
salida_926#"hrefartesculinariasfingredientesfw
salida_926#"hrefartesculinariasfingredientesfx
salida_926#"hrefartesculinariasfingredientesfy
salida_926#"hrefartesculinariasfingredientesfz
salida_926&%hrefhttpscreativecommonsorglicensesby
salida_926DChrefhttpseswikibooksorgwikiartesculinariasfingredientesfcallosoldid
salida_926#"hrefhttpseswikipediaorgwikiportada
salida_926"!hrefhttpseswikipediaorgwikitripas
salida_926htdignoindex
salida_926htdignoindex
salida_926html
salida_926id
salida_926idbodycontent
salida_926
	idcontent
salida_926idmw
salida_926idmw
salida_926idmw
salida_926idmwaq
salida_926idmwbq
salida_926
	idmwbwlos
salida_926idmwca
salida_926idtoc
salida_926idtop
salida_926imagelinear
salida_926
	important
salida_926importscript
salida_926
informacin
salida_926ingredientes
salida_926initial
salida_926inline
salida_926inline
salida_926is
salida_926is
salida_926is
salida_926issued
salida_926jjsmodulesarticlelisthomejs
salida_926jjsmodulesdetailspolyfilljs
salida_926jjsmodulesimagesloadedminjs
salida_926jjsmodulesjqueryjs
salida_926jjsmodulesjsconfigvarsjs
salida_926jjsmodulesmasonryminjs
salida_926jjsmodulesmediawikijs
salida_926jjsmodulesscriptjs
salida_926jjsmodulessitejs
salida_926jjsmodulesstartupjs
salida_926js
salida_926left
salida_926	licensed
salida_926line
salida_926	llamados
salida_926los
salida_926ltr
salida_926ltr
salida_926margin
salida_926	marginpx
salida_926may
salida_926media
salida_926mf
salida_926mf
salida_926minerva
salida_926	mondongo
salida_926ms
salida_926mw
salida_926mw
salida_926mw
salida_926nameviewport
salida_926ns
salida_926ns
salida_926o
salida_926o
salida_926obtiene
salida_926on
salida_926output
salida_926padding
salida_926page
salida_926panza
salida_926parser
salida_926px
salida_926que
salida_926relstylesheet
salida_926relstylesheet
salida_926relstylesheet
salida_926relstylesheet
salida_926return
salida_926
sacreative
salida_926scale
salida_926scssmodulescontentparsoidcss
salida_926scssmodulesinsertedstylecss
salida_926èùèõscssmodulesskinsminervabaseresetskinsminervacontentstylesextcitestylemobileapppagestylesandroidmediawikipagegallerystylesmediawikiskinningcontentparsoidcss
salida_926scssmodulesstylecss
salida_926se
salida_926se
salida_926section
salida_926
sharealike
salida_926sitejs
salida_926sizept
salida_926sizept
salida_926skin
salida_926src
salida_926src
salida_926src
salida_926src
salida_926src
salida_926src
salida_926src
salida_926src
salida_926src
salida_926src
salida_926srcimwikipedialogosilverpng
salida_926srcimzcallosprimerajpg
salida_926stable
salida_926stylebackgroundccccff
salida_926styleclearboth
salida_926styledirection
salida_926stylemargin
salida_926stylepaddingpt
salida_926
stylesolid
salida_926
	styletext
salida_926stylewidthpx
salida_926stylewidthpx
salida_926stylewidthpx
salida_926su
salida_926subject
salida_926suelen
salida_926tambin
salida_926terms
salida_926text
salida_926text
salida_926text
salida_926text
salida_926text
salida_926text
salida_926the
salida_926the
salida_926the
salida_926this
salida_926this
salida_926
titleartes
salida_926
titleartes
salida_926
titleartes
salida_926
titleartes
salida_926
titleartes
salida_926
titleartes
salida_926
titleartes
salida_926
titleartes
salida_926
titleartes
salida_926
titleartes
salida_926
titleartes
salida_926
titleartes
salida_926
titleartes
salida_926
titleartes
salida_926
titleartes
salida_926
titleartes
salida_926
titleartes
salida_926
titleartes
salida_926
titleartes
salida_926
titleartes
salida_926
titleartes
salida_926
titleartes
salida_926
titleartes
salida_926
titleartes
salida_926
titleartes
salida_926
titleartes
salida_926
titleartes
salida_926
titleartes
salida_926
titleartes
salida_926
	titlelast
salida_926titlewportada
salida_926titlewtripas
salida_926to
salida_926top
salida_926top
salida_926tright
salida_926tripas
salida_926
typebitmap
salida_926
typebitmap
salida_926typetextcss
salida_926typetextcss
salida_926typetextcss
salida_926typetextcss
salida_926under
salida_926v
salida_926vase
salida_926view
salida_926	viewport
salida_926
weightbold
salida_926white
salida_926width
salida_926width
salida_926width
salida_926width
salida_926width
salida_926widthpx
salida_926
	wikibooks
salida_926ˇˇˇﬁøæ