asalida_10669aaaaaasalida_10669actionsalida_10669
additionalsalida_10669alsalida_10669algunossalida_10669algunossalida_10669
animationssalida_10669applysalida_10669articlesalida_10669attributionsalida_10669autoressalida_10669avoidsalida_10669
backgroundsalida_10669barcosalida_10669barcossalida_10669barcossalida_10669barcossalida_10669blocksalida_10669blocksalida_10669bodysalida_10669bordersalida_10669bosquesalida_10669bosquesalida_10669bosquesalida_10669caltasalida_10669caltasalida_10669
	cambiandosalida_10669casasalida_10669casasalida_10669casasalida_10669casosalida_10669casosalida_10669centersalida_10669
charsetutfsalida_10669classsalida_10669classsalida_10669classsalida_10669classsalida_10669classsalida_10669classsalida_10669classsalida_10669classsalida_10669classsalida_10669classsalida_10669classsalida_10669classsalida_10669classsalida_10669classsalida_10669classclientsalida_10669classcontentsalida_10669classexternalsalida_10669classexternalsalida_10669classfeaturesalida_10669classmediawikisalida_10669classmwsalida_10669classsubpagessalida_10669coasalida_10669coasalida_10669collapsiblesalida_10669commonssalida_10669comosalida_10669contentsalida_10669contentwidthdevicesalida_10669cuadrosalida_10669cuadrosalida_10669cuadrosalida_10669cuandosalida_10669cuandosalida_10669cuelgasalida_10669dashedsalida_10669datasalida_10669datasalida_10669datasalida_10669dativosalida_10669dativosalida_10669dativosalida_10669dativosalida_10669desalida_10669desalida_10669desalida_10669delsalida_10669delsalida_10669delsalida_10669
	describirsalida_10669
	describirsalida_10669
	diferentesalida_10669
	diferentesalida_10669
	directionsalida_10669displaysalida_10669dualessalida_10669dualessalida_10669editedsalida_10669eeesalida_10669elsalida_10669elsalida_10669elsalida_10669elsalida_10669elsalida_10669elsalida_10669elsalida_10669eltsalida_10669emsalida_10669emsalida_10669emsalida_10669emsalida_10669emsalida_10669embargosalida_10669emptysalida_10669ensalida_10669ensalida_10669ensalida_10669ensalida_10669ensalida_10669errorsalida_10669	especialsalida_10669estesalida_10669filessalida_10669finalsalida_10669forsalida_10669formasalida_10669formansalida_10669fromsalida_10669fromsalida_10669	functionsalida_10669gradientdegsalida_10669headersalida_10669hidesalida_10669hrefsalida_10669hrefsalida_10669hrefsalida_10669hrefsalida_10669&%hrefhttpscreativecommonsorglicensesbysalida_1066921hrefhttpseswikibooksorgwikiquenyafrespectivooldidsalida_10669
hrefquenyasalida_10669
hrefquenyasalida_10669hrefquenyafdativosalida_10669hrefquenyaflocativosalida_10669hrefquenyafsustantivossalida_10669htdignoindexsalida_10669htdignoindexsalida_10669htmlsalida_10669isalida_10669isalida_10669isalida_10669isalida_10669idsalida_10669idsalida_10669idsalida_10669idbodycontentsalida_10669
	idcontentsalida_10669idformacinformacinsalida_10669idmwsalida_10669idmwsalida_10669idmwsalida_10669idmwagsalida_10669idmwaqsalida_10669idmwawsalida_10669idmwbasalida_10669idmwbgsalida_10669idmwbqlocativosalida_10669idmwbwreemplazasalida_10669idmwcasalida_10669idmwcgsalida_10669idmwcqsalida_10669idmwcwsalida_10669idmwdaisalida_10669idmwdgsalida_10669
idmwdqestosalida_10669idmwdwsalida_10669idmweaisalida_10669idmwegsalida_10669idmweqsalida_10669idmwewsalida_10669idmwfareemplazasalida_10669idmwfgsalida_10669idmwfqsalida_10669idmwfwsalida_10669idmwgasalida_10669
idmwggestosalida_10669idmwgqisalida_10669idmwgwsalida_10669idmwhasalida_10669idmwhgsalida_10669idmwhqisalida_10669idmwhwsalida_10669idmwiasalida_10669idmwigsalida_10669idmwiqsalida_10669
idmwiwestesalida_10669idmwjadativosalida_10669idmwjgssalida_10669idmwjqnsalida_10669idmwjwsalida_10669idmwkasalida_10669idmwkgsalida_10669idmwkqsalida_10669idmwkwciryassalida_10669idmwlaciryansalida_10669idmwlgciryaissalida_10669idmwlqsalida_10669idmwlwciryainsalida_10669idmwmasalida_10669idmwmgciryalinsalida_10669idmwmqciryalissalida_10669idmwmwsalida_10669idmwnasalida_10669idmwngsalida_10669
	idmwnqlossalida_10669idmwnwsalida_10669idmwoasalida_10669idmwogaldussalida_10669idmwoqsalida_10669idmwowaldunsalida_10669idmwpasalida_10669
	idmwpgtessalida_10669idmwpqsalida_10669idmwpwsalida_10669idmwqasalida_10669idmwqgsalida_10669idmwqqsalida_10669idmwqwciryatessalida_10669idmwrasalida_10669idmwrgsalida_10669idmwrqsalida_10669idmwrwsalida_10669idmwsaquenyasalida_10669idmwsqquenyasustantivossalida_10669idtopsalida_10669	idusousosalida_10669imagelinearsalida_10669
	importantsalida_10669importscriptsalida_10669initialsalida_10669issalida_10669issalida_10669issalida_10669issuedsalida_10669jjsmodulesarticlelisthomejssalida_10669jjsmodulesdetailspolyfilljssalida_10669jjsmodulesimagesloadedminjssalida_10669jjsmodulesjqueryjssalida_10669jjsmodulesjsconfigvarsjssalida_10669jjsmodulesmasonryminjssalida_10669jjsmodulesmediawikijssalida_10669jjsmodulesscriptjssalida_10669jjsmodulessitejssalida_10669jjsmodulesstartupjssalida_10669jssalida_10669juntosalida_10669lasalida_10669lasalida_10669lasalida_10669lasalida_10669lasalida_10669lasalida_10669lasalida_10669lasalida_10669lasalida_10669lasalida_10669	licensedsalida_10669losalida_10669	locativosalida_10669	locativosalida_10669lossalida_10669ltrsalida_10669ltrsalida_10669lugarsalida_10669lugarsalida_10669marginsalida_10669maysalida_10669mediasalida_10669mfsalida_10669mfsalida_10669minervasalida_10669mismosalida_10669modosalida_10669muchosalida_10669mwsalida_10669mwsalida_10669mwsalida_10669mwsalida_10669mwsalida_10669nameviewportsalida_10669nosalida_10669nssalida_10669nssalida_10669onsalida_10669outputsalida_10669paddingsalida_10669pagesalida_10669parsalida_10669parsalida_10669parasalida_10669parasalida_10669paredsalida_10669paredsalida_10669paredsalida_10669parsersalida_10669partirsalida_10669perosalida_10669porsalida_10669porsalida_10669porsalida_10669porsalida_10669porsalida_10669porsalida_10669porsalida_10669porsalida_10669
preposicinsalida_10669
preposicinsalida_10669pxsalida_10669quesalida_10669quenyarespectivosalida_10669quenyarespectivosalida_10669rambassalida_10669rambasssalida_10669rbolessalida_10669relstylesheetsalida_10669relstylesheetsalida_10669relstylesheetsalida_10669relstylesheetsalida_10669returnsalida_10669sabesalida_10669
sacreativesalida_10669scalesalida_10669scssmodulescontentparsoidcsssalida_10669scssmodulesinsertedstylecsssalida_10669èùèõscssmodulesskinsminervabaseresetskinsminervacontentstylesextcitestylemobileapppagestylesandroidmediawikipagegallerystylesmediawikiskinningcontentparsoidcsssalida_10669scssmodulesstylecsssalida_10669sesalida_10669sesalida_10669sesalida_10669sesalida_10669sesalida_10669sectionsalida_10669sectionsalida_10669sectionsalida_10669
sharealikesalida_10669
	significasalida_10669
	significasalida_10669significadosalida_10669significadosalida_10669sinsalida_10669sitejssalida_10669skinsalida_10669sobresalida_10669srcsalida_10669srcsalida_10669srcsalida_10669srcsalida_10669srcsalida_10669srcsalida_10669srcsalida_10669srcsalida_10669srcsalida_10669srcsalida_10669stablesalida_10669styleclearbothsalida_10669styledirectionsalida_10669subjectsalida_10669tsalida_10669tauressalida_10669tauresssalida_10669
terminacinsalida_10669termssalida_10669textsalida_10669textsalida_10669textsalida_10669textsalida_10669thesalida_10669thesalida_10669thesalida_10669thissalida_10669thissalida_10669tienesalida_10669tienesalida_10669tienensalida_10669
	titlelastsalida_10669titlequenyasalida_10669titlequenyadativosalida_10669titlequenyalocativosalida_10669titlequenyaquenyasalida_10669titlequenyasustantivossalida_10669tosalida_10669topsalida_10669topsalida_10669typetextcsssalida_10669typetextcsssalida_10669typetextcsssalida_10669typetextcsssalida_10669usalida_10669unsalida_10669unsalida_10669unsalida_10669unsalida_10669unsalida_10669unsalida_10669unsalida_10669unasalida_10669undersalida_10669usasalida_10669usasalida_10669usansalida_10669vsalida_10669	variacinsalida_10669viewsalida_10669	viewportsalida_10669whitesalida_10669widthsalida_10669
	wikibookssalida_10669ˇˇï°cë