asalida_12981asalida_12981asalida_12981aaaaaasalida_12981
	abundantesalida_12981acmulosalida_12981actionsalida_12981
acumulacinsalida_12981
additionalsalida_12981adecuadamentesalida_12981agotansalida_12981alsalida_12981alsalida_12981algunossalida_12981	alimentosalida_12981
	alimentossalida_12981animalsalida_12981
animationssalida_12981	anorexiasalida_12981	apndicessalida_12981applysalida_12981
aprovecharsalida_12981articlesalida_12981atrofiasalida_12981attributionsalida_12981	avanzadasalida_12981avoidsalida_12981
backgroundsalida_12981blocksalida_12981blocksalida_12981bodysalida_12981bordersalida_12981buenosalida_12981
	carnitinasalida_12981catabolismosalida_12981causasalida_12981causasalida_12981centersalida_12981
charsetutfsalida_12981cirugasalida_12981classsalida_12981classsalida_12981classsalida_12981classsalida_12981classsalida_12981classsalida_12981classsalida_12981classsalida_12981classsalida_12981classsalida_12981classsalida_12981classsalida_12981classsalida_12981classsalida_12981classclientsalida_12981classcontentsalida_12981classexternalsalida_12981classexternalsalida_12981classfeaturesalida_12981classmediawikisalida_12981classmwsalida_12981classsubpagessalida_12981clnicossalida_12981clnicossalida_12981clnicoslipidosissalida_12981coagulopatasalida_12981collapsiblesalida_12981comasalida_12981comersalida_12981	comienzasalida_12981commonssalida_12981comosalida_12981	condicinsalida_12981contentsalida_12981contentwidthdevicesalida_12981
	conviertesalida_12981correctamentesalida_12981cuadrosalida_12981
cualquierasalida_12981cuandosalida_12981cuandosalida_12981dassalida_12981dashedsalida_12981datasalida_12981desalida_12981desalida_12981desalida_12981desalida_12981desalida_12981desalida_12981desalida_12981desalida_12981desalida_12981desalida_12981desalida_12981desalida_12981desalida_12981desalida_12981desalida_12981desalida_12981desalida_12981desalida_12981deficienciassalida_12981dejesalida_12981delsalida_12981	depresinsalida_12981
desaparecesalida_12981desarrollarsesalida_12981
desarrollesalida_12981deshidratacinsalida_12981desnutricinsalida_12981determinadosalida_12981determinantessalida_12981	diabetessalida_12981
	directionsalida_12981displaysalida_12981esalida_12981editedsalida_12981eeesalida_12981elsalida_12981elsalida_12981elsalida_12981elsalida_12981elsalida_12981elsalida_12981eltsalida_12981emsalida_12981emsalida_12981emsalida_12981emsalida_12981emsalida_12981emptysalida_12981ensalida_12981ensalida_12981ensalida_12981ensalida_12981ensalida_12981ensalida_12981encefalopatasalida_12981
	endcrinassalida_12981energasalida_12981
enfermedadsalida_12981
enfermedadsalida_12981
enfermedadsalida_12981enfermedadessalida_12981errorsalida_12981essalida_12981essalida_12981essalida_12981essalida_12981esosalida_12981estsalida_12981estasalida_12981estasalida_12981estassalida_12981estrssalida_12981estuporsalida_12981etcsalida_12981etcsalida_12981
	evidentessalida_12981	excesivasalida_12981felinosalida_12981filessalida_12981forsalida_12981
frecuentessalida_12981fromsalida_12981fromsalida_12981
	funcionarsalida_12981	functionsalida_12981gatossalida_12981gatossalida_12981gatossalida_12981	glucgenosalida_12981gradientdegsalida_12981grasasalida_12981grasasalida_12981grasassalida_12981grasassalida_12981hastasalida_12981headersalida_12981hemorragiassalida_12981hepatocitossalida_12981hepticasalida_12981hepticasalida_12981hepticasalida_12981hepticasalida_12981hepticasalida_12981hepticasalida_12981	hepticassalida_12981hepticosalida_12981hgadosalida_12981hgadosalida_12981hidesalida_12981hiperadrenocorticismosalida_12981hrefsalida_12981hrefsalida_12981hrefsalida_12981hrefsalida_12981&%hrefhttpscreativecommonsorglicensesbysalida_12981cbhrefhttpseswikibooksorgwikimedicinaveterinariafapcandicesfsignosclcadnicosflipidosishepcaticaoldidsalida_12981hrefmedicinaveterinariasalida_12981htdignoindexsalida_12981htdignoindexsalida_12981htmlsalida_12981
	ictericiasalida_12981idsalida_12981idbodycontentsalida_12981
	idcontentsalida_12981idmwsalida_12981idmwsalida_12981idmwsalida_12981	idmwaglasalida_12981idmwaqsalida_12981idmwawcausasalida_12981idmwbasalida_12981idmwbgfactoressalida_12981idmwbqsalida_12981idmwbwsalida_12981idmwcasalida_12981idmwcgsignossalida_12981idmwcqsalida_12981
	idmwcwlossalida_12981idmwdasalida_12981idtopsalida_12981imagelinearsalida_12981
	importantsalida_12981
importantesalida_12981importscriptsalida_12981inclusosalida_12981infiltracinsalida_12981ingerirsalida_12981initialsalida_12981
instauradasalida_12981issalida_12981issalida_12981issalida_12981issuedsalida_12981jjsmodulesarticlelisthomejssalida_12981jjsmodulesdetailspolyfilljssalida_12981jjsmodulesimagesloadedminjssalida_12981jjsmodulesjqueryjssalida_12981jjsmodulesjsconfigvarsjssalida_12981jjsmodulesmasonryminjssalida_12981jjsmodulesmediawikijssalida_12981jjsmodulesscriptjssalida_12981jjsmodulessitejssalida_12981jjsmodulesstartupjssalida_12981jssalida_12981lasalida_12981lasalida_12981lasalida_12981lasalida_12981lasalida_12981lasalida_12981lasalida_12981lasalida_12981lasalida_12981lasalida_12981lassalida_12981lassalida_12981lassalida_12981	licensedsalida_12981
	lipidosissalida_12981
	lipidosissalida_12981
	lipidosissalida_12981llamasalida_12981llevasalida_12981lossalida_12981lossalida_12981lossalida_12981lossalida_12981ltrsalida_12981ltrsalida_12981marginsalida_12981maysalida_12981mayorasalida_12981mediasalida_12981	medicinasalida_12981metabolizarsalida_12981mfsalida_12981mfsalida_12981minervasalida_12981mssalida_12981mssalida_12981muchassalida_12981muertesalida_12981	muscularsalida_12981muysalida_12981mwsalida_12981mwsalida_12981mwsalida_12981nameviewportsalida_12981
	necesariasalida_12981nivelsalida_12981nosalida_12981nosalida_12981nosalida_12981nosalida_12981nosalida_12981nosalida_12981nssalida_12981nssalida_12981osalida_12981	obesidadsalida_12981obesossalida_12981onsalida_12981
	organismosalida_12981	originalsalida_12981outputsalida_12981	oxidacinsalida_12981paddingsalida_12981pagesalida_12981parasalida_12981parasalida_12981parsersalida_12981periodosalida_12981pocossalida_12981porsalida_12981predisponentessalida_12981
	presenciasalida_12981	problemasalida_12981	producirsalida_12981	promuevesalida_12981propiassalida_12981	protenassalida_12981provocasalida_12981puedesalida_12981puestosalida_12981pxsalida_12981quesalida_12981quesalida_12981quesalida_12981recibirsalida_12981relstylesheetsalida_12981relstylesheetsalida_12981relstylesheetsalida_12981relstylesheetsalida_12981reservasalida_12981	reservassalida_12981	reservassalida_12981respiratoriasalida_12981
	resultadosalida_12981returnsalida_12981
revertimossalida_12981
sacreativesalida_12981scalesalida_12981scssmodulescontentparsoidcsssalida_12981scssmodulesinsertedstylecsssalida_12981èùèõscssmodulesskinsminervabaseresetskinsminervacontentstylesextcitestylemobileapppagestylesandroidmediawikipagegallerystylesmediawikiskinningcontentparsoidcsssalida_12981scssmodulesstylecsssalida_12981sesalida_12981sesalida_12981sesalida_12981sesalida_12981sesalida_12981sesalida_12981seasalida_12981sectionsalida_12981sersalida_12981severasalida_12981severosalida_12981
sharealikesalida_12981sisalida_12981signossalida_12981signossalida_12981signossalida_12981signossalida_12981sinsalida_12981
sintetizarsalida_12981sintomatologasalida_12981sitejssalida_12981skinsalida_12981sonsalida_12981srcsalida_12981srcsalida_12981srcsalida_12981srcsalida_12981srcsalida_12981srcsalida_12981srcsalida_12981srcsalida_12981srcsalida_12981srcsalida_12981stablesalida_12981styleclearbothsalida_12981styledirectionsalida_12981subjectsalida_12981suelensalida_12981sussalida_12981termssalida_12981textsalida_12981textsalida_12981textsalida_12981textsalida_12981thesalida_12981thesalida_12981thesalida_12981thissalida_12981thissalida_12981tiemposalida_12981
	titlelastsalida_12981titlemedicinasalida_12981tosalida_12981topsalida_12981topsalida_12981totalsalida_12981traumatismosalida_12981triglicridossalida_12981triglicridossalida_12981triglicridossalida_12981typetextcsssalida_12981typetextcsssalida_12981typetextcsssalida_12981typetextcsssalida_12981unsalida_12981unsalida_12981unsalida_12981unasalida_12981unasalida_12981undersalida_12981vsalida_12981vecessalida_12981veterinariasalida_12981veterinariaapndicessignossalida_12981veterinariamedicinasalida_12981viewsalida_12981	viewportsalida_12981whitesalida_12981widthsalida_12981
	wikibookssalida_12981ysalida_12981ysalida_12981ysalida_12981ysalida_12981yosalida_12981ˇˇ»ï’€