asalida_5805asalida_5805asalida_5805asalida_5805asalida_5805asalida_5805asalida_5805asalida_5805asalida_5805asalida_5805aaaaaasalida_5805absalida_5805absalida_5805
accediendosalida_5805
accediendosalida_5805actionsalida_5805
additionalsalida_5805	aipatzensalida_5805alemanasalida_5805alemanasalida_5805alemanasalida_5805alemanasalida_5805alemanasalida_5805alemanasalida_5805alemnsalida_5805alemnsalida_5805alemnsalida_5805alemnsalida_5805alemnsalida_5805alemnsalida_5805alemnsalida_5805alemnsalida_5805alemnclasessalida_5805angabesalida_5805
animationssalida_5805
	anovembersalida_5805	anregungsalida_5805	anregungsalida_5805
antolatuaksalida_5805
antolatuaksalida_5805
antolatuaksalida_5805
antolatuaksalida_5805antolatuaknivelsalida_5805applysalida_5805aprendizajesalida_5805aprendizajesalida_5805aprendizajesalida_5805aprendizajesalida_5805aprendizajesalida_5805articlesalida_5805artikelsalida_5805artikelsalida_5805	artikelnsalida_5805attributionsalida_5805auchsalida_5805aufsalida_5805aufsalida_5805aufsalida_5805aufsalida_5805aufsalida_5805aufsalida_5805aufsalida_5805
aussprachesalida_5805
aussprachesalida_5805
aussprachesalida_5805autorensalida_5805autoressalida_5805avoidsalida_5805azkuesalida_5805azkuesalida_5805azkuesalida_5805bsalida_5805
backgroundsalida_5805badirasalida_5805bensalida_5805bereichsalida_5805bereichsalida_5805bereichsalida_5805blocksalida_5805blocksalida_5805bodysalida_5805bordersalida_5805bsicosalida_5805bsicosalida_5805bzwsalida_5805cargadasalida_5805casillasalida_5805centersalida_5805
charsetutfsalida_5805clasesalida_5805clasessalida_5805clasessalida_5805clasessalida_5805clasessalida_5805classsalida_5805classsalida_5805classsalida_5805classsalida_5805classsalida_5805classsalida_5805classsalida_5805classsalida_5805classsalida_5805classsalida_5805classsalida_5805classsalida_5805classsalida_5805classsalida_5805classclientsalida_5805classcontentsalida_5805classexternalsalida_5805classexternalsalida_5805classexternalsalida_5805classexternalsalida_5805classexternalsalida_5805classexternalsalida_5805classexternalsalida_5805classexternalsalida_5805classexternalsalida_5805classexternalsalida_5805classexternalsalida_5805classexternalsalida_5805classfeaturesalida_5805classmediawikisalida_5805classmwsalida_5805classsubpagessalida_5805collapsiblesalida_5805
comentariosalida_5805
comentariosalida_5805commonssalida_5805complementadosalida_5805contentsalida_5805contentwidthdevicesalida_5805daitekesalida_5805daitekesalida_5805	daitezkesalida_5805	daitezkesalida_5805dannsalida_5805dashedsalida_5805datasalida_5805datasalida_5805dazusalida_5805desalida_5805desalida_5805desalida_5805desalida_5805dejarsalida_5805dejarsalida_5805delsalida_5805delsalida_5805delsalida_5805delsalida_5805delsalida_5805delsalida_5805delsalida_5805demsalida_5805demsalida_5805demsalida_5805demonstrationsalida_5805demonstrationsalida_5805dersalida_5805dersalida_5805dersalida_5805dersalida_5805derechasalida_5805derechasalida_5805despussalida_5805	deutschesalida_5805
	deutschensalida_5805
	deutschensalida_5805
	deutschersalida_5805
	deutschersalida_5805
	deutschersalida_5805
	deutschersalida_5805
	deutschersalida_5805diesalida_5805diesalida_5805diesalida_5805diesalida_5805diesalida_5805diesalida_5805diesersalida_5805diesersalida_5805diesessalida_5805
	directionsalida_5805	discusinsalida_5805	discusinsalida_5805	discusinsalida_5805	discusinsalida_5805displaysalida_5805	divulgarsalida_5805
	documentosalida_5805
	documentosalida_5805	dokumentsalida_5805edicinsalida_5805editarsalida_5805editarsalida_5805editarsalida_5805editarsalida_5805editarsalida_5805editarsalida_5805editedsalida_5805edosalida_5805eeesalida_5805egileaksalida_5805eginazsalida_5805eginazsalida_5805eginazsalida_5805elsalida_5805elsalida_5805elsalida_5805elsalida_5805elsalida_5805elsalida_5805elsalida_5805elsalida_5805eltsalida_5805emsalida_5805emsalida_5805emsalida_5805emsalida_5805emsalida_5805emptysalida_5805ensalida_5805ensalida_5805ensalida_5805ensalida_5805ensalida_5805enlacesalida_5805enlacesalida_5805enlacesalida_5805entornosalida_5805	eraldatusalida_5805	eraldatusalida_5805	erfragensalida_5805erlaubtsalida_5805	erlernensalida_5805	erlernensalida_5805	erlernensalida_5805	erlernensalida_5805	erlernensalida_5805errorsalida_5805essalida_5805eskolasalida_5805eskolasalida_5805eskolasalida_5805eskolasalida_5805eskolasalida_5805eskuinaldekosalida_5805eskuinaldekosalida_5805estsalida_5805estasalida_5805etasalida_5805etasalida_5805etasalida_5805etasalida_5805etasalida_5805ezkerraldekosalida_5805filessalida_5805forsalida_5805freesalida_5805freesalida_5805freesalida_5805fromsalida_5805fromsalida_5805frssalida_5805frssalida_5805frssalida_5805frssalida_5805frssalida_5805fuentesalida_5805fuerasalida_5805	functionsalida_5805gaineansalida_5805gaineansalida_5805gaineansalida_5805	geplantesalida_5805	geplantesalida_5805	geplantesalida_5805	geplantesalida_5805	geplantesalida_5805gerosalida_5805goikosalida_5805goikosalida_5805goikosalida_5805gradientdegsalida_5805
grundstufesalida_5805
grundstufesalida_5805hastasalida_5805hausalida_5805hausalida_5805hausaufgabesalida_5805headersalida_5805hidesalida_5805hinterlassensalida_5805hinterlassensalida_5805	hitzarensalida_5805	hitzarensalida_5805hobetusalida_5805	honetakosalida_5805	honetakosalida_5805hrefsalida_5805hrefsalida_5805hrefsalida_5805hrefsalida_5805hrefalemcansalida_5805FEhrefhttpeswikibooksorgwindexphptitleusuariodiscusicbnjazkueactioneditsalida_5805FEhrefhttpeswikibooksorgwindexphptitleusuariodiscusicbnjazkueactioneditsalida_5805FEhrefhttpeswikibooksorgwindexphptitleusuariodiscusicbnjazkueactioneditsalida_5805&%hrefhttpscreativecommonsorglicensesbysalida_5805èÌèÎhrefhttpseswikibooksorgwikialemcanfclasesprogramadasparaelaprendizajedelalemcanfgeplanteunterrichtsstundenfcbcrcbserlernendeutschersprachefalemanaikastekoeskolaantolatuakfnivelbcasicoaoinarrizkomailafgrundstufeafnovemberfatestundeoldidsalida_5805#"hrefhttpwwwmediafirecomcuxnncuuwtwsalida_5805#"hrefhttpwwwmediafirecomhrcivvriqjisalida_5805"!hrefhttpwwwmediafirecomkwqdzvzcdosalida_5805"!hrefhttpwwwmediafirecomkwqdzvzcdosalida_5805$#hrefhttpwwwmediafirecomowijzlavrrawsalida_5805"!hrefhttpwwwmediafirecomprfghwmjbosalida_5805#"hrefhttpwwwmediafirecomqmiltmejorjsalida_5805htdignoindexsalida_5805htdignoindexsalida_5805htmlsalida_5805idsalida_5805idsalida_5805idatestundeasalida_5805idatzsalida_5805idbodycontentsalida_5805
	idcontentsalida_5805idiomasalida_5805idmwsalida_5805idmwsalida_5805idmwsalida_5805idmwagsalida_5805idmwaqsalida_5805
	idmwawwirsalida_5805idmwbablattsalida_5805idmwbgblattsalida_5805
	idmwbqwirsalida_5805
idmwbwhiersalida_5805
	idmwcawirsalida_5805idmwcgblattsalida_5805
	idmwcqwirsalida_5805
	idmwcwwirsalida_5805idmwdatandemaufgabesalida_5805idmwdgblattsalida_5805
	idmwdqdiesalida_5805
	idmwdwbissalida_5805idmweasalida_5805idmwegsalida_5805idmweqsalida_5805
idmwewestesalida_5805idmwfasalida_5805idmwfgsalida_5805HGidmwfqhttpeswikibooksorgwindexphptitleusuariodiscusicbnjazkueactioneditsalida_5805
idmwfwestesalida_5805	idmwgasesalida_5805HGidmwgghttpeswikibooksorgwindexphptitleusuariodiscusicbnjazkueactioneditsalida_5805idmwgqvernderungensalida_5805
	idmwgwmansalida_5805
	idmwhalobsalida_5805HGidmwhghttpeswikibooksorgwindexphptitleusuariodiscusicbnjazkueactioneditsalida_5805idmwhqdokumentusalida_5805idmwhwdokumentusalida_5805idmwiairuzkinaksalida_5805	idmwiqlnsalida_5805idtopsalida_5805	ikastekosalida_5805	ikastekosalida_5805	ikastekosalida_5805	ikastekosalida_5805	ikastekosalida_5805imsalida_5805imsalida_5805imsalida_5805imsalida_5805imagelinearsalida_5805
	importantsalida_5805importscriptsalida_5805indemsalida_5805initialsalida_5805
	iruzkinaksalida_5805issalida_5805issalida_5805issalida_5805issuedsalida_5805istsalida_5805iturriasalida_5805
	izquierdasalida_5805jjsmodulesarticlelisthomejssalida_5805jjsmodulesdetailspolyfilljssalida_5805jjsmodulesimagesloadedminjssalida_5805jjsmodulesjqueryjssalida_5805jjsmodulesjsconfigvarsjssalida_5805jjsmodulesmasonryminjssalida_5805jjsmodulesmediawikijssalida_5805jjsmodulesscriptjssalida_5805jjsmodulessitejssalida_5805jjsmodulesstartupjssalida_5805jonsalida_5805jonsalida_5805jonsalida_5805jssalida_5805ksalida_5805kannsalida_5805kannsalida_5805kannsalida_5805kanposalida_5805kastensalida_5805kexaksalida_5805kexaksalida_5805klickensalida_5805klickensalida_5805klicktsalida_5805kliksalida_5805kliksalida_5805korrigierensalida_5805kritiksalida_5805kritiksalida_5805lasalida_5805lasalida_5805lasalida_5805lasalida_5805lasalida_5805lasalida_5805lasalida_5805lasalida_5805lasalida_5805lbsalida_5805lbsalida_5805	licensedsalida_5805linkssalida_5805lobsalida_5805lsungengibtsalida_5805ltrsalida_5805ltrsalida_5805mailasalida_5805mailasalida_5805mansalida_5805mansalida_5805mansalida_5805mansalida_5805marginsalida_5805maysalida_5805mediasalida_5805	mediantesalida_5805	mediantesalida_5805	mediantesalida_5805mfsalida_5805mfsalida_5805miliksalida_5805minervasalida_5805mitsalida_5805mitsalida_5805mitsalida_5805mitsalida_5805mitsalida_5805
modificadosalida_5805
	modificarsalida_5805musssalida_5805mwsalida_5805mwsalida_5805mwsalida_5805mwsalida_5805nameviewportsalida_5805nennensalida_5805nivelsalida_5805nochmalsalida_5805
	nombrandosalida_5805	novembersalida_5805nssalida_5805nssalida_5805nutzungsalida_5805osalida_5805oberensalida_5805oberensalida_5805oberensalida_5805
oinarrizkosalida_5805
oinarrizkosalida_5805onsalida_5805orrisalida_5805orrisalida_5805orriansalida_5805otrosalida_5805outputsalida_5805paddingsalida_5805pagesalida_5805parasalida_5805parasalida_5805parasalida_5805parasalida_5805parasalida_5805parsersalida_5805partesalida_5805partesalida_5805partesalida_5805pginasalida_5805pginasalida_5805pginasalida_5805pluralsalida_5805pluralsalida_5805pluralendungensalida_5805pluralformensalida_5805programadassalida_5805programadassalida_5805programadassalida_5805programadassalida_5805programadassalida_5805pronunciacinsalida_5805puedesalida_5805puedesalida_5805puedesalida_5805puedesalida_5805pxsalida_5805
quantittensalida_5805quesalida_5805quesalida_5805quejasalida_5805quellesalida_5805	rckseitesalida_5805	rckseitesalida_5805rechtssalida_5805rechtssalida_5805rechtssalida_5805relstylesheetsalida_5805relstylesheetsalida_5805relstylesheetsalida_5805relstylesheetsalida_5805
reproducirsalida_5805returnsalida_5805ssalida_5805ssalida_5805ssalida_5805ssalida_5805
sacreativesalida_5805scalesalida_5805schaltflchesalida_5805schaltflchesalida_5805schaltflchesalida_5805scssmodulescontentparsoidcsssalida_5805scssmodulesinsertedstylecsssalida_5805èùèõscssmodulesskinsminervabaseresetskinsminervacontentstylesextcitestylemobileapppagestylesandroidmediawikipagegallerystylesmediawikiskinningcontentparsoidcsssalida_5805scssmodulesstylecsssalida_5805sesalida_5805sesalida_5805sectionsalida_5805sectionsalida_5805sehensalida_5805sehensalida_5805seitesalida_5805seitesalida_5805seitesalida_5805sersalida_5805
sharealikesalida_5805sitejssalida_5805situadosalida_5805situadosalida_5805situadosalida_5805skinsalida_5805sprachesalida_5805sprachesalida_5805sprachesalida_5805sprachesalida_5805sprachesalida_5805	sprechensalida_5805srcsalida_5805srcsalida_5805srcsalida_5805srcsalida_5805srcsalida_5805srcsalida_5805srcsalida_5805srcsalida_5805srcsalida_5805srcsalida_5805stablesalida_5805stundesalida_5805stundesalida_5805stundesalida_5805styleclearbothsalida_5805styledirectionsalida_5805subjectsalida_5805	superiorsalida_5805	superiorsalida_5805	superiorsalida_5805sussalida_5805tesalida_5805tesalida_5805tesalida_5805tengissalida_5805termssalida_5805textsalida_5805textsalida_5805textsalida_5805textsalida_5805textsalida_5805textsalida_5805textsalida_5805textsalida_5805textsalida_5805textsalida_5805textsalida_5805textsalida_5805thesalida_5805thesalida_5805thesalida_5805thissalida_5805thissalida_5805tippssalida_5805tippssalida_5805titlealemnalemnsalida_5805
	titlelastsalida_5805tosalida_5805topsalida_5805topsalida_5805
	traducidosalida_5805trucossalida_5805typetextcsssalida_5805typetextcsssalida_5805typetextcsssalida_5805typetextcsssalida_5805unsalida_5805unsalida_5805unasalida_5805undsalida_5805undsalida_5805undsalida_5805undsalida_5805undsalida_5805undsalida_5805undsalida_5805undsalida_5805undsalida_5805undsalida_5805undsalida_5805undsalida_5805undsalida_5805undersalida_5805untensalida_5805untersalida_5805untersalida_5805untersalida_5805
unterrichtsalida_5805unterrichtsstundensalida_5805unterrichtsstundensalida_5805unterrichtsstundensalida_5805unterrichtsstundensalida_5805unterrichtsstundensalida_5805utzsalida_5805vsalida_5805
verbessernsalida_5805	verndernsalida_5805viewsalida_5805	viewportsalida_5805vomsalida_5805vomsalida_5805vomsalida_5805vomsalida_5805vomsalida_5805vomsalida_5805vomsalida_5805vonsalida_5805websalida_5805websalida_5805whitesalida_5805widthsalida_5805
	wikibookssalida_5805	wikibuchsalida_5805
	wikilibrosalida_5805wikiliburukosalida_5805
	wikipediasalida_5805
	wikipediasalida_5805
	wikipediasalida_5805
wikipediansalida_5805wikipediatiksalida_5805ysalida_5805ysalida_5805ysalida_5805yosalida_5805zabaldusalida_5805zursalida_5805zursalida_5805zuzendusalida_5805ˇˇßná