aaaaaasalida_2808actionsalida_2808
additionalsalida_2808
animationssalida_2808applysalida_2808articlesalida_2808attributionsalida_2808avoidsalida_2808
backgroundsalida_2808blocksalida_2808blocksalida_2808bodysalida_2808bordersalida_2808centersalida_2808
charsetutfsalida_2808classsalida_2808classsalida_2808classsalida_2808classsalida_2808classsalida_2808classsalida_2808classsalida_2808classsalida_2808classsalida_2808classsalida_2808classsalida_2808classsalida_2808classsalida_2808classsalida_2808classsalida_2808classclientsalida_2808classcontentsalida_2808classexternalsalida_2808classexternalsalida_2808classfeaturesalida_2808classgallerysalida_2808classgallerysalida_2808classgallerysalida_2808classgallerysalida_2808classgalleryboxsalida_2808classgalleryboxsalida_2808classgalleryboxsalida_2808classgalleryboxsalida_2808classgalleryboxsalida_2808classgalleryboxsalida_2808classgalleryboxsalida_2808classgalleryboxsalida_2808classgalleryboxsalida_2808classgalleryboxsalida_2808classgalleryboxsalida_2808classgalleryboxsalida_2808classgallerytextsalida_2808classgallerytextsalida_2808classgallerytextsalida_2808classgallerytextsalida_2808classgallerytextsalida_2808classgallerytextsalida_2808classgallerytextsalida_2808classgallerytextsalida_2808classgallerytextsalida_2808classgallerytextsalida_2808classgallerytextsalida_2808classgallerytextsalida_2808classmediawikisalida_2808classmwsalida_2808classsubpagessalida_2808
classthumbsalida_2808
classthumbsalida_2808
classthumbsalida_2808
classthumbsalida_2808
classthumbsalida_2808
classthumbsalida_2808
classthumbsalida_2808
classthumbsalida_2808
classthumbsalida_2808
classthumbsalida_2808
classthumbsalida_2808
classthumbsalida_2808collapsiblesalida_2808commonssalida_2808comosalida_2808contentsalida_2808contentwidthdevicesalida_2808
cremallerasalida_2808
cremallerasalida_2808dashedsalida_2808datasalida_2808datasalida_2808datasalida_2808datasalida_2808datasalida_2808datasalida_2808datasalida_2808datasalida_2808datasalida_2808datasalida_2808datasalida_2808datasalida_2808datasalida_2808datasalida_2808datasalida_2808datasalida_2808datasalida_2808datasalida_2808datasalida_2808datasalida_2808datasalida_2808datasalida_2808datasalida_2808datasalida_2808datasalida_2808datasalida_2808datasalida_2808datasalida_2808datasalida_2808datasalida_2808datasalida_2808datasalida_2808datasalida_2808datasalida_2808datasalida_2808datasalida_2808datasalida_2808dentrosalida_2808
	directionsalida_2808displaysalida_2808editedsalida_2808eeesalida_2808eltsalida_2808emsalida_2808emsalida_2808emsalida_2808emsalida_2808emsalida_2808emptysalida_2808errorsalida_2808
espaolcomosalida_2808
extranjerasalida_2808extranjeravocabulariolossalida_2808filesalida_2808filesalida_2808filesalida_2808filesalida_2808filesalida_2808filesalida_2808filesalida_2808filesalida_2808filesalida_2808filesalida_2808filesalida_2808filesalida_2808filesalida_2808filesalida_2808filesalida_2808filesalida_2808filesalida_2808filesalida_2808filesalida_2808filesalida_2808filesalida_2808filesalida_2808filesalida_2808filesalida_2808filesalida_2808filesalida_2808filesalida_2808filesalida_2808filesalida_2808filesalida_2808filesalida_2808filesalida_2808filesalida_2808filesalida_2808filesalida_2808filesalida_2808filessalida_2808forsalida_2808fromsalida_2808fromsalida_2808fuerasalida_2808	functionsalida_2808gallerysalida_2808gallerysalida_2808gallerysalida_2808gallerysalida_2808gradientdegsalida_2808headersalida_2808heightsalida_2808heightsalida_2808heightsalida_2808heightsalida_2808heightsalida_2808heightsalida_2808heightsalida_2808heightsalida_2808heightsalida_2808heightsalida_2808heightsalida_2808heightsalida_2808heightsalida_2808heightsalida_2808heightsalida_2808heightsalida_2808heightsalida_2808heightsalida_2808heightsalida_2808heightsalida_2808heightsalida_2808heightsalida_2808heightsalida_2808heightsalida_2808heightsalida_2808heightsalida_2808heightsalida_2808heightsalida_2808heightsalida_2808heightsalida_2808heightsalida_2808heightsalida_2808heightsalida_2808heightsalida_2808heightsalida_2808heightsalida_2808hidesalida_2808hrefsalida_2808hrefsalida_2808hrefsalida_2808hrefsalida_2808hrefsalida_2808hrefespacbolsalida_2808&%hrefhttpscreativecommonsorglicensesbysalida_2808YXhrefhttpseswikibooksorgwikiespacbolfcomolenguaextranjerafvocabularioflosmovimientosoldidsalida_2808htdignoindexsalida_2808htdignoindexsalida_2808htmlsalida_2808idsalida_2808idbodycontentsalida_2808
	idcontentsalida_2808idmwsalida_2808idmwsalida_2808idmwsalida_2808idmwagsalida_2808idmwaqsalida_2808idmwawsalida_2808idmwbasalida_2808idmwbqsalida_2808idmwbwsalida_2808idmwcasalida_2808idmwcgandarsalida_2808idmwcqcaminarsalida_2808idmwcwsalida_2808idmwdasalida_2808idmwdqsalida_2808idmwdwsalida_2808idmweasalida_2808idmwegsalida_2808idmweqsaltarsalida_2808idmwewsalida_2808idmwfasalida_2808idmwfqsalida_2808idmwfwsalida_2808idmwgahaciasalida_2808idmwggsalida_2808idmwgqsalida_2808idmwgwsalida_2808idmwhghaciasalida_2808idmwhqsalida_2808idmwhwsalida_2808idmwiasalida_2808idmwigsalida_2808idmwiqsalida_2808idmwjasalida_2808idmwjgcabalgarsalida_2808idmwjqsalida_2808idmwjwsalida_2808idmwkasalida_2808idmwkqsalida_2808idmwkwsalida_2808idmwlasalida_2808idmwlgsalida_2808idmwlqvolarsalida_2808idmwlwsalida_2808idmwmasalida_2808idmwmqsalida_2808idmwmwsalida_2808idmwnasalida_2808idmwngsalida_2808idmwnqbotarsalida_2808idmwnwsalida_2808idmwoasalida_2808idmwogsalida_2808idmwowsalida_2808idmwparodarsalida_2808idmwpgsalida_2808idmwpqsalida_2808idmwpwsalida_2808idmwqgsalida_2808idmwqqsalida_2808idmwqwrotarsalida_2808idmwrasalida_2808idmwrgsalida_2808idmwrqsalida_2808idmwsasalida_2808idmwsgaparcarsalida_2808idmwsqsalida_2808idmwswdesaparcarsalida_2808idmwtasalida_2808idmwtgsalida_2808idmwtqsalida_2808idmwuasalida_2808idmwugabrirsalida_2808idmwuqsalida_2808idmwuwsalida_2808idmwvasalida_2808idmwvqsalida_2808idmwvwsalida_2808idmwwasalida_2808idmwwqcerrarsalida_2808idtopsalida_2808imagelinearsalida_2808
	importantsalida_2808importscriptsalida_2808initialsalida_2808inlinesalida_2808inlinesalida_2808inlinesalida_2808inlinesalida_2808inlinesalida_2808inlinesalida_2808inlinesalida_2808inlinesalida_2808inlinesalida_2808inlinesalida_2808inlinesalida_2808inlinesalida_2808inlinesalida_2808inlinesalida_2808inlinesalida_2808inlinesalida_2808inlinesalida_2808inlinesalida_2808inlinesalida_2808inlinesalida_2808inlinesalida_2808inlinesalida_2808inlinesalida_2808inlinesalida_2808issalida_2808issalida_2808issalida_2808issuedsalida_2808jjsmodulesarticlelisthomejssalida_2808jjsmodulesdetailspolyfilljssalida_2808jjsmodulesimagesloadedminjssalida_2808jjsmodulesjqueryjssalida_2808jjsmodulesjsconfigvarsjssalida_2808jjsmodulesmasonryminjssalida_2808jjsmodulesmediawikijssalida_2808jjsmodulesscriptjssalida_2808jjsmodulessitejssalida_2808jjsmodulesstartupjssalida_2808jssalida_2808lasalida_2808lasalida_2808lenguasalida_2808lenguasalida_2808	licensedsalida_2808ltrsalida_2808ltrsalida_2808marginsalida_2808maysalida_2808mediasalida_2808mfsalida_2808mfsalida_2808minervasalida_2808movimientossalida_2808mwsalida_2808mwsalida_2808mwsalida_2808mwsalida_2808mwsalida_2808mwsalida_2808mwsalida_2808nameviewportsalida_2808nssalida_2808nssalida_2808osalida_2808onsalida_2808outputsalida_2808paddingsalida_2808pagesalida_2808parsersalida_2808pxsalida_2808pxsalida_2808pxsalida_2808pxsalida_2808pxsalida_2808pxsalida_2808pxsalida_2808pxsalida_2808pxsalida_2808pxsalida_2808pxsalida_2808pxsalida_2808pxsalida_2808pxsalida_2808pxsalida_2808pxsalida_2808pxsalida_2808pxsalida_2808pxsalida_2808pxsalida_2808pxsalida_2808pxsalida_2808pxsalida_2808pxsalida_2808pxsalida_2808pxsalida_2808pxsalida_2808pxsalida_2808pxsalida_2808pxsalida_2808pxsalida_2808pxsalida_2808pxsalida_2808pxsalida_2808pxsalida_2808pxsalida_2808pxsalida_2808relstylesheetsalida_2808relstylesheetsalida_2808relstylesheetsalida_2808relstylesheetsalida_2808relstylesheetsalida_2808returnsalida_2808
sacreativesalida_2808scalesalida_2808scssmodulescontentparsoidcsssalida_2808scssmodulesinsertedstylecsssalida_2808)(scssmodulesmediawikipagegallerystylescsssalida_2808èùèõscssmodulesskinsminervabaseresetskinsminervacontentstylesextcitestylemobileapppagestylesandroidmediawikipagegallerystylesmediawikiskinningcontentparsoidcsssalida_2808scssmodulesstylecsssalida_2808sectionsalida_2808
sharealikesalida_2808sitejssalida_2808skinsalida_2808srcsalida_2808srcsalida_2808srcsalida_2808srcsalida_2808srcsalida_2808srcsalida_2808srcsalida_2808srcsalida_2808srcsalida_2808srcsalida_2808srcimampelgifsalida_2808srcimanimalibrcadgifsalida_2808srcimanimhorsegifsalida_2808srcimcernieralampoapregifsalida_2808srcimcernieralampochiudegifsalida_2808srcimcoilspringanimationgifsalida_2808srcimdiverjpgsalida_2808srcimhaciadentropngsalida_2808srcimhaciafuerapngsalida_2808! srcimparallelparkinganimationgifsalida_2808srcimrundballenpressegifsalida_2808$#srcimtirelesscontributorbarnstargifsalida_2808stablesalida_2808styleclearbothsalida_2808styledirectionsalida_2808
stylewidthsalida_2808
stylewidthsalida_2808
stylewidthsalida_2808
stylewidthsalida_2808
stylewidthsalida_2808
stylewidthsalida_2808
stylewidthsalida_2808
stylewidthsalida_2808
stylewidthsalida_2808
stylewidthsalida_2808
stylewidthsalida_2808
stylewidthsalida_2808
stylewidthsalida_2808
stylewidthsalida_2808
stylewidthsalida_2808
stylewidthsalida_2808
stylewidthsalida_2808
stylewidthsalida_2808
stylewidthsalida_2808
stylewidthsalida_2808
stylewidthsalida_2808
stylewidthsalida_2808
stylewidthsalida_2808
stylewidthsalida_2808subjectsalida_2808termssalida_2808textsalida_2808textsalida_2808textsalida_2808textsalida_2808thesalida_2808thesalida_2808thesalida_2808thissalida_2808thissalida_2808titleespaolespaolsalida_2808
	titlelastsalida_2808tosalida_2808topsalida_2808topsalida_2808traditionalsalida_2808traditionalsalida_2808traditionalsalida_2808traditionalsalida_2808
typebitmapsalida_2808
typebitmapsalida_2808
typebitmapsalida_2808
typebitmapsalida_2808
typebitmapsalida_2808
typebitmapsalida_2808
typebitmapsalida_2808
typebitmapsalida_2808
typebitmapsalida_2808
typebitmapsalida_2808
typebitmapsalida_2808
typebitmapsalida_2808typetextcsssalida_2808typetextcsssalida_2808typetextcsssalida_2808typetextcsssalida_2808typetextcsssalida_2808undersalida_2808vsalida_2808viewsalida_2808	viewportsalida_2808vocabulariosalida_2808whitesalida_2808widthsalida_2808widthsalida_2808widthsalida_2808widthsalida_2808widthsalida_2808widthsalida_2808widthsalida_2808widthsalida_2808widthsalida_2808widthsalida_2808widthsalida_2808widthsalida_2808widthsalida_2808widthsalida_2808widthsalida_2808widthsalida_2808widthsalida_2808widthsalida_2808widthsalida_2808widthsalida_2808widthsalida_2808widthsalida_2808widthsalida_2808widthsalida_2808widthsalida_2808
	wikibookssalida_2808ysalida_2808ˇˇ(D√