asalida_6007asalida_6007asalida_6007asalida_6007asalida_6007asalida_6007aaasalida_6007aaasalida_6007aaaaaasalida_6007actionsalida_6007
additionalsalida_6007alignsalida_6007aligncentersalida_6007
	alignleftsalida_6007
	alignleftsalida_6007
	alignleftsalida_6007
	alignleftsalida_6007
	alignleftsalida_6007
	alignleftsalida_6007
	alignleftsalida_6007
	alignleftsalida_6007
	alignleftsalida_6007
	alignleftsalida_6007
	alignleftsalida_6007
	alignleftsalida_6007
	alignleftsalida_6007
	alignleftsalida_6007
	alignleftsalida_6007
	alignleftsalida_6007
	alignleftsalida_6007
	alignleftsalida_6007allevernziasalida_6007allevernziasaludosllsalida_6007
animationssalida_6007applysalida_6007appostsalida_6007articlesalida_6007assalida_6007attributionsalida_6007avoidsalida_6007
backgroundsalida_6007
backgroundsalida_6007bbuonosalida_6007bellsalida_6007
bgcolorccesalida_6007
bgcolorccesalida_6007
bgcolorccesalida_6007
bgcolorccesalida_6007
bgcolorccesalida_6007
bgcolorccesalida_6007
bgcoloreecsalida_6007
bgcoloreecsalida_6007
bgcoloreecsalida_6007biensalida_6007blocksalida_6007blocksalida_6007bodysalida_6007
	bongiornosalida_6007bordersalida_6007bordersalida_6007bordersalida_6007bordersalida_6007bordersalida_6007casalida_6007caasalida_6007cafsalida_6007capssalida_6007casasalida_6007cesalida_6007cellpaddingsalida_6007cellpaddingsalida_6007cellspacingsalida_6007cellspacingsalida_6007centersalida_6007centersalida_6007
charsetutfsalida_6007chausalida_6007cisalida_6007classsalida_6007classsalida_6007classsalida_6007classsalida_6007classsalida_6007classsalida_6007classsalida_6007classsalida_6007classsalida_6007classsalida_6007classsalida_6007classsalida_6007classsalida_6007classsalida_6007classclientsalida_6007classcontentsalida_6007classexternalsalida_6007classexternalsalida_6007classfeaturesalida_6007classmediawikisalida_6007classmwsalida_6007classsubpagessalida_6007	collapsesalida_6007	collapsesalida_6007collapsiblesalida_6007commesalida_6007commesalida_6007commonssalida_6007contentsalida_6007contentwidthdevicesalida_6007cordialsalida_6007
	cordialessalida_6007cuandosalida_6007dasalida_6007dadosalida_6007dashedsalida_6007datasalida_6007datasalida_6007datasalida_6007datasalida_6007datasalida_6007datasalida_6007datasalida_6007datasalida_6007desalida_6007
	directionsalida_6007displaysalida_6007durasalida_6007esalida_6007ecbbsalida_6007ecbbsalida_6007ectsalida_6007editedsalida_6007eeesalida_6007ejemplosalida_6007elsalida_6007elsalida_6007eltsalida_6007emsalida_6007emsalida_6007emsalida_6007emsalida_6007emsalida_6007emsalida_6007emsalida_6007emsalida_6007emptysalida_6007ensalida_6007errorsalida_6007essalida_6007essalida_6007estasalida_6007fattosalida_6007fffsalida_6007	figlietasalida_6007filesalida_6007filesalida_6007filesalida_6007filesalida_6007filesalida_6007filesalida_6007filessalida_6007fontsalida_6007fontsalida_6007fontsalida_6007forsalida_6007formasalida_6007fromsalida_6007fromsalida_6007	functionsalida_6007gennsalida_6007gradientdegsalida_6007
gramaticalsalida_6007headersalida_6007heightsalida_6007heightsalida_6007heightsalida_6007heightsalida_6007hidesalida_6007hrefsalida_6007hrefsalida_6007hrefsalida_6007hrefsalida_6007&%hrefhttpscreativecommonsorglicensesbysalida_6007;:hrefhttpseswikibooksorgwikinapolitanoflcaxicofsaludosoldidsalida_6007hrefnapolitanosalida_6007hrefnapolitanosalida_6007hrefnapolitanofenlacessalida_6007hrefnapolitanofgramcaticasalida_6007hrefnapolitanoflcaxicosalida_6007htdignoindexsalida_6007htdignoindexsalida_6007htmlsalida_6007idsalida_6007idsalida_6007idbodycontentsalida_6007
	idcontentsalida_6007idllsalida_6007idmwsalida_6007idmwsalida_6007idmwsalida_6007idmwagsalida_6007idmwaqsalida_6007idmwbasalida_6007idmwbgsalida_6007idmwbqsalida_6007idmwbwsalida_6007idmwcasalida_6007idmwcgsalida_6007idmwcqnapoletanosalida_6007idmwcwitalianosalida_6007idmwdasalida_6007idmwdgsalida_6007idmwdqcastellanosalida_6007
idmwdwbonnsalida_6007idmweabuongiornosalida_6007idmwegsalida_6007
idmweqbuensalida_6007
	idmwewciosalida_6007
idmwfaciaosalida_6007idmwfgsalida_6007
idmwfqholasalida_6007idmwfwbonasrasalida_6007idmwgabuonaserasalida_6007idmwggsalida_6007idmwgqbuenassalida_6007idmwgwbonanottesalida_6007idmwhabuonanottesalida_6007idmwhgsalida_6007idmwhqbuenassalida_6007idmwhwstattesalida_6007idmwiaarrivedercisalida_6007idmwigsalida_6007idmwiqadiossalida_6007
idmwiwtuttsalida_6007idmwjatuttosalida_6007idmwjgsalida_6007
idmwjqtodosalida_6007idmwjwsalida_6007idmwkausalida_6007idtopsalida_6007imagelinearsalida_6007
	importantsalida_6007importscriptsalida_6007initialsalida_6007inlinesalida_6007inlinesalida_6007inlinesalida_6007inlinesalida_6007iosalida_6007issalida_6007issalida_6007issalida_6007issuedsalida_6007jammecesalida_6007jjsmodulesarticlelisthomejssalida_6007jjsmodulesdetailspolyfilljssalida_6007jjsmodulesimagesloadedminjssalida_6007jjsmodulesjqueryjssalida_6007jjsmodulesjsconfigvarsjssalida_6007jjsmodulesmasonryminjssalida_6007jjsmodulesmediawikijssalida_6007jjsmodulesscriptjssalida_6007jjsmodulessitejssalida_6007jjsmodulesstartupjssalida_6007jssalida_6007lasalida_6007lasalida_6007
larguisimosalida_6007	licensedsalida_6007lossalida_6007lossalida_6007ltrsalida_6007ltrsalida_6007lxicosalida_6007mammasalida_6007mammetasalida_6007manasalida_6007marginsalida_6007marginsalida_6007marginsalida_6007maysalida_6007mediasalida_6007metteresalida_6007mfsalida_6007mfsalida_6007minervasalida_6007muchosalida_6007
muglieretasalida_6007muysalida_6007muysalida_6007mwsalida_6007mwsalida_6007mwsalida_6007mwsalida_6007nameviewportsalida_6007
napolitanosalida_6007napolitanolxicosaludossalida_6007napolitanossalida_6007napolitanossalida_6007nochessalida_6007normalsalida_6007nssalida_6007nssalida_6007nusalida_6007nunsalida_6007nunsalida_6007onsalida_6007outputsalida_6007paddingsalida_6007pagesalida_6007parsersalida_6007pavsalida_6007persalida_6007piglisalida_6007porsalida_6007porquesalida_6007portafogliosalida_6007postsalida_6007postsalida_6007postosalida_6007
	principalsalida_6007pueblosalida_6007pxsalida_6007pxsalida_6007pxsalida_6007pxsalida_6007pxsalida_6007pxsalida_6007pxbackgroundffffffsalida_6007quantusalida_6007quesalida_6007quesalida_6007relstylesheetsalida_6007relstylesheetsalida_6007relstylesheetsalida_6007relstylesheetsalida_6007returnsalida_6007ssalida_6007
sacreativesalida_6007saludansalida_6007saludosalida_6007saludosalida_6007saludossalida_6007saludossalida_6007scalesalida_6007scssmodulescontentparsoidcsssalida_6007scssmodulesinsertedstylecsssalida_6007èùèõscssmodulesskinsminervabaseresetskinsminervacontentstylesextcitestylemobileapppagestylesandroidmediawikipagegallerystylesmediawikiskinningcontentparsoidcsssalida_6007scssmodulesstylecsssalida_6007sectionsalida_6007sectionsalida_6007sentimmsalida_6007sersalida_6007
sharealikesalida_6007sitejssalida_6007sizesalida_6007sizesalida_6007skinsalida_6007socialsalida_6007
	solamentesalida_6007solidsalida_6007solidsalida_6007solidsalida_6007solidsalida_6007sonsalida_6007srcsalida_6007srcsalida_6007srcsalida_6007srcsalida_6007srcsalida_6007srcsalida_6007srcsalida_6007srcsalida_6007srcsalida_6007srcsalida_6007srcimflagofnaplessvgpngsalida_6007srcimflagofnaplessvgpngsalida_6007stablesalida_6007stajesalida_6007stylebordersalida_6007stylebordersalida_6007stylebordersalida_6007styleclearbothsalida_6007styleclearbothsalida_6007styledirectionsalida_6007stylemarginsalida_6007stylewidthpxsalida_6007stylewidthpxsalida_6007stylewidthpxsalida_6007subjectsalida_6007tardessalida_6007tesalida_6007termssalida_6007textsalida_6007textsalida_6007textsalida_6007textsalida_6007textsalida_6007thesalida_6007thesalida_6007thesalida_6007thissalida_6007thissalida_6007tiempsalida_6007
	titlelastsalida_6007titlenapolitanoenlacesenlacessalida_6007 titlenapolitanogramticagramticasalida_6007titlenapolitanolxicolxicosalida_6007titlenapolitanonapolitanosalida_6007titlenapolitanopginasalida_6007tosalida_6007topsalida_6007topsalida_6007topsalida_6007toppxsalida_6007	topsolidsalida_6007tuttsalida_6007tuttsalida_6007typedrawingsalida_6007typedrawingsalida_6007typetextcsssalida_6007typetextcsssalida_6007typetextcsssalida_6007typetextcsssalida_6007usalida_6007unsalida_6007unsalida_6007undersalida_6007vsalida_6007valigncentersalida_6007variantsmallsalida_6007vediamosalida_6007vidasalida_6007viewsalida_6007	viewportsalida_6007whitesalida_6007widthsalida_6007widthsalida_6007widthsalida_6007widthsalida_6007widthsalida_6007widthpxsalida_6007
	wikibookssalida_6007ˇˇÛ°4∞