aaaaaasalida_4498actionsalida_4498
additionalsalida_4498
	aleatoriasalida_4498
	aleatoriasalida_4498
	aleatoriasalida_4498
	aleatoriasalida_4498
	aleatoriasalida_4498
	aleatoriasalida_4498
	aleatoriasalida_4498
animationssalida_4498applysalida_4498apuntessalida_4498
arreglarsesalida_4498articlesalida_4498attributionsalida_4498avoidsalida_4498
backgroundsalida_4498blocksalida_4498blocksalida_4498bodysalida_4498bordersalida_4498captulosalida_4498centersalida_4498
charsetutfsalida_4498classsalida_4498classsalida_4498classsalida_4498classsalida_4498classsalida_4498classsalida_4498classsalida_4498classsalida_4498classsalida_4498classsalida_4498classsalida_4498classsalida_4498classsalida_4498classsalida_4498classclientsalida_4498classcontentsalida_4498classexternalsalida_4498classexternalsalida_4498classfeaturesalida_4498classmediawikisalida_4498classmwsalida_4498classsubpagessalida_4498collapsiblesalida_4498commonssalida_4498consalida_4498
	consistensalida_4498	contablesalida_4498contentsalida_4498contentwidthdevicesalida_4498	continuasalida_4498	continuasalida_4498correspondesalida_4498dashedsalida_4498datasalida_4498datasalida_4498datasalida_4498datasalida_4498desalida_4498desalida_4498desalida_4498desalida_4498desalida_4498desalida_4498desalida_4498desalida_4498	definidasalida_4498	definidasalida_4498dicesalida_4498dicesalida_4498dicesalida_4498
	directionsalida_4498	discretasalida_4498	discretasalida_4498displaysalida_4498editedsalida_4498eeesalida_4498elsalida_4498elsalida_4498eltsalida_4498emsalida_4498emsalida_4498emsalida_4498emsalida_4498emsalida_4498emptysalida_4498ensalida_4498ensalida_4498ensalida_4498
	encuentrasalida_4498enterossalida_4498	entoncessalida_4498errorsalida_4498essalida_4498essalida_4498essalida_4498essalida_4498espaciosalida_4498filessalida_4498finitosalida_4498forsalida_4498fromsalida_4498fromsalida_4498funcinsalida_4498funcinsalida_4498	functionsalida_4498gradientdegsalida_4498headersalida_4498hidesalida_4498hrefsalida_4498hrefsalida_4498hrefsalida_4498hrefsalida_4498hrefapuntesmatemcaticossalida_4498&%hrefapuntesmatemcaticosfestadcadsticasalida_4498&%hrefhttpscreativecommonsorglicensesbysalida_4498_^hrefhttpseswikibooksorgwikiapuntesmatemcaticosfestadcadsticafcapcadtulofvariablealeatoriaoldidsalida_4498htdignoindexsalida_4498htdignoindexsalida_4498htmlsalida_4498idsalida_4498idsalida_4498idsalida_4498idsalida_4498idbodycontentsalida_4498
	idcontentsalida_4498idmwsalida_4498idmwsalida_4498idmwsalida_4498idmwagsalida_4498idmwaqsalida_4498idmwawsalida_4498idmwbadefinicinsalida_4498idmwbgsalida_4498idmwbqvariablesalida_4498idmwbwsalida_4498idmwcadefinicinsalida_4498idmwcgsalida_4498idmwcqsalida_4498idmwcwdefinicinsalida_4498idtopsalida_4498$#idvariablealeatoriacontinuavariablesalida_4498$#idvariablealeatoriadiscretavariablesalida_4498idvariablealeatoriavariablesalida_4498imagelinearsalida_4498
	importantsalida_4498importscriptsalida_4498	infinitosalida_4498initialsalida_4498
intervalossalida_4498issalida_4498issalida_4498issalida_4498issuedsalida_4498jjsmodulesarticlelisthomejssalida_4498jjsmodulesdetailspolyfilljssalida_4498jjsmodulesimagesloadedminjssalida_4498jjsmodulesjqueryjssalida_4498jjsmodulesjsconfigvarsjssalida_4498jjsmodulesmasonryminjssalida_4498jjsmodulesmediawikijssalida_4498jjsmodulesscriptjssalida_4498jjsmodulessitejssalida_4498jjsmodulesstartupjssalida_4498jssalida_4498lasalida_4498lasalida_4498	licensedsalida_4498lossalida_4498lossalida_4498lossalida_4498lossalida_4498ltrsalida_4498ltrsalida_4498manerasalida_4498marginsalida_4498
matemticossalida_4498matemticosapuntessalida_4498matemticosestadsticacaptulosalida_4498maysalida_4498mediasalida_4498mfsalida_4498mfsalida_4498minervasalida_4498mssalida_4498	muestralsalida_4498mwsalida_4498mwsalida_4498mwsalida_4498mwsalida_4498mwsalida_4498mwsalida_4498nameviewportsalida_4498nmerosalida_4498nssalida_4498nssalida_4498osalida_4498osalida_4498onsalida_4498outputsalida_4498paddingsalida_4498pagesalida_4498parsersalida_4498
	positivossalida_4498probabilidadsalida_4498puedesalida_4498puedensalida_4498puntossalida_4498pxsalida_4498quesalida_4498quesalida_4498quesalida_4498quesalida_4498quesalida_4498quesalida_4498quesalida_4498realsalida_4498realessalida_4498realessalida_4498rectasalida_4498rectasalida_4498relstylesheetsalida_4498relstylesheetsalida_4498relstylesheetsalida_4498relstylesheetsalida_4498
resultadossalida_4498returnsalida_4498ssalida_4498ssalida_4498ssalida_4498
sacreativesalida_4498scalesalida_4498scssmodulescontentparsoidcsssalida_4498scssmodulesinsertedstylecsssalida_4498èùèõscssmodulesskinsminervabaseresetskinsminervacontentstylesextcitestylemobileapppagestylesandroidmediawikipagegallerystylesmediawikiskinningcontentparsoidcsssalida_4498scssmodulesstylecsssalida_4498sesalida_4498sesalida_4498sesalida_4498sesalida_4498seasalida_4498seasalida_4498seasalida_4498sectionsalida_4498sectionsalida_4498sectionsalida_4498sectionsalida_4498
	secuenciasalida_4498
sharealikesalida_4498sisalida_4498sisalida_4498sisalida_4498sitejssalida_4498skinsalida_4498sobresalida_4498sobresalida_4498sobresalida_4498srcsalida_4498srcsalida_4498srcsalida_4498srcsalida_4498srcsalida_4498srcsalida_4498srcsalida_4498srcsalida_4498srcsalida_4498srcsalida_4498stablesalida_4498stossalida_4498styleclearbothsalida_4498styledirectionsalida_4498subjectsalida_4498sussalida_4498termssalida_4498textsalida_4498textsalida_4498textsalida_4498textsalida_4498thesalida_4498thesalida_4498thesalida_4498thissalida_4498thissalida_4498titleapuntessalida_4498titleestadsticaestadsticasalida_4498
	titlelastsalida_4498tosalida_4498tomarsalida_4498topsalida_4498topsalida_4498
transformesalida_4498typetextcsssalida_4498typetextcsssalida_4498typetextcsssalida_4498typetextcsssalida_4498unsalida_4498unasalida_4498unasalida_4498unasalida_4498unasalida_4498unasalida_4498unasalida_4498undersalida_4498unosalida_4498vsalida_4498valorsalida_4498valoressalida_4498valoressalida_4498	variablesalida_4498	variablesalida_4498	variablesalida_4498viewsalida_4498	viewportsalida_4498whitesalida_4498widthsalida_4498
	wikibookssalida_4498xsalida_4498xsalida_4498xsalida_4498xsalida_4498ysalida_4498yasalida_4498ˇˇ
KÁ