aaaaaasalida_12665actionsalida_12665actualizandosalida_12665
additionalsalida_12665
animationssalida_12665applysalida_12665archsalida_12665	archivossalida_12665articlesalida_12665attributionsalida_12665avoidsalida_12665
backgroundsalida_12665blocksalida_12665blocksalida_12665bodysalida_12665bordersalida_12665centersalida_12665
charsetutfsalida_12665classsalida_12665classsalida_12665classsalida_12665classsalida_12665classsalida_12665classsalida_12665classsalida_12665classsalida_12665classsalida_12665classsalida_12665classsalida_12665classsalida_12665classsalida_12665classsalida_12665classclientsalida_12665classcontentsalida_12665classexternalsalida_12665classexternalsalida_12665classfeaturesalida_12665classmediawikisalida_12665classmwsalida_12665classnullpacmansalida_12665classnullparabolasalida_12665classsubpagessalida_12665collapsiblesalida_12665comandosalida_12665commonssalida_12665consalida_12665
conflictossalida_12665
conflictossalida_12665contentsalida_12665contentwidthdevicesalida_12665dashedsalida_12665datasalida_12665desalida_12665desalida_12665desalida_12665desalida_12665deberiasalida_12665dependenciassalida_12665	descargasalida_12665descargandosalida_12665desdesalida_12665
	directionsalida_12665displaysalida_12665editedsalida_12665eeesalida_12665elsalida_12665eltsalida_12665emsalida_12665emsalida_12665emsalida_12665emsalida_12665emsalida_12665emptysalida_12665ensalida_12665ensalida_12665ensalida_12665entresalida_12665errorsalida_12665facilsalida_12665filessalida_12665forsalida_12665fromsalida_12665fromsalida_12665	functionsalida_12665gnusalida_12665	gnulinuxsalida_12665	gnulinuxsalida_12665	gnulinuxsalida_12665	gnulinuxsalida_12665gradientdegsalida_12665headersalida_12665hidesalida_12665hrefsalida_12665hrefsalida_12665hrefsalida_12665hrefsalida_12665&%hrefhttpscreativecommonsorglicensesbysalida_12665VUhrefhttpseswikibooksorgwikipythonfinstalacicbndepythonfpythonenparabolagnuflinuxoldidsalida_12665-,hrefhttpseswikipediaorgwikiespacmanarchlinuxsalida_12665,+hrefhttpseswikipediaorgwikiparabolagnulinuxsalida_12665
hrefpythonsalida_12665htdignoindexsalida_12665htdignoindexsalida_12665htmlsalida_12665idsalida_12665idbodycontentsalida_12665
	idcontentsalida_12665idmwsalida_12665idmwsalida_12665idmwsalida_12665	idmwagsisalida_12665idmwaqsalida_12665idmwawsalida_12665idmwbasalida_12665idmwbgejemplosalida_12665idmwbqsalida_12665idmwbwsalida_12665idmwcausuariolocalhostsalida_12665idmwcgsalida_12665idmwcqcontraseasalida_12665idmwcwsalida_12665idmwdasalida_12665idmwdgsalida_12665idmwdqcontinuarsalida_12665idmwdwsalida_12665idmweapythonsalida_12665idmwequsuariolocalhostsalida_12665idtopsalida_12665imagelinearsalida_12665
	importantsalida_12665importscriptsalida_12665initialsalida_12665
instalacinsalida_12665
instalacinsalida_12665instalacionsalida_12665
	instaladosalida_12665	instalarsalida_12665
integridadsalida_12665issalida_12665issalida_12665issalida_12665issuedsalida_12665jjsmodulesarticlelisthomejssalida_12665jjsmodulesdetailspolyfilljssalida_12665jjsmodulesimagesloadedminjssalida_12665jjsmodulesjqueryjssalida_12665jjsmodulesjsconfigvarsjssalida_12665jjsmodulesmasonryminjssalida_12665jjsmodulesmediawikijssalida_12665jjsmodulesscriptjssalida_12665jjsmodulessitejssalida_12665jjsmodulesstartupjssalida_12665jssalida_12665ksalida_12665kssalida_12665lasalida_12665lasalida_12665libresalida_12665libresalida_12665libresalida_12665libresalida_12665libresalida_12665libresalida_12665libresalida_12665libresalida_12665	licensedsalida_12665linuxsalida_12665lossalida_12665ltrsalida_12665ltrsalida_12665marginsalida_12665maysalida_12665mbsalida_12665mbsalida_12665mediasalida_12665mfsalida_12665mfsalida_12665minervasalida_12665mwsalida_12665mwsalida_12665mwsalida_12665nameviewportsalida_12665nssalida_12665nssalida_12665
	objetivossalida_12665onsalida_12665outputsalida_12665pacmansalida_12665paddingsalida_12665pagesalida_12665	paquetessalida_12665	paquetessalida_12665	parabolasalida_12665	parabolasalida_12665	parabolasalida_12665parsersalida_12665pxsalida_12665pythonsalida_12665pythonsalida_12665pythonsalida_12665pythonsalida_12665pythonsalida_12665pythonsalida_12665pythonsalida_12665pythoninstalacinsalida_12665pythonpythonsalida_12665relstylesheetsalida_12665relstylesheetsalida_12665relstylesheetsalida_12665relstylesheetsalida_12665resolviendosalida_12665returnsalida_12665ssalida_12665ssalida_12665
sacreativesalida_12665scalesalida_12665scssmodulescontentparsoidcsssalida_12665scssmodulesinsertedstylecsssalida_12665èùèõscssmodulesskinsminervabaseresetskinsminervacontentstylesextcitestylemobileapppagestylesandroidmediawikipagegallerystylesmediawikiskinningcontentparsoidcsssalida_12665scssmodulesstylecsssalida_12665sectionsalida_12665sersalida_12665
sharealikesalida_12665sitejssalida_12665skinsalida_12665snsalida_12665srcsalida_12665srcsalida_12665srcsalida_12665srcsalida_12665srcsalida_12665srcsalida_12665srcsalida_12665srcsalida_12665srcsalida_12665srcsalida_12665stablesalida_12665styleclearbothsalida_12665styledirectionsalida_12665subjectsalida_12665sudosalida_12665tamaosalida_12665tamaosalida_12665termssalida_12665textsalida_12665textsalida_12665textsalida_12665textsalida_12665thesalida_12665thesalida_12665thesalida_12665thissalida_12665thissalida_12665
	titlelastsalida_12665titlepythonpythonsalida_12665titlewespacmansalida_12665titlewparabolasalida_12665tosalida_12665topsalida_12665topsalida_12665totalsalida_12665totalsalida_12665typetextcsssalida_12665typetextcsssalida_12665typetextcsssalida_12665typetextcsssalida_12665undersalida_12665usandosalida_12665ustedsalida_12665utilizasalida_12665vsalida_12665verificandosalida_12665verificandosalida_12665verificandosalida_12665viewsalida_12665	viewportsalida_12665whitesalida_12665widthsalida_12665
	wikibookssalida_12665xsalida_12665ˇˇ˘Áø√