asalida_9799asalida_9799asalida_9799aaaaaasalida_9799acabensalida_9799acontinuacionsalida_9799actionsalida_9799
additionalsalida_9799
	agregamossalida_9799aguasalida_9799alsalida_9799aligncentersalida_9799aligncentersalida_9799aligncentersalida_9799aligncentersalida_9799aligncentersalida_9799aligncentersalida_9799aligncentersalida_9799aligncentersalida_9799aligncentersalida_9799aligncenternavegarsalida_9799alignleftdificultadsalida_9799
alignrightsalida_9799	aligntopsalida_9799	aligntopsalida_9799
animationssalida_9799applysalida_9799artessalida_9799articlesalida_9799asadasalida_9799attributionsalida_9799autosalida_9799autosalida_9799avoidsalida_9799
backgroundsalida_9799
backgroundsalida_9799
backgroundsalida_9799blocksalida_9799blocksalida_9799bodysalida_9799bordersalida_9799caldosalida_9799	calientesalida_9799carnesalida_9799carnesalida_9799
	categorassalida_9799cellpaddingsalida_9799centersalida_9799	cerealessalida_9799cfdfcfsalida_9799changuasalida_9799changuasalida_9799
charsetutfsalida_9799classsalida_9799classsalida_9799classsalida_9799classsalida_9799classsalida_9799classsalida_9799classsalida_9799classsalida_9799classsalida_9799classsalida_9799classsalida_9799classsalida_9799classsalida_9799classsalida_9799classclientsalida_9799classcontentsalida_9799classexternalsalida_9799classexternalsalida_9799classfeaturesalida_9799classmediawikisalida_9799classmwsalida_9799classmwsalida_9799classmwsalida_9799classmwsalida_9799classsubpagessalida_9799cocidossalida_9799cocidossalida_9799collapsiblesalida_9799colocarsalida_9799colordfdfefsalida_9799
	colorffffsalida_9799colspanavessalida_9799commonssalida_9799comosalida_9799comosalida_9799comosalida_9799consistenciasalida_9799contentsalida_9799contentwidthdevicesalida_9799
culinariassalida_9799culinariasartessalida_9799! culinariasingredientescarnecarnesalida_9799"!culinariasingredienteshuevohuevossalida_9799culinariasingredientespanpansalida_9799! culinariasingredientesquesoquesosalida_9799culinariasrecetassalida_9799culinariasrecetasaasalida_9799culinariasrecetasbbsalida_9799culinariasrecetasccsalida_9799culinariasrecetasddsalida_9799culinariasrecetaseesalida_9799culinariasrecetasffsalida_9799culinariasrecetasggsalida_9799culinariasrecetasglosariosalida_9799culinariasrecetashhsalida_9799culinariasrecetasiisalida_9799culinariasrecetasjjsalida_9799culinariasrecetaskksalida_9799culinariasrecetasllsalida_9799culinariasrecetasmmsalida_9799culinariasrecetasnnsalida_9799culinariasrecetasoosalida_9799culinariasrecetasppsalida_9799culinariasrecetasqqsalida_9799culinariasrecetasrrsalida_9799culinariasrecetassopassalida_9799culinariasrecetassssalida_9799culinariasrecetasttsalida_9799culinariasrecetasuusalida_9799culinariasrecetasvvsalida_9799culinariasrecetaswwsalida_9799culinariasrecetasxxsalida_9799culinariasrecetasyysalida_9799culinariasrecetaszzsalida_9799dashedsalida_9799datasalida_9799datasalida_9799datasalida_9799datasalida_9799datasalida_9799datasalida_9799datasalida_9799datasalida_9799datasalida_9799datasalida_9799desalida_9799desalida_9799desalida_9799desalida_9799desalida_9799desalida_9799defaultsalida_9799defaultsalida_9799defaultsalida_9799dfdfdfsalida_9799
	directionsalida_9799displaysalida_9799editedsalida_9799eeesalida_9799elsalida_9799elsalida_9799eltsalida_9799emsalida_9799emsalida_9799emsalida_9799emsalida_9799emsalida_9799emsalida_9799emsalida_9799emsalida_9799emsalida_9799emsalida_9799emsalida_9799empiezasalida_9799emptysalida_9799ensalida_9799ensalida_9799ensalida_9799errorsalida_9799essalida_9799estosalida_9799
estructurasalida_9799filesalida_9799filesalida_9799filesalida_9799filesalida_9799filesalida_9799filesalida_9799filesalida_9799filesalida_9799filesalida_9799filessalida_9799forsalida_9799fritassalida_9799fritassalida_9799fromsalida_9799fromsalida_9799frutassalida_9799fuegosalida_9799	functionsalida_9799
geogrficassalida_9799gradientdegsalida_9799gustosalida_9799hastasalida_9799headersalida_9799heightsalida_9799heightsalida_9799heightsalida_9799heightsalida_9799heightsalida_9799heightsalida_9799hidesalida_9799hrefsalida_9799hrefsalida_9799hrefsalida_9799hrefsalida_9799hrefartesculinariassalida_9799'&hrefartesculinariasfingredientesfcarnesalida_9799'&hrefartesculinariasfingredientesfhuevosalida_9799%$hrefartesculinariasfingredientesfpansalida_9799'&hrefartesculinariasfingredientesfquesosalida_9799hrefartesculinariasfrecetassalida_9799hrefartesculinariasfrecetasfasalida_9799hrefartesculinariasfrecetasfbsalida_9799hrefartesculinariasfrecetasfcsalida_9799hrefartesculinariasfrecetasfcsalida_9799hrefartesculinariasfrecetasfdsalida_9799hrefartesculinariasfrecetasfesalida_9799hrefartesculinariasfrecetasffsalida_9799hrefartesculinariasfrecetasfgsalida_9799hrefartesculinariasfrecetasfhsalida_9799hrefartesculinariasfrecetasfisalida_9799hrefartesculinariasfrecetasfjsalida_9799hrefartesculinariasfrecetasfksalida_9799hrefartesculinariasfrecetasflsalida_9799hrefartesculinariasfrecetasfmsalida_9799hrefartesculinariasfrecetasfnsalida_9799hrefartesculinariasfrecetasfosalida_9799hrefartesculinariasfrecetasfpsalida_9799hrefartesculinariasfrecetasfqsalida_9799hrefartesculinariasfrecetasfrsalida_9799hrefartesculinariasfrecetasfssalida_9799hrefartesculinariasfrecetasftsalida_9799hrefartesculinariasfrecetasfusalida_9799hrefartesculinariasfrecetasfvsalida_9799hrefartesculinariasfrecetasfwsalida_9799hrefartesculinariasfrecetasfxsalida_9799hrefartesculinariasfrecetasfysalida_9799hrefartesculinariasfrecetasfzsalida_9799&%hrefhttpscreativecommonsorglicensesbysalida_9799CBhrefhttpseswikibooksorgwikiartesculinariasfrecetasfsopasdepanoldidsalida_9799htdignoindexsalida_9799htdignoindexsalida_9799htmlsalida_9799huevossalida_9799huevossalida_9799humedasalida_9799idsalida_9799idbodycontentsalida_9799
	idcontentsalida_9799idmwsalida_9799idmwsalida_9799idmwsalida_9799idmwagsalida_9799idmwaqsalida_9799idmwbqsalida_9799idtocsalida_9799idtocsalida_9799idtopsalida_9799igualsalida_9799imagelinearsalida_9799
	importantsalida_9799importscriptsalida_9799ingredientessalida_9799ingredientessalida_9799initialsalida_9799inlinesalida_9799inlinesalida_9799inlinesalida_9799inlinesalida_9799inlinesalida_9799inlinesalida_9799issalida_9799issalida_9799issalida_9799issuedsalida_9799jjsmodulesarticlelisthomejssalida_9799jjsmodulesdetailspolyfilljssalida_9799jjsmodulesimagesloadedminjssalida_9799jjsmodulesjqueryjssalida_9799jjsmodulesjsconfigvarsjssalida_9799jjsmodulesmasonryminjssalida_9799jjsmodulesmediawikijssalida_9799jjsmodulesscriptjssalida_9799jjsmodulessitejssalida_9799jjsmodulesstartupjssalida_9799jssalida_9799lasalida_9799lasalida_9799lasalida_9799lasalida_9799
	legumbressalida_9799librasalida_9799	licensedsalida_9799litrossalida_9799lossalida_9799lossalida_9799ltrsalida_9799ltrsalida_9799luegosalida_9799marginsalida_9799	mariscossalida_9799maysalida_9799mediasalida_9799medidasalida_9799mediosalida_9799mfsalida_9799mfsalida_9799minsalida_9799minervasalida_9799mojadosalida_9799mwsalida_9799mwsalida_9799mwsalida_9799nameviewportsalida_9799nosalida_9799nosalida_9799nssalida_9799nssalida_9799	observarsalida_9799ollasalida_9799onsalida_9799outputsalida_9799paddingsalida_9799
	paddingemsalida_9799
	paddingemsalida_9799pagesalida_9799pansalida_9799pansalida_9799pansalida_9799papassalida_9799papassalida_9799parasalida_9799parsersalida_9799	partimossalida_9799perosalida_9799perosalida_9799	personassalida_9799	pescadossalida_9799pisossalida_9799pizzasalida_9799pizzasalida_9799podrasalida_9799porsalida_9799porsalida_9799
	porcionessalida_9799
	porcionessalida_9799postressalida_9799
	prendemossalida_9799procedimientosalida_9799pxsalida_9799quesalida_9799quesalida_9799quesalida_9799quesalida_9799quedarasalida_9799quedesalida_9799quesosalida_9799recetassalida_9799	regmenessalida_9799relstylesheetsalida_9799relstylesheetsalida_9799relstylesheetsalida_9799relstylesheetsalida_9799returnsalida_9799rondassalida_9799rowspansalida_9799
sacreativesalida_9799scalesalida_9799scssmodulescontentparsoidcsssalida_9799scssmodulesinsertedstylecsssalida_9799èùèõscssmodulesskinsminervabaseresetskinsminervacontentstylesextcitestylemobileapppagestylesandroidmediawikipagegallerystylesmediawikiskinningcontentparsoidcsssalida_9799scssmodulesstylecsssalida_9799sesalida_9799sesalida_9799sesalida_9799sesalida_9799sesalida_9799sectionsalida_9799setassalida_9799
sharealikesalida_9799sitejssalida_9799sizesalida_9799sizesalida_9799sizesalida_9799sizesalida_9799sizesalida_9799skinsalida_9799solidsalida_9799solidsalida_9799sopasalida_9799srcsalida_9799srcsalida_9799srcsalida_9799srcsalida_9799srcsalida_9799srcsalida_9799srcsalida_9799srcsalida_9799srcsalida_9799srcsalida_9799srcimnoiaappskfmpngsalida_9799srcimnoiaappsxclockpngsalida_9799srcimodotssvgpngsalida_9799stablesalida_9799stylebackgroundccccffsalida_9799stylebackgroundccccffsalida_9799styleborderpxsalida_9799styleborderpxsalida_9799styleclearbothsalida_9799styleclearbothsalida_9799styledirectionsalida_9799
	stylefontsalida_9799
	stylefontsalida_9799stylemarginsalida_9799stylemarginsalida_9799styleverticalsalida_9799styleverticalsalida_9799
stylewidthsalida_9799susalida_9799subjectsalida_9799tajarsalida_9799termssalida_9799textsalida_9799textsalida_9799textsalida_9799textsalida_9799thesalida_9799thesalida_9799thesalida_9799thissalida_9799thissalida_9799
titleartessalida_9799
titleartessalida_9799
titleartessalida_9799
titleartessalida_9799
titleartessalida_9799
titleartessalida_9799
titleartessalida_9799
titleartessalida_9799
titleartessalida_9799
titleartessalida_9799
titleartessalida_9799
titleartessalida_9799
titleartessalida_9799
titleartessalida_9799
titleartessalida_9799
titleartessalida_9799
titleartessalida_9799
titleartessalida_9799
titleartessalida_9799
titleartessalida_9799
titleartessalida_9799
titleartessalida_9799
titleartessalida_9799
titleartessalida_9799
titleartessalida_9799
titleartessalida_9799
titleartessalida_9799
titleartessalida_9799
titleartessalida_9799
titleartessalida_9799
titleartessalida_9799
titleartessalida_9799
titleartessalida_9799
	titlelastsalida_9799tosalida_9799todasalida_9799todosalida_9799topsalida_9799topsalida_9799triangularessalida_9799
typebitmapsalida_9799
typebitmapsalida_9799typedrawingsalida_9799typetextcsssalida_9799typetextcsssalida_9799typetextcsssalida_9799typetextcsssalida_9799unsalida_9799unasalida_9799unasalida_9799unasalida_9799unasalida_9799undersalida_9799vsalida_9799veasalida_9799	verdurassalida_9799viewsalida_9799	viewportsalida_9799whitesalida_9799widthsalida_9799widthsalida_9799widthsalida_9799widthsalida_9799widthsalida_9799widthsalida_9799widthsalida_9799widthsalida_9799
	wikibookssalida_9799ysalida_9799ysalida_9799ysalida_9799zonassalida_9799ˇˇZc–[