asalida_13193asalida_13193aaaaaasalida_13193actionsalida_13193
additionalsalida_13193
afortunadasalida_13193
afortunadasalida_13193ajesalida_13193alemnsalida_13193algunassalida_13193amstersalida_13193amuletosalida_13193analogasalida_13193
animationssalida_13193	aparecensalida_13193applysalida_13193aqusalida_13193articlesalida_13193
aterrizajesalida_13193attributionsalida_13193avoidsalida_13193
backgroundsalida_13193biensalida_13193blocksalida_13193blocksalida_13193bodysalida_13193bordersalida_13193casosalida_13193centersalida_13193
charsetutfsalida_13193classsalida_13193classsalida_13193classsalida_13193classsalida_13193classsalida_13193classsalida_13193classsalida_13193classsalida_13193classsalida_13193classsalida_13193classsalida_13193classsalida_13193classsalida_13193classsalida_13193classclientsalida_13193classcontentsalida_13193classexternalsalida_13193classexternalsalida_13193classfeaturesalida_13193classmediawikisalida_13193classmwsalida_13193classsubpagessalida_13193coincidenciasalida_13193coincidenciasalida_13193coincidenciassalida_13193collapsiblesalida_13193
combinacinsalida_13193commonssalida_13193comnsalida_13193comosalida_13193comosalida_13193consalida_13193consalida_13193consalida_13193consalida_13193consalida_13193consalida_13193consalida_13193consalida_13193consalida_13193consalida_13193conocesalida_13193
considerarsalida_13193contentsalida_13193contentwidthdevicesalida_13193
	costumbresalida_13193crujirsalida_13193dashedsalida_13193datasalida_13193datasalida_13193desalida_13193desalida_13193desalida_13193desalida_13193desalida_13193desalida_13193desalida_13193desalida_13193desalida_13193desalida_13193desalida_13193delsalida_13193delsalida_13193delsalida_13193delsalida_13193delantesalida_13193
	derivadassalida_13193
	derivadossalida_13193
	directionsalida_13193displaysalida_13193esalida_13193esalida_13193editedsalida_13193eeesalida_13193ejesalida_13193ejemplosalida_13193	ejemplossalida_13193elegirsalida_13193eltsalida_13193emsalida_13193emsalida_13193emsalida_13193emsalida_13193emsalida_13193emptysalida_13193ensalida_13193ensalida_13193ensalida_13193ensalida_13193ensalida_13193ensalida_13193errorsalida_13193essalida_13193essalida_13193essalida_13193essalida_13193essalida_13193escribesalida_13193escribesalida_13193escribesalida_13193	escribensalida_13193	escribensalida_13193	escribensalida_13193	escribensalida_13193	escribensalida_13193	escribensalida_13193	escribensalida_13193	escribensalida_13193	escribirsalida_13193	escribirsalida_13193espaolortografausosalida_13193	especialsalida_13193estasalida_13193estasalida_13193estassalida_13193estosalida_13193estosalida_13193
	etimologasalida_13193excepcionessalida_13193excepcionessalida_13193exceptosalida_13193exceptosalida_13193exceptosalida_13193exceptosalida_13193existensalida_13193filessalida_13193forsalida_13193formassalida_13193formassalida_13193francssalida_13193fromsalida_13193fromsalida_13193	functionsalida_13193gsalida_13193gsalida_13193gsalida_13193gsalida_13193gsalida_13193gsalida_13193gsalida_13193gesalida_13193
	generacinsalida_13193gisalida_13193gradientdegsalida_13193habitualmentesalida_13193hallsalida_13193haysalida_13193headersalida_13193hechosalida_13193hechosalida_13193hidesalida_13193hiplagesalida_13193hmstersalida_13193
	hospedajesalida_13193hrefsalida_13193hrefsalida_13193hrefsalida_13193hrefsalida_13193hrefespacbolsalida_13193hrefespacbolfortografcadasalida_13193&%hrefhttpscreativecommonsorglicensesbysalida_13193?>hrefhttpseswikibooksorgwikiespacbolfortografcadafusodegyjoldidsalida_13193htdignoindexsalida_13193htdignoindexsalida_13193htmlsalida_13193isalida_13193idsalida_13193idsalida_13193idbodycontentsalida_13193
	idcontentsalida_13193)(idmnemotecniasortogrficasgyjmnemotecniassalida_13193idmwsalida_13193idmwsalida_13193idmwsalida_13193
	idmwaglassalida_13193idmwaqsalida_13193idmwawespaolortografasalida_13193idmwbasalida_13193idmwbgsalida_13193	idmwbqelsalida_13193idmwbwprotejasalida_13193idmwcaprotegasalida_13193idmwcgsalida_13193
	idmwcqlossalida_13193idmwcwprotegersalida_13193idmwdaprotegeresalida_13193idmwdgtexeresalida_13193idmwdqtejersalida_13193idmwdwsalida_13193idmweamaquillajesalida_13193
	idmweglassalida_13193idmweqmaquillagesalida_13193
	idmwewhaysalida_13193idmwfasalida_13193	idmwfgdesalida_13193	idmwfqdesalida_13193	idmwfwdesalida_13193idmwgaharakirisalida_13193idmwggsalida_13193	idmwgqdesalida_13193	idmwgwsesalida_13193	idmwhajasalida_13193idmwhgsalida_13193idmwhqjsalida_13193idmwhwtrabajosalida_13193	idmwiasesalida_13193idmwiggsalida_13193	idmwiqjasalida_13193idmwiwsalida_13193idmwjaprotegersalida_13193	idmwjglosalida_13193idmwjqsalida_13193idmwjwsalida_13193idmwkasalida_13193idmwkgsalida_13193
	idmwkqgeosalida_13193idmwkwtodossalida_13193idmwlagsalida_13193idmwlgremejersalida_13193idmwlqsalida_13193idmwlwgrujirsalida_13193idmwmatodassalida_13193idmwmgteprotegesalida_13193idmwmqsalida_13193idmwmwtodassalida_13193idmwnasalida_13193idmwngcollagesalida_13193idmwnqenlagesalida_13193idtopsalida_13193imagelinearsalida_13193
	importantsalida_13193importscriptsalida_13193inglssalida_13193initialsalida_13193
inventamossalida_13193issalida_13193issalida_13193issalida_13193issuedsalida_13193jsalida_13193jsalida_13193jsalida_13193jsalida_13193jsalida_13193jsalida_13193jsalida_13193jsalida_13193jsalida_13193japonssalida_13193jesalida_13193jersalida_13193jisalida_13193jirsalida_13193jjsmodulesarticlelisthomejssalida_13193jjsmodulesdetailspolyfilljssalida_13193jjsmodulesimagesloadedminjssalida_13193jjsmodulesjqueryjssalida_13193jjsmodulesjsconfigvarsjssalida_13193jjsmodulesmasonryminjssalida_13193jjsmodulesmediawikijssalida_13193jjsmodulesscriptjssalida_13193jjsmodulessitejssalida_13193jjsmodulesstartupjssalida_13193josalida_13193josalida_13193jssalida_13193jusalida_13193jusalida_13193keosalida_13193kirisalida_13193koljesalida_13193lasalida_13193lasalida_13193lasalida_13193lasalida_13193lasalida_13193lasalida_13193lasalida_13193lassalida_13193lassalida_13193lassalida_13193lassalida_13193lassalida_13193lassalida_13193lassalida_13193lassalida_13193lassalida_13193latnsalida_13193latnsalida_13193	licensedsalida_13193listassalida_13193llamadosalida_13193losalida_13193lossalida_13193lossalida_13193lossalida_13193ltrsalida_13193ltrsalida_13193marginsalida_13193maysalida_13193mediasalida_13193	mejicanosalida_13193	mexicanosalida_13193	mexicanosalida_13193mfsalida_13193mfsalida_13193minervasalida_13193mjicosalida_13193muysalida_13193mwsalida_13193mwsalida_13193mwsalida_13193mwsalida_13193mxicosalida_13193nameviewportsalida_13193nemotecniassalida_13193nosalida_13193nosalida_13193nosalida_13193nosalida_13193nosalida_13193nssalida_13193nssalida_13193osalida_13193osalida_13193osalida_13193osalida_13193osalida_13193osalida_13193osalida_13193osalida_13193osalida_13193oaxasalida_13193	oaxaqueosalida_13193onsalida_13193origensalida_13193origensalida_13193origensalida_13193
	ortografasalida_13193
ortogrficasalida_13193ortogrficassalida_13193ortogrficassalida_13193ortogrficassalida_13193otrassalida_13193outputsalida_13193paddingsalida_13193pagesalida_13193palabrasalida_13193	palabrassalida_13193	palabrassalida_13193	palabrassalida_13193	palabrassalida_13193	palabrassalida_13193	palabrassalida_13193	palabrassalida_13193parasalida_13193parsersalida_13193
particularsalida_13193perosalida_13193perosalida_13193perosalida_13193	personassalida_13193pocassalida_13193podrasalida_13193porsalida_13193porsalida_13193prefijosalida_13193
	prevalecesalida_13193
primitivassalida_13193
pronunciansalida_13193
pronunciansalida_13193protegesalida_13193	protegersalida_13193
	protegidosalida_13193protejasalida_13193protejosalida_13193pxsalida_13193quesalida_13193quesalida_13193quesalida_13193quesalida_13193quesalida_13193quesalida_13193quesalida_13193quesalida_13193quesalida_13193razsalida_13193razsalida_13193razsalida_13193recogersalida_13193reglasalida_13193reglasalida_13193reglasalida_13193reglasalida_13193reglasalida_13193reglassalida_13193reglassalida_13193reglassalida_13193reglassalida_13193reglassalida_13193reglassalida_13193relstylesheetsalida_13193relstylesheetsalida_13193relstylesheetsalida_13193relstylesheetsalida_13193resumensalida_13193returnsalida_13193
sacreativesalida_13193scalesalida_13193scssmodulescontentparsoidcsssalida_13193scssmodulesinsertedstylecsssalida_13193èùèõscssmodulesskinsminervabaseresetskinsminervacontentstylesextcitestylemobileapppagestylesandroidmediawikipagegallerystylesmediawikiskinningcontentparsoidcsssalida_13193scssmodulesstylecsssalida_13193sesalida_13193sesalida_13193sesalida_13193sesalida_13193sesalida_13193sesalida_13193sesalida_13193sesalida_13193sesalida_13193sesalida_13193sesalida_13193sesalida_13193sesalida_13193sectionsalida_13193sectionsalida_13193segnsalida_13193
sharealikesalida_13193sisalida_13193siempresalida_13193
siguientessalida_13193sinnimosalida_13193sinosalida_13193sinosalida_13193sinosalida_13193sitejssalida_13193skinsalida_13193sonsalida_13193sonidosalida_13193sonidossalida_13193srcsalida_13193srcsalida_13193srcsalida_13193srcsalida_13193srcsalida_13193srcsalida_13193srcsalida_13193srcsalida_13193srcsalida_13193srcsalida_13193stablesalida_13193styleclearbothsalida_13193styledirectionsalida_13193susalida_13193susalida_13193subjectsalida_13193sufijosalida_13193tambinsalida_13193tejersalida_13193tendrasalida_13193tenemossalida_13193
terminadassalida_13193
terminadassalida_13193
terminadossalida_13193termssalida_13193textsalida_13193textsalida_13193textsalida_13193textsalida_13193thesalida_13193thesalida_13193thesalida_13193thissalida_13193thissalida_13193tienensalida_13193tienensalida_13193tienensalida_13193titleespaolespaolsalida_13193titleespaolortografasalida_13193
	titlelastsalida_13193tosalida_13193todassalida_13193topsalida_13193topsalida_13193trabajesalida_13193
	trabajitosalida_13193typeasalida_13193typetextcsssalida_13193typetextcsssalida_13193typetextcsssalida_13193typetextcsssalida_13193unsalida_13193unsalida_13193unsalida_13193unasalida_13193unasalida_13193unasalida_13193unasalida_13193unasalida_13193unasalida_13193unasalida_13193undersalida_13193usansalida_13193usosalida_13193vsalida_13193vecessalida_13193	verbalessalida_13193	verbalessalida_13193verbossalida_13193verbossalida_13193
verdaderassalida_13193vienesalida_13193vienesalida_13193vienesalida_13193vienesalida_13193viewsalida_13193	viewportsalida_13193whitesalida_13193widthsalida_13193
	wikibookssalida_13193xsalida_13193xamstersalida_13193xarasalida_13193xesalida_13193xisalida_13193xolsalida_13193ysalida_13193ysalida_13193ysalida_13193ysalida_13193ysalida_13193ysalida_13193ysalida_13193ysalida_13193ysalida_13193ysalida_13193ysalida_13193ysalida_13193ysalida_13193yasalida_13193ˇˇöK,D