aaaaaasalida_4943
	abschtzensalida_4943
abschtzungsalida_4943	abweichtsalida_4943actionsalida_4943
additionalsalida_4943allgemeinensalida_4943alssalida_4943alssalida_4943alssalida_4943alsosalida_4943
animationssalida_4943anteilsalida_4943anteilsalida_4943applysalida_4943articlesalida_4943attributionsalida_4943auchsalida_4943
ausschenktsalida_4943ausschreibtsalida_4943avoidsalida_4943
backgroundsalida_4943beflltsalida_4943	beflltensalida_4943	beflltensalida_4943	beispielsalida_4943bekanntsalida_4943bentigtsalida_4943bessersalida_4943betragsungleichungsalida_4943betrgtsalida_4943
	beziehungsalida_4943bienaymsalida_4943biennaymtschebyschewsalida_4943blocksalida_4943blocksalida_4943bodysalida_4943bordersalida_4943bzwsalida_4943bzwsalida_4943centersalida_4943
charsetutfsalida_4943classsalida_4943classsalida_4943classsalida_4943classsalida_4943classsalida_4943classsalida_4943classsalida_4943classsalida_4943classsalida_4943classsalida_4943classsalida_4943classsalida_4943classsalida_4943classsalida_4943classclientsalida_4943classcontentsalida_4943classexternalsalida_4943classexternalsalida_4943classfeaturesalida_4943classmediawikisalida_4943classmwsalida_4943classsubpagessalida_4943collapsiblesalida_4943commonssalida_4943contentsalida_4943contentwidthdevicesalida_4943dannsalida_4943dashedsalida_4943dasssalida_4943datasalida_4943desalida_4943dersalida_4943dersalida_4943dersalida_4943dersalida_4943dersalida_4943dersalida_4943dersalida_4943diesalida_4943diesalida_4943diesalida_4943diesalida_4943diesalida_4943diesesalida_4943
	directionsalida_4943displaysalida_4943durchschnittsalida_4943durchschnittsalida_4943editedsalida_4943eeesalida_4943einsalida_4943einesalida_4943einersalida_4943einersalida_4943eltsalida_4943emsalida_4943emsalida_4943emsalida_4943emsalida_4943emsalida_4943emsalida_4943emsalida_4943emsalida_4943emsalida_4943emptysalida_4943epsilonsalida_4943epsilonsalida_4943epsilonsalida_4943epsilonsalida_4943epsilonsalida_4943epsilonsalida_4943
ergebnissesalida_4943errorsalida_4943erwartungswertsalida_4943essalida_4943estadsticadesigualdadsalida_4943exsalida_4943exsalida_4943exsalida_4943exsalida_4943exsalida_4943filessalida_4943folgendermaensalida_4943forsalida_4943fracsalida_4943fracsalida_4943fracsalida_4943fracsalida_4943fracoperatornamevarxepsilonsalida_4943fracoperatornamevarxepsilonsalida_4943fracoperatornamevarxepsilonsalida_4943fracoperatornamevarxepsilonsalida_4943fromsalida_4943fromsalida_4943	functionsalida_4943gesalida_4943gesalida_4943gesalida_4943gesalida_4943	geschtztsalida_4943giltsalida_4943giltsalida_4943gradientdegsalida_4943grobsalida_4943	hchstenssalida_4943headersalida_4943hidesalida_4943hrefsalida_4943hrefsalida_4943hrefsalida_4943hrefsalida_4943hrefestadcadsticasalida_4943&%hrefhttpscreativecommonsorglicensesbysalida_4943@?hrefhttpseswikibooksorgwikiestadcadsticafdesigualdaddebienaymcasalida_4943htdignoindexsalida_4943htdignoindexsalida_4943htmlsalida_4943idsalida_4943idbodycontentsalida_4943
	idcontentsalida_4943idmwsalida_4943idmwsalida_4943idmwsalida_4943idmwaqsalida_4943idtopsalida_4943ihrsalida_4943imsalida_4943imsalida_4943imagelinearsalida_4943
	importantsalida_4943importscriptsalida_4943informationsalida_4943inhaltsalida_4943initialsalida_4943
	inkorrektsalida_4943issalida_4943issalida_4943issalida_4943issuedsalida_4943istsalida_4943istsalida_4943jjsmodulesarticlelisthomejssalida_4943jjsmodulesdetailspolyfilljssalida_4943jjsmodulesimagesloadedminjssalida_4943jjsmodulesjqueryjssalida_4943jjsmodulesjsconfigvarsjssalida_4943jjsmodulesmasonryminjssalida_4943jjsmodulesmediawikijssalida_4943jjsmodulesscriptjssalida_4943jjsmodulessitejssalida_4943jjsmodulesstartupjssalida_4943jssalida_4943kaffeesalida_4943kaffeeautomatsalida_4943kannsalida_4943kannsalida_4943kannsalida_4943korrektsalida_4943korrektsalida_4943lautetsalida_4943lesalida_4943lesalida_4943lesalida_4943lesalida_4943lesalida_4943lesalida_4943	licensedsalida_4943liefernsalida_4943ltrsalida_4943ltrsalida_4943mansalida_4943mansalida_4943mansalida_4943	manchmalsalida_4943marginsalida_4943
mathematiksalida_4943
mathematiksalida_4943
mathematiksalida_4943maysalida_4943mediasalida_4943mehrsalida_4943mehrdimensionalesalida_4943mfsalida_4943mfsalida_4943
mindestenssalida_4943minervasalida_4943mitsalida_4943mitsalida_4943mitsalida_4943mlsalida_4943mlsalida_4943mlsalida_4943mssensalida_4943mwsalida_4943mwsalida_4943mwsalida_4943nameviewportsalida_4943	naturgemsalida_4943nichtsalida_4943nichtssagendesalida_4943nssalida_4943nssalida_4943odersalida_4943onsalida_4943orsalida_4943orsalida_4943outputsalida_4943paddingsalida_4943pagesalida_4943parsersalida_4943pxsalida_4943pxexsalida_4943relstylesheetsalida_4943relstylesheetsalida_4943relstylesheetsalida_4943relstylesheetsalida_4943returnsalida_4943
sacreativesalida_4943scalesalida_4943scssmodulescontentparsoidcsssalida_4943scssmodulesinsertedstylecsssalida_4943èùèõscssmodulesskinsminervabaseresetskinsminervacontentstylesextcitestylemobileapppagestylesandroidmediawikipagegallerystylesmediawikiskinningcontentparsoidcsssalida_4943scssmodulesstylecsssalida_4943sectionsalida_4943sehrsalida_4943
sharealikesalida_4943sichsalida_4943sitejssalida_4943sizesalida_4943skinsalida_4943srcsalida_4943srcsalida_4943srcsalida_4943srcsalida_4943srcsalida_4943srcsalida_4943srcsalida_4943srcsalida_4943srcsalida_4943srcsalida_4943stablesalida_4943
	statistiksalida_4943
	statistiksalida_4943
	statistiksalida_4943('statistikuarruarrnbspinhaltsverzeichnissalida_4943stetigesalida_4943styleclearbothsalida_4943styledirectionsalida_4943stylepaddingsalida_4943subjectsalida_4943tassesalida_4943tassensalida_4943tassensalida_4943termssalida_4943textsalida_4943textsalida_4943textsalida_4943textsalida_4943thesalida_4943thesalida_4943thesalida_4943thissalida_4943thissalida_4943titleestadsticaestadsticasalida_4943
	titlelastsalida_4943tosalida_4943topsalida_4943topsalida_4943tschebyschewsalida_4943tschebyschewsalida_4943tschebyschewoldidsalida_4943typetextcsssalida_4943typetextcsssalida_4943typetextcsssalida_4943typetextcsssalida_4943
	umgekehrtsalida_4943unbekanntersalida_4943undsalida_4943undsalida_4943undersalida_4943ungleichungsalida_4943vsalida_4943varianzsalida_4943varianzsalida_4943
verteilungsalida_4943viewsalida_4943	viewportsalida_4943vomsalida_4943vonsalida_4943vonsalida_4943
vorstellensalida_4943wahrscheinlichkeitensalida_4943wennsalida_4943wennsalida_4943werdensalida_4943werdensalida_4943whitesalida_4943widthsalida_4943
	wikibookssalida_4943wresalida_4943$#wtschebyschowungleichungungleichungsalida_4943xsalida_4943xsalida_4943xsalida_4943zufallsvariablensalida_4943zufallsvariablensalida_4943zufallsvariablensalida_4943zufallsvariablensalida_4943-,zufallsvariablendarrnbspnbspmehrdimensionalesalida_4943$#zufallsvariablenuarrnbspnbspstetigesalida_4943ˇˇ§Ù*L