asalida_9565asalida_9565asalida_9565aaasalida_9565aaaaaasalida_9565actionsalida_9565
additionalsalida_9565	alfabetosalida_9565	alfabetosalida_9565	alfabetosalida_9565algunassalida_9565
animationssalida_9565applysalida_9565
	aprendidasalida_9565articlesalida_9565atencinsalida_9565attributionsalida_9565avoidsalida_9565
backgroundsalida_9565
backgroundsalida_9565	bastantesalida_9565bgcoloreaeaeasalida_9565bgcolorffffffsalida_9565biensalida_9565blgarosalida_9565blgarosalida_9565blgarosalida_9565blocksalida_9565blocksalida_9565bodysalida_9565bordersalida_9565bordersalida_9565bordersalida_9565bordersalida_9565casisalida_9565cellpaddingsalida_9565cellspacingsalida_9565centersalida_9565
charsetutfsalida_9565classsalida_9565classsalida_9565classsalida_9565classsalida_9565classsalida_9565classsalida_9565classsalida_9565classsalida_9565classsalida_9565classsalida_9565classsalida_9565classsalida_9565classsalida_9565classsalida_9565classclientsalida_9565classcontentsalida_9565classexternalsalida_9565classexternalsalida_9565classfeaturesalida_9565classmediawikisalida_9565classmwsalida_9565classnullinglssalida_9565
	coincidensalida_9565	collapsesalida_9565	collapsesalida_9565collapsiblesalida_9565commonssalida_9565
comparacinsalida_9565
comparacinsalida_9565comparativasalida_9565comprendidosalida_9565consalida_9565
consonantesalida_9565contentsalida_9565contentwidthdevicesalida_9565correspondesalida_9565dashedsalida_9565datasalida_9565desalida_9565desalida_9565desalida_9565decirsalida_9565delsalida_9565delsalida_9565
	diferentesalida_9565
	directionsalida_9565displaysalida_9565dondesalida_9565editedsalida_9565eeesalida_9565elsalida_9565elsalida_9565elsalida_9565eltsalida_9565emsalida_9565emsalida_9565emsalida_9565emsalida_9565emsalida_9565emsalida_9565emsalida_9565emsalida_9565emptysalida_9565ensalida_9565ensalida_9565ensalida_9565ensalida_9565ensalida_9565ensalida_9565entresalida_9565equivalentesalida_9565equivalentesalida_9565errorsalida_9565essalida_9565essalida_9565essalida_9565essalida_9565essalida_9565essalida_9565	escribensalida_9565	escribensalida_9565eslavosalida_9565eslavosalida_9565espaolsalida_9565espaolsalida_9565existesalida_9565fcilsalida_9565fffsalida_9565filessalida_9565fontsalida_9565fonticamentesalida_9565forsalida_9565formasalida_9565
	fricativasalida_9565fromsalida_9565fromsalida_9565	functionsalida_9565gemelosalida_9565generalmentesalida_9565gradientdegsalida_9565	gramticasalida_9565headersalida_9565hidesalida_9565hrefsalida_9565hrefsalida_9565hrefsalida_9565hrefsalida_9565&%hrefhttpscreativecommonsorglicensesbysalida_9565XWhrefhttpseswikibooksorgwikicomparacicbndelalfabetoespacbolconlossonidosenbcbalgarooldidsalida_9565'&hrefhttpseswikipediaorgwikiidiomainglssalida_9565htdignoindexsalida_9565htdignoindexsalida_9565htmlsalida_9565idsalida_9565idbodycontentsalida_9565
	idcontentsalida_9565idiomasalida_9565idiomasalida_9565idiomasalida_9565idmwsalida_9565idmwsalida_9565idmwsalida_9565idmwaasalida_9565idmwagsalida_9565idmwaqsalida_9565idmwaqrsalida_9565idmwawsalida_9565	idmwawlasalida_9565idmwbahousesalida_9565idmwbassalida_9565
idmwbgestasalida_9565idmwbgssalida_9565idmwbqsalida_9565idmwbqsalida_9565idmwbwsalida_9565idmwbwsalida_9565idmwcasalida_9565idmwcasalida_9565idmwcgespaolsalida_9565idmwcgtsalida_9565idmwcqsalida_9565idmwcqtsalida_9565idmwcwblgarosalida_9565idmwcwtsalida_9565idmwdasalida_9565idmwdasalida_9565idmwdgsalida_9565idmwdgusalida_9565idmwdqsalida_9565idmwdqsalida_9565idmwdwespaolsalida_9565idmwdwisalida_9565idmweablgarosalida_9565idmweausalida_9565idmwegsalida_9565idmwegasalida_9565idmweqsalida_9565idmweqisalida_9565idmwewasalida_9565idmwewvsalida_9565idmwfasalida_9565idmwfaasalida_9565idmwfgsalida_9565idmwfgsalida_9565idmwfqasalida_9565idmwfqvsalida_9565idmwfwsalida_9565idmwfwbsalida_9565idmwgavsalida_9565idmwgawsalida_9565idmwggsalida_9565idmwggwsalida_9565idmwgqsalida_9565idmwgqbsalida_9565idmwgwsalida_9565idmwgwsalida_9565idmwhasalida_9565idmwhacsalida_9565idmwhgcsalida_9565idmwhghsalida_9565idmwhqssalida_9565idmwhqxsalida_9565idmwhwssalida_9565idmwhwxsalida_9565idmwiasalida_9565idmwiahsalida_9565idmwigsalida_9565idmwigysalida_9565idmwiqsalida_9565idmwiqdsalida_9565idmwiwdsalida_9565idmwiwusalida_9565idmwjasalida_9565idmwjaysalida_9565idmwjgsalida_9565idmwjgesalida_9565idmwjqsalida_9565idmwjqusalida_9565idmwjwesalida_9565idmwjwzsalida_9565idmwkasalida_9565idmwkaesalida_9565idmwkgsalida_9565idmwkgsalida_9565idmwkqesalida_9565idmwkqzsalida_9565idmwkwfsalida_9565idmwlasalida_9565idmwlgsalida_9565idmwlqfsalida_9565idmwlwsalida_9565idmwmagsalida_9565idmwmggsalida_9565idmwmqsalida_9565idmwmwdsalida_9565idmwnasalida_9565idmwngnsalida_9565idmwnqhsalida_9565idmwnwhsalida_9565idmwoasalida_9565idmwogisalida_9565idmwoqsalida_9565idmwowsalida_9565idmwpaisalida_9565idmwpgsalida_9565idmwpqsalida_9565idmwpwjsalida_9565idmwqasalida_9565idmwqgsalida_9565idmwqqjsalida_9565idmwqwsalida_9565idmwraksalida_9565idmwrgksalida_9565idmwrqksalida_9565idmwrwksalida_9565idmwsasalida_9565idmwsgsalida_9565idmwsqlsalida_9565idmwswlsalida_9565idmwtasalida_9565idmwtgmsalida_9565idmwtqsalida_9565idmwtwmsalida_9565idmwuamsalida_9565idmwugsalida_9565idmwuqtsalida_9565idmwuwnsalida_9565idmwvasalida_9565idmwvgpsalida_9565idmwvqnsalida_9565idmwvwsalida_9565idmwwaosalida_9565idmwwgosalida_9565idmwwqosalida_9565idmwwwosalida_9565idmwxasalida_9565idmwxgrsalida_9565idmwxqpsalida_9565idmwxwpsalida_9565idmwyarsalida_9565idmwygqsalida_9565idmwyqsalida_9565idmwywsalida_9565idmwzaqsalida_9565idmwzgsalida_9565idmwzqsalida_9565idmwzwrsalida_9565idtopsalida_9565igualsalida_9565imagelinearsalida_9565
	importantsalida_9565importscriptsalida_9565inclusosalida_9565inglssalida_9565initialsalida_9565
	irregularsalida_9565issalida_9565issalida_9565issalida_9565issuedsalida_9565jjsmodulesarticlelisthomejssalida_9565jjsmodulesdetailspolyfilljssalida_9565jjsmodulesimagesloadedminjssalida_9565jjsmodulesjqueryjssalida_9565jjsmodulesjsconfigvarsjssalida_9565jjsmodulesmasonryminjssalida_9565jjsmodulesmediawikijssalida_9565jjsmodulesscriptjssalida_9565jjsmodulessitejssalida_9565jjsmodulesstartupjssalida_9565jssalida_9565lasalida_9565lasalida_9565lasalida_9565lasalida_9565lassalida_9565latinasalida_9565ledosalida_9565letrasalida_9565letrasalida_9565letrassalida_9565	licensedsalida_9565lossalida_9565ltrsalida_9565ltrsalida_9565manerasalida_9565marginsalida_9565maysalida_9565mayorasalida_9565	maysculasalida_9565mediasalida_9565mfsalida_9565mfsalida_9565minervasalida_9565	minsculasalida_9565mismasalida_9565muchassalida_9565mwsalida_9565mwsalida_9565mwsalida_9565nameviewportsalida_9565nosalida_9565nssalida_9565nssalida_9565osalida_9565osalida_9565onsalida_9565otrosalida_9565outputsalida_9565oyensalida_9565paddingsalida_9565pagesalida_9565	palabrassalida_9565parasalida_9565parsersalida_9565perosalida_9565pluralsalida_9565porsalida_9565prestadsalida_9565
pronunciansalida_9565
pronunciansalida_9565pxsalida_9565pxsalida_9565quesalida_9565quesalida_9565quesalida_9565quesalida_9565relstylesheetsalida_9565relstylesheetsalida_9565relstylesheetsalida_9565relstylesheetsalida_9565returnsalida_9565rowspansalida_9565
sacreativesalida_9565scalesalida_9565scssmodulescontentparsoidcsssalida_9565scssmodulesinsertedstylecsssalida_9565èùèõscssmodulesskinsminervabaseresetskinsminervacontentstylesextcitestylemobileapppagestylesandroidmediawikipagegallerystylesmediawikiskinningcontentparsoidcsssalida_9565scssmodulesstylecsssalida_9565sesalida_9565sesalida_9565sesalida_9565sesalida_9565sesalida_9565sectionsalida_9565sersalida_9565
sharealikesalida_9565	singularsalida_9565sitejssalida_9565sizesalida_9565skinsalida_9565solidsalida_9565sonidosalida_9565sonidossalida_9565sordasalida_9565srcsalida_9565srcsalida_9565srcsalida_9565srcsalida_9565srcsalida_9565srcsalida_9565srcsalida_9565srcsalida_9565srcsalida_9565srcsalida_9565stablesalida_9565styleclearbothsalida_9565styledirectionsalida_9565stylemarginsalida_9565susalida_9565subjectsalida_9565
subjuntivosalida_9565termssalida_9565textsalida_9565textsalida_9565textsalida_9565textsalida_9565thesalida_9565thesalida_9565thesalida_9565thissalida_9565thissalida_9565tienesalida_9565
	titlelastsalida_9565titlewidiomasalida_9565tosalida_9565topsalida_9565topsalida_9565typetextcsssalida_9565typetextcsssalida_9565typetextcsssalida_9565typetextcsssalida_9565unsalida_9565unsalida_9565unasalida_9565unasalida_9565unasalida_9565unasalida_9565undersalida_9565vsalida_9565vecessalida_9565vecessalida_9565velarsalida_9565vezsalida_9565viewsalida_9565	viewportsalida_9565whitesalida_9565widthsalida_9565
	wikibookssalida_9565xsalida_9565ysalida_9565ysalida_9565ysalida_9565ysalida_9565ysalida_9565ˇˇ™3#+