aaaaaasalida_3135aaaaccsalida_3135actionsalida_3135
additionalsalida_3135alignsalida_3135aligncentersalida_3135aligncentersalida_3135
animationssalida_3135	antrieursalida_3135	antrieursalida_3135antrieurfutursalida_3135antrieurpasssalida_3135applysalida_3135articlesalida_3135attributionsalida_3135avoidsalida_3135
backgroundsalida_3135
backgroundsalida_3135blocksalida_3135blocksalida_3135bodysalida_3135bordersalida_3135bordersalida_3135bordersalida_3135bottomsalida_3135cellspacingsalida_3135centersalida_3135centersalida_3135
charsetutfsalida_3135classsalida_3135classsalida_3135classsalida_3135classsalida_3135classsalida_3135classsalida_3135classsalida_3135classsalida_3135classsalida_3135classsalida_3135classsalida_3135classsalida_3135classsalida_3135classsalida_3135classclientsalida_3135classcontentsalida_3135classexternalsalida_3135classexternalsalida_3135classexternalsalida_3135classfeaturesalida_3135classmediawikisalida_3135classmwsalida_3135classsubpagessalida_3135	classtopsalida_3135
clearrightsalida_3135collapsiblesalida_3135commonssalida_3135compossalida_3135
compospasssalida_3135conditionnelsalida_3135conditionnelsalida_3135contentsalida_3135contentwidthdevicesalida_3135dashedsalida_3135datasalida_3135datasalida_3135datasalida_3135datasalida_3135desalida_3135desalida_3135desalida_3135delsalida_3135
	directionsalida_3135displaysalida_3135dusalida_3135dusalida_3135dusalida_3135editedsalida_3135eeesalida_3135elsalida_3135eltsalida_3135emsalida_3135emsalida_3135emsalida_3135emsalida_3135emsalida_3135emsalida_3135emsalida_3135emsalida_3135emsalida_3135emptysalida_3135errorsalida_3135ffffsalida_3135filesalida_3135filesalida_3135filesalida_3135filessalida_3135fontsalida_3135forsalida_3135francsgramticaelsalida_3135fromsalida_3135fromsalida_3135	functionsalida_3135futursalida_3135
futurfutursalida_3135gradientdegsalida_3135	gramticasalida_3135headersalida_3135heightsalida_3135heightsalida_3135hidesalida_3135hrefsalida_3135hrefsalida_3135hrefsalida_3135hrefsalida_3135hreffranccassalida_3135hreffranccasfcontenidosalida_3135 hreffranccasfgramcaticafelverbosalida_3135&%hreffranccasfgramcaticafelverbofmodossalida_3135('hreffranccasfgramcaticafelverbofmodosflsalida_3135('hreffranccasfgramcaticafelverbofmodosflsalida_3135('hreffranccasfgramcaticafelverbofmodosflsalida_313521hreffranccasfgramcaticafelverbofmodosfleparticipesalida_313532hreffranccasfgramcaticafelverbofmodosflesubjonctifsalida_3135('hreffranccasfgramcaticafelverboftiempossalida_3135*)hreffranccasfgramcaticafelverboftiemposflsalida_3135*)hreffranccasfgramcaticafelverboftiemposflsalida_3135*)hreffranccasfgramcaticafelverboftiemposflsalida_3135*)hreffranccasfgramcaticafelverboftiemposflsalida_3135*)hreffranccasfgramcaticafelverboftiemposflsalida_3135*)hreffranccasfgramcaticafelverboftiemposflsalida_3135=<hreffranccasfgramcaticafelverboftiemposfleconditionnelpasscasalida_3135?>hreffranccasfgramcaticafelverboftiemposfleconditionnelprcasentsalida_31350/hreffranccasfgramcaticafelverboftiemposflefutursalida_3135:9hreffranccasfgramcaticafelverboftiemposflefuturantcarieursalida_3135:9hreffranccasfgramcaticafelverboftiemposfleparticipepasscasalida_3135<;hreffranccasfgramcaticafelverboftiemposfleparticipeprcasentsalida_3135;:hreffranccasfgramcaticafelverboftiemposflepasscaantcarieursalida_313598hreffranccasfgramcaticafelverboftiemposflepasscacomposcasalida_313576hreffranccasfgramcaticafelverboftiemposflepasscasimplesalida_3135/.hreffranccasfgramcaticafelverboftiemposfleplussalida_3135/.hreffranccasfgramcaticafelverboftiemposfleplussalida_313565hreffranccasfgramcaticafelverboftiemposfleprcasentdelsalida_3135?>hreffranccasfgramcaticafelverboftiemposfleprcasentdusubjonctifsalida_3135;:hreffranccasfgramcaticafelverboftiemposflesubjonctifpasscasalida_3135MLhrefhttpeswikibooksorgwindexphptitleplantillafranccasmodosytiemposactioneditsalida_3135&%hrefhttpscreativecommonsorglicensesbysalida_3135?>hrefhttpseswikibooksorgwikifranccasfgramcaticafelverbofmodosflsalida_3135htdignoindexsalida_3135htdignoindexsalida_3135htmlsalida_3135idsalida_3135idbodycontentsalida_3135
	idcontentsalida_3135idmwsalida_3135idmwsalida_3135idmwsalida_3135idmwagsalida_3135idmwaqsalida_3135idtopsalida_3135imagelinearsalida_3135
	imparfaitsalida_3135
	imparfaitsalida_3135imparfaitdelsalida_3135imparfaitdusubjonctifsalida_3135
impcaratifsalida_3135impcaratifpasscasalida_3135impcaratifprcasentsalida_3135
	importantsalida_3135importscriptsalida_3135	impratifsalida_3135	impratifsalida_3135	impratifsalida_3135impratifmodesalida_3135
	indicatifsalida_3135
	indicatifsalida_3135
	indicatifsalida_3135
	indicatifsalida_3135
	indicatifsalida_3135
	indicatifsalida_3135indicatifimparfaitsalida_3135indicatifmodesalida_3135indicatifoldidsalida_3135indicatifplussalida_3135indicatifprsentsalida_3135
	infinitifsalida_3135
	infinitifsalida_3135
	infinitifsalida_3135
	infinitifsalida_3135infinitifmodesalida_3135infinitifpasscasalida_3135infinitifprcasentsalida_3135initialsalida_3135inlinesalida_3135inlinesalida_3135issalida_3135issalida_3135issalida_3135issuedsalida_3135jjsmodulesarticlelisthomejssalida_3135jjsmodulesdetailspolyfilljssalida_3135jjsmodulesimagesloadedminjssalida_3135jjsmodulesjqueryjssalida_3135jjsmodulesjsconfigvarsjssalida_3135jjsmodulesmasonryminjssalida_3135jjsmodulesmediawikijssalida_3135jjsmodulesscriptjssalida_3135jjsmodulessitejssalida_3135jjsmodulesstartupjssalida_3135jssalida_3135lsalida_3135lsalida_3135lsalida_3135leftsalida_3135	licensedsalida_3135ltrsalida_3135ltrsalida_3135marginsalida_3135maysalida_3135mediasalida_3135mfsalida_3135mfsalida_3135minervasalida_3135modossalida_3135mozsalida_3135mwsalida_3135mwsalida_3135mwsalida_3135nameviewportsalida_3135nssalida_3135nssalida_3135onsalida_3135outputsalida_3135paddingsalida_3135paddingsalida_3135pagesalida_3135parfaitsalida_3135parfaitsalida_3135parfaitsalida_3135parfaitsalida_3135
parfaitdelsalida_3135parfaitdusubjonctifsalida_3135parsersalida_3135
	participesalida_3135
	participesalida_3135
	participesalida_3135participemodesalida_3135passsalida_3135passsalida_3135passsalida_3135passsalida_3135passconditionelsalida_3135	passpasssalida_3135	passpasssalida_3135	passpasssalida_3135	passpasssalida_3135
	plantillasalida_3135plussalida_3135plussalida_3135prsentsalida_3135prsentsalida_3135prsentsalida_3135prsentconditionelsalida_3135prsentprsentsalida_3135prsentprsentsalida_3135prsentprsentsalida_3135pxsalida_3135pxsalida_3135pxsalida_3135quesalida_3135quesalida_3135quesalida_3135quesalida_3135quesalida_3135quesalida_3135radiussalida_3135relstylesheetsalida_3135relstylesheetsalida_3135relstylesheetsalida_3135relstylesheetsalida_3135returnsalida_3135rightsalida_3135
sacreativesalida_3135scalesalida_3135scssmodulescontentparsoidcsssalida_3135scssmodulesinsertedstylecsssalida_3135èùèõscssmodulesskinsminervabaseresetskinsminervacontentstylesextcitestylemobileapppagestylesandroidmediawikipagegallerystylesmediawikiskinningcontentparsoidcsssalida_3135scssmodulesstylecsssalida_3135sectionsalida_3135
sharealikesalida_3135simplesalida_3135simplesalida_3135
simplepasssalida_3135sitejssalida_3135sizesalida_3135sizesalida_3135skinsalida_3135
	smalltextsalida_3135solidsalida_3135srcsalida_3135srcsalida_3135srcsalida_3135srcsalida_3135srcsalida_3135srcsalida_3135srcsalida_3135srcsalida_3135srcsalida_3135srcsalida_3135srcimnotesvgpngsalida_3135stablesalida_3135styleclearbothsalida_3135styledirectionsalida_3135
stylefloatsalida_3135
stylefloatsalida_3135stylemarginsalida_3135subjectsalida_3135
subjonctifsalida_3135
subjonctifsalida_3135subjonctifimparfaitsalida_3135subjonctifmodesalida_3135subjonctifplussalida_3135subjonctifprsentsalida_3135termssalida_3135textsalida_3135textsalida_3135textsalida_3135textsalida_3135
texteditarsalida_3135thesalida_3135thesalida_3135thesalida_3135thissalida_3135thissalida_3135titlefrancscontenidocontenidosalida_3135titlefrancsfrancssalida_3135titlefrancsgramticaelsalida_3135titlefrancsgramticaelsalida_3135titlefrancsgramticaelsalida_3135titlefrancsgramticaelsalida_3135titlefrancsgramticaelsalida_3135titlefrancsgramticaelsalida_3135titlefrancsgramticaelsalida_3135titlefrancsgramticaelsalida_3135titlefrancsgramticaelsalida_3135titlefrancsgramticaelsalida_3135titlefrancsgramticaelsalida_3135titlefrancsgramticaelsalida_3135titlefrancsgramticaelsalida_3135titlefrancsgramticaelsalida_3135titlefrancsgramticaelsalida_3135titlefrancsgramticaelsalida_3135titlefrancsgramticaelsalida_3135titlefrancsgramticaelsalida_3135titlefrancsgramticaelsalida_3135titlefrancsgramticaelsalida_3135titlefrancsgramticaelsalida_3135titlefrancsgramticaelsalida_3135titlefrancsgramticaelsalida_3135titlefrancsgramticaelsalida_3135titlefrancsgramticaelsalida_3135titlefrancsgramticaelsalida_3135titlefrancsgramticaelsalida_3135titlefrancsgramticaelsalida_3135
	titlelastsalida_3135tosalida_3135topsalida_3135topsalida_3135typedrawingsalida_3135typetextcsssalida_3135typetextcsssalida_3135typetextcsssalida_3135typetextcsssalida_3135undersalida_3135vsalida_3135verbosalida_3135verbomodoslsalida_3135verbomodoslsalida_3135verbomodoslsalida_3135verbomodoslsalida_3135verbomodoslesalida_3135verbomodoslesalida_3135verbomodosmodossalida_3135verbotiemposlsalida_3135verbotiemposlsalida_3135verbotiemposlsalida_3135verbotiemposlsalida_3135verbotiemposlsalida_3135verbotiemposlsalida_3135verbotiemposlesalida_3135verbotiemposlesalida_3135verbotiemposlesalida_3135verbotiemposlesalida_3135verbotiemposlesalida_3135verbotiemposlesalida_3135verbotiemposlesalida_3135verbotiemposlesalida_3135verbotiemposlesalida_3135verbotiemposlesalida_3135verbotiemposlesalida_3135verbotiemposlesalida_3135verbotiemposlesalida_3135verbotiemposlesalida_3135verbotiempostiempossalida_3135
verboverbosalida_3135viewsalida_3135	viewportsalida_3135whitesalida_3135widthsalida_3135widthsalida_3135widthsalida_3135
	wikibookssalida_3135ysalida_3135ˇˇj0–]