asalida_1310asalida_1310asalida_1310asalida_1310asalida_1310asalida_1310asalida_1310asalida_1310asalida_1310aaaaaasalida_1310accinsalida_1310actionsalida_1310
additionalsalida_1310ahsalida_1310aisladasalida_1310
animationssalida_1310anlogosalida_1310	aparicinsalida_1310applysalida_1310aquellasalida_1310aquellasalida_1310articlesalida_1310assalida_1310assalida_1310	asociadosalida_1310atraccionessalida_1310atraesalida_1310attributionsalida_1310avoidsalida_1310
backgroundsalida_1310blocksalida_1310blocksalida_1310bodysalida_1310bordersalida_1310bsicassalida_1310camposalida_1310camposalida_1310camposalida_1310camposalida_1310camposalida_1310camposalida_1310camposalida_1310camposalida_1310camposalida_1310camposalida_1310cargasalida_1310cargasalida_1310cargasalida_1310cargasalida_1310cargassalida_1310cargassalida_1310cargassalida_1310casosalida_1310centersalida_1310
charsetutfsalida_1310classsalida_1310classsalida_1310classsalida_1310classsalida_1310classsalida_1310classsalida_1310classsalida_1310classsalida_1310classsalida_1310classsalida_1310classsalida_1310classsalida_1310classsalida_1310classsalida_1310classclientsalida_1310classcontentsalida_1310classexternalsalida_1310classexternalsalida_1310classfeaturesalida_1310classmediawikisalida_1310classmwsalida_1310
	classnullsalida_1310classsubpagessalida_1310collapsiblesalida_1310colocasalida_1310commonssalida_1310comosalida_1310consalida_1310consalida_1310	conceptosalida_1310	conjuntosalida_1310conocesalida_1310consideradassalida_1310contentsalida_1310contentwidthdevicesalida_1310correspondesalida_1310
	cualquiersalida_1310
cualquierasalida_1310
cualquierasalida_1310cuandosalida_1310cuandosalida_1310cuerposalida_1310cuerpossalida_1310dasalida_1310dashedsalida_1310datasalida_1310datasalida_1310desalida_1310desalida_1310desalida_1310desalida_1310desalida_1310desalida_1310desalida_1310desalida_1310desalida_1310desalida_1310desalida_1310desalida_1310desalida_1310desalida_1310desalida_1310desalida_1310desalida_1310desalida_1310desalida_1310desalida_1310desalida_1310desalida_1310desalida_1310desalida_1310desalida_1310desalida_1310desalida_1310decirsalida_1310decirsalida_1310	definidosalida_1310dejansalida_1310dejansalida_1310delsalida_1310delsalida_1310delsalida_1310delsalida_1310
descripcinsalida_1310	detectorsalida_1310dichasalida_1310dimensionalsalida_1310
	directionsalida_1310displaysalida_1310
	distanciasalida_1310
	distanciasalida_1310dondesalida_1310dondesalida_1310dondesalida_1310dondesalida_1310dotadosalida_1310ecuacinsalida_1310editedsalida_1310eeesalida_1310efectossalida_1310efectossalida_1310ejercesalida_1310ejercensalida_1310ejercersalida_1310elsalida_1310elsalida_1310elsalida_1310elsalida_1310
	elctricassalida_1310
	elctricassalida_1310
	elctricassalida_1310
	elctricassalida_1310	elctricosalida_1310	elctricosalida_1310	elctricosalida_1310	elctricosalida_1310	elctricosalida_1310	elctricosalida_1310	elctricosalida_1310	elctricosalida_1310	elctricosalida_1310electromagnetismosalida_1310electrostticosalida_1310ellasalida_1310ellasalida_1310eltsalida_1310emsalida_1310emsalida_1310emsalida_1310emsalida_1310emsalida_1310emptysalida_1310ensalida_1310ensalida_1310ensalida_1310ensalida_1310ensalida_1310ensalida_1310ensalida_1310ensalida_1310ensalida_1310ensalida_1310ensalida_1310ensalida_1310ensalida_1310errorsalida_1310essalida_1310essalida_1310essalida_1310essalida_1310essalida_1310essalida_1310espaciosalida_1310espaciosalida_1310espaciosalida_1310espaciosalida_1310espaciosalida_1310espaciosalida_1310	espaciossalida_1310estsalida_1310estasalida_1310estesalida_1310estilosalida_1310
	facilitarsalida_1310filessalida_1310forsalida_1310fromsalida_1310fromsalida_1310fsicasalida_1310fsicasalida_1310fsicaelectromagnetismocamposalida_1310fsicosalida_1310fsicossalida_1310fuerzasalida_1310fuerzasalida_1310fuerzassalida_1310fuerzassalida_1310fuerzassalida_1310fuerzassalida_1310fuerzassalida_1310	functionsalida_1310gradientdegsalida_1310gravitatoriasalida_1310gravitatoriasalida_1310gravitatoriosalida_1310hacesalida_1310headersalida_1310hidesalida_1310hrefsalida_1310hrefsalida_1310hrefsalida_1310hrefsalida_1310hreffcadsicasalida_1310&%hrefhttpscreativecommonsorglicensesbysalida_1310KJhrefhttpseswikibooksorgwikifcadsicafelectromagnetismofcampoelcactricooldidsalida_1310)(hrefhttpseswikipediaorgwikicampoelctricosalida_1310htdignoindexsalida_1310htdignoindexsalida_1310htmlsalida_1310isalida_1310idsalida_1310idsalida_1310idbodycontentsalida_1310
	idcontentsalida_1310ideasalida_1310idenlaceenlacesalida_1310idmwsalida_1310idmwsalida_1310idmwsalida_1310	idmwagunsalida_1310idmwaqsalida_1310idmwawcamposalida_1310
	idmwbalassalida_1310idmwbgsalida_1310idmwbqsalida_1310	idmwbwelsalida_1310	idmwcalasalida_1310idmwcgsalida_1310idmwcqcamposalida_1310idmwcwsalida_1310	idmwdaelsalida_1310	idmwdglasalida_1310	idmwdqelsalida_1310idmwdwsistemasalida_1310idmweanewtonsalida_1310	idmwegncsalida_1310idmweqculombiosalida_1310idmwewvoltiosalida_1310idmwfametrosalida_1310	idmwfgkgsalida_1310	idmwfqvmsalida_1310idmwfwsalida_1310idmwgasalida_1310idmwggsalida_1310
	idmwgqmltsalida_1310idmwgwsalida_1310idmwhasalida_1310idmwhgampliarsalida_1310idmwhqsalida_1310idmwhwsalida_1310idmwiasalida_1310idmwiqcamposalida_1310idtopsalida_1310imagelinearsalida_1310
	importantsalida_1310importscriptsalida_1310
influenciasalida_1310
influenciasalida_1310
influenciasalida_1310
influenciasalida_1310initialsalida_1310internacionalsalida_1310
	introducesalida_1310issalida_1310issalida_1310issalida_1310issuedsalida_1310jjsmodulesarticlelisthomejssalida_1310jjsmodulesdetailspolyfilljssalida_1310jjsmodulesimagesloadedminjssalida_1310jjsmodulesjqueryjssalida_1310jjsmodulesjsconfigvarsjssalida_1310jjsmodulesmasonryminjssalida_1310jjsmodulesmediawikijssalida_1310jjsmodulesscriptjssalida_1310jjsmodulessitejssalida_1310jjsmodulesstartupjssalida_1310jssalida_1310lasalida_1310lasalida_1310lasalida_1310lasalida_1310lasalida_1310lasalida_1310lasalida_1310lasalida_1310lasalida_1310lasalida_1310lasalida_1310lasalida_1310lasalida_1310lasalida_1310lasalida_1310lassalida_1310lessalida_1310	licensedsalida_1310llevesalida_1310losalida_1310lossalida_1310lossalida_1310ltrsalida_1310ltrsalida_1310msalida_1310	magnticosalida_1310marginsalida_1310	materialsalida_1310maysalida_1310mediasalida_1310	mediblessalida_1310mediosalida_1310mfsalida_1310mfsalida_1310midesalida_1310minervasalida_1310modosalida_1310modosalida_1310mssalida_1310mwsalida_1310mwsalida_1310mwsalida_1310mwsalida_1310nameviewportsalida_1310
naturalezasalida_1310ningnsalida_1310nosalida_1310nocinsalida_1310nocinsalida_1310nssalida_1310nssalida_1310osalida_1310osalida_1310osalida_1310osalida_1310osalida_1310osalida_1310	observarsalida_1310onsalida_1310otrassalida_1310outputsalida_1310paddingsalida_1310pagesalida_1310parasalida_1310parasalida_1310parsersalida_1310perturbadossalida_1310pesosalida_1310porsalida_1310porsalida_1310porsalida_1310	precisansalida_1310propiedadessalida_1310pruebasalida_1310pruebasalida_1310puntosalida_1310puntossalida_1310pxsalida_1310quesalida_1310quesalida_1310quesalida_1310quesalida_1310quesalida_1310quesalida_1310quesalida_1310recurresalida_1310reginsalida_1310reginsalida_1310reginsalida_1310reginsalida_1310relstylesheetsalida_1310relstylesheetsalida_1310relstylesheetsalida_1310relstylesheetsalida_1310repososalida_1310repulsionessalida_1310returnsalida_1310rodeasalida_1310rodeasalida_1310ssalida_1310
sacreativesalida_1310scalesalida_1310scssmodulescontentparsoidcsssalida_1310scssmodulesinsertedstylecsssalida_1310èùèõscssmodulesskinsminervabaseresetskinsminervacontentstylesextcitestylemobileapppagestylesandroidmediawikipagegallerystylesmediawikiskinningcontentparsoidcsssalida_1310scssmodulesstylecsssalida_1310sesalida_1310sesalida_1310sesalida_1310sesalida_1310sesalida_1310sesalida_1310sesalida_1310sesalida_1310sesalida_1310sesalida_1310sesalida_1310sesalida_1310sesalida_1310seansalida_1310sectionsalida_1310sectionsalida_1310sentirsalida_1310sentirsalida_1310sersalida_1310
sharealikesalida_1310sisalida_1310sitasalida_1310sitejssalida_1310	situacinsalida_1310skinsalida_1310sobresalida_1310sobresalida_1310sobresalida_1310sobresalida_1310sobresalida_1310srcsalida_1310srcsalida_1310srcsalida_1310srcsalida_1310srcsalida_1310srcsalida_1310srcsalida_1310srcsalida_1310srcsalida_1310srcsalida_1310stablesalida_1310stesalida_1310styleclearbothsalida_1310styledirectionsalida_1310susalida_1310susalida_1310subjectsalida_1310sussalida_1310sussalida_1310tambinsalida_1310termssalida_1310
	terrestresalida_1310testigosalida_1310textsalida_1310textsalida_1310textsalida_1310textsalida_1310thesalida_1310thesalida_1310thesalida_1310thissalida_1310thissalida_1310tierrasalida_1310tierrasalida_1310titlefsicafsicasalida_1310
	titlelastsalida_1310titlewcamposalida_1310tosalida_1310topsalida_1310topsalida_1310tratesalida_1310trminossalida_1310typetextcsssalida_1310typetextcsssalida_1310typetextcsssalida_1310typetextcsssalida_1310unsalida_1310unsalida_1310unsalida_1310unsalida_1310unsalida_1310unsalida_1310unsalida_1310unasalida_1310unasalida_1310unasalida_1310unasalida_1310unasalida_1310undersalida_1310unidadsalida_1310	unidadessalida_1310	unidadessalida_1310unosalida_1310vsalida_1310vienesalida_1310viewsalida_1310	viewportsalida_1310visiblesalida_1310whitesalida_1310widthsalida_1310
	wikibookssalida_1310
	wikipediasalida_1310ysalida_1310ysalida_1310ysalida_1310ˇˇ«l?j