asalida_6395asalida_6395asalida_6395asalida_6395asalida_6395asalida_6395asalida_6395asalida_6395asalida_6395asalida_6395asalida_6395asalida_6395asalida_6395asalida_6395asalida_6395aaaaaasalida_6395absalida_6395absalida_6395
accediendosalida_6395
accediendosalida_6395
	acompaadosalida_6395actionsalida_6395
additionalsalida_6395	aipatzensalida_6395alemanasalida_6395alemanasalida_6395alemanasalida_6395alemanasalida_6395alemanasalida_6395alemnsalida_6395alemnsalida_6395alemnsalida_6395alemnsalida_6395alemnsalida_6395alemnsalida_6395alemnsalida_6395alemnsalida_6395alemnclasessalida_6395angabesalida_6395
animationssalida_6395
	anovembersalida_6395	anregungsalida_6395	anregungsalida_6395
antolatuaksalida_6395
antolatuaksalida_6395
antolatuaksalida_6395
antolatuaksalida_6395antolatuaknivelsalida_6395aossalida_6395aossalida_6395applysalida_6395aprendizajesalida_6395aprendizajesalida_6395aprendizajesalida_6395aprendizajesalida_6395aprendizajesalida_6395articlesalida_6395attributionsalida_6395auchsalida_6395auchsalida_6395aufsalida_6395aufsalida_6395aufsalida_6395aufsalida_6395aulasalida_6395autoaprendizajesalida_6395autorensalida_6395autoressalida_6395avoidsalida_6395azkuesalida_6395azkuesalida_6395azkuesalida_6395bsalida_6395
backgroundsalida_6395badirasalida_6395	beginnensalida_6395bensalida_6395bensalida_6395bereichsalida_6395bereichsalida_6395bereichsalida_6395blocksalida_6395blocksalida_6395bodysalida_6395bordersalida_6395bsicosalida_6395bsicosalida_6395bzwsalida_6395cadasalida_6395cargadasalida_6395cdsalida_6395cdsalida_6395centersalida_6395
charsetutfsalida_6395clasessalida_6395clasessalida_6395clasessalida_6395clasessalida_6395classsalida_6395classsalida_6395classsalida_6395classsalida_6395classsalida_6395classsalida_6395classsalida_6395classsalida_6395classsalida_6395classsalida_6395classsalida_6395classsalida_6395classsalida_6395classsalida_6395classclientsalida_6395classcontentsalida_6395classexternalsalida_6395classexternalsalida_6395classexternalsalida_6395classexternalsalida_6395classexternalsalida_6395classexternalsalida_6395classfeaturesalida_6395classmediawikisalida_6395classmwsalida_6395classsubpagessalida_6395cmosalida_6395collapsiblesalida_6395
comentariosalida_6395
comentariosalida_6395commonssalida_6395complementadosalida_6395contentsalida_6395contentwidthdevicesalida_6395daitekesalida_6395daitekesalida_6395	daitezkesalida_6395	daitezkesalida_6395dannsalida_6395dashedsalida_6395datasalida_6395datasalida_6395dazusalida_6395dazusalida_6395dazusalida_6395desalida_6395desalida_6395desalida_6395desalida_6395desalida_6395dejarsalida_6395dejarsalida_6395delsalida_6395delsalida_6395delsalida_6395delsalida_6395delsalida_6395delsalida_6395delsalida_6395delsalida_6395densalida_6395dersalida_6395dersalida_6395derechasalida_6395derechasalida_6395despussalida_6395
	deutschersalida_6395
	deutschersalida_6395
	deutschersalida_6395
	deutschersalida_6395
	deutschersalida_6395dicensalida_6395diesalida_6395diesalida_6395diesalida_6395diesalida_6395diesalida_6395diesalida_6395diesalida_6395diesalida_6395diesalida_6395diesalida_6395diesalida_6395diesalida_6395diesersalida_6395diesersalida_6395diesessalida_6395
	directionsalida_6395	discusinsalida_6395	discusinsalida_6395	discusinsalida_6395	discusinsalida_6395displaysalida_6395	divulgarsalida_6395
	documentosalida_6395
	documentosalida_6395	dokumentsalida_6395edicinsalida_6395editarsalida_6395editarsalida_6395editarsalida_6395editarsalida_6395editarsalida_6395editarsalida_6395editedsalida_6395edosalida_6395eeesalida_6395egileaksalida_6395eginazsalida_6395eginazsalida_6395eginazsalida_6395einesalida_6395ejemplosalida_6395elsalida_6395elsalida_6395elsalida_6395elsalida_6395elsalida_6395elsalida_6395elsalida_6395elsalida_6395eltsalida_6395emsalida_6395emsalida_6395emsalida_6395emsalida_6395emsalida_6395emptysalida_6395ensalida_6395ensalida_6395ensalida_6395ensalida_6395ensalida_6395enlacesalida_6395enlacesalida_6395enlacesalida_6395entornosalida_6395	eraldatusalida_6395	eraldatusalida_6395erlaubtsalida_6395	erlernensalida_6395	erlernensalida_6395	erlernensalida_6395	erlernensalida_6395	erlernensalida_6395errorsalida_6395eskolasalida_6395eskolasalida_6395eskolasalida_6395eskolasalida_6395eskolasalida_6395eskuinaldekosalida_6395eskuinaldekosalida_6395estsalida_6395estasalida_6395etasalida_6395etasalida_6395etasalida_6395etasalida_6395etasalida_6395ezkerraldekosalida_6395fechassalida_6395filessalida_6395! fnfhundertfnfundfnfzigtausendfnfsalida_6395forsalida_6395fragtsalida_6395freesalida_6395freesalida_6395freesalida_6395fremdesalida_6395fromsalida_6395fromsalida_6395frssalida_6395frssalida_6395frssalida_6395frssalida_6395frssalida_6395fuentesalida_6395fuerasalida_6395	functionsalida_6395gaineansalida_6395gaineansalida_6395gaineansalida_6395gehensalida_6395	geplantesalida_6395	geplantesalida_6395	geplantesalida_6395	geplantesalida_6395	geplantesalida_6395gerosalida_6395goikosalida_6395goikosalida_6395goikosalida_6395gradientdegsalida_6395
grundstufesalida_6395
grundstufesalida_6395hausalida_6395hausalida_6395headersalida_6395hidesalida_6395hinterlassensalida_6395hinterlassensalida_6395	hitzarensalida_6395	hitzarensalida_6395hobetusalida_6395	honetakosalida_6395	honetakosalida_6395hrefsalida_6395hrefsalida_6395hrefsalida_6395hrefsalida_6395hrefalemcansalida_6395FEhrefhttpeswikibooksorgwindexphptitleusuariodiscusicbnjazkueactioneditsalida_6395FEhrefhttpeswikibooksorgwindexphptitleusuariodiscusicbnjazkueactioneditsalida_6395FEhrefhttpeswikibooksorgwindexphptitleusuariodiscusicbnjazkueactioneditsalida_6395&%hrefhttpscreativecommonsorglicensesbysalida_6395èÌèÎhrefhttpseswikibooksorgwikialemcanfclasesprogramadasparaelaprendizajedelalemcanfgeplanteunterrichtsstundenfcbcrcbserlernendeutschersprachefalemanaikastekoeskolaantolatuakfnivelbcasicoaoinarrizkomailafgrundstufeafnovemberfatestundeoldidsalida_6395$#hrefhttpwwwmediafirecombudzulxvjbjwsalida_6395hrensalida_6395hrensalida_6395hrverstehensalida_6395htdignoindexsalida_6395htdignoindexsalida_6395htmlsalida_6395hundertfnfundfnfzigsalida_6395idsalida_6395idsalida_6395idatestundesalida_6395idatzsalida_6395idbodycontentsalida_6395
	idcontentsalida_6395idiomasalida_6395idmwsalida_6395idmwsalida_6395idmwsalida_6395idmwagsalida_6395idmwaqsalida_6395
	idmwawwirsalida_6395idmwbablattsalida_6395
	idmwbgwirsalida_6395
	idmwbqwirsalida_6395
	idmwbwwirsalida_6395idmwcafnfhundertfnfundfnfzigsalida_6395
	idmwcgwirsalida_6395
	idmwcqwirsalida_6395idmwcwschnessalida_6395idmwdasalida_6395idmwdgsalida_6395idmwdqsalida_6395
idmwdwestesalida_6395idmweasalida_6395idmwegsalida_6395HGidmweqhttpeswikibooksorgwindexphptitleusuariodiscusicbnjazkueactioneditsalida_6395
idmwewestesalida_6395	idmwfasesalida_6395HGidmwfghttpeswikibooksorgwindexphptitleusuariodiscusicbnjazkueactioneditsalida_6395idmwfqvernderungensalida_6395
	idmwfwmansalida_6395
	idmwgalobsalida_6395HGidmwgghttpeswikibooksorgwindexphptitleusuariodiscusicbnjazkueactioneditsalida_6395idmwgqdokumentusalida_6395idmwgwdokumentusalida_6395idmwhasalida_6395idmwhgsalida_6395idmwhqiruzkinaksalida_6395idtopsalida_6395	ikastekosalida_6395	ikastekosalida_6395	ikastekosalida_6395	ikastekosalida_6395	ikastekosalida_6395imsalida_6395imsalida_6395imsalida_6395imsalida_6395imagelinearsalida_6395
	importantsalida_6395importscriptsalida_6395insalida_6395indemsalida_6395initialsalida_6395
inventadossalida_6395
	iruzkinaksalida_6395issalida_6395issalida_6395issalida_6395issuedsalida_6395iturriasalida_6395
	izquierdasalida_6395jahreszahlensalida_6395jahreszahlensalida_6395jedesalida_6395jjsmodulesarticlelisthomejssalida_6395jjsmodulesdetailspolyfilljssalida_6395jjsmodulesimagesloadedminjssalida_6395jjsmodulesjqueryjssalida_6395jjsmodulesjsconfigvarsjssalida_6395jjsmodulesmasonryminjssalida_6395jjsmodulesmediawikijssalida_6395jjsmodulesscriptjssalida_6395jjsmodulessitejssalida_6395jjsmodulesstartupjssalida_6395jonsalida_6395jonsalida_6395jonsalida_6395jssalida_6395kannsalida_6395kannsalida_6395kannsalida_6395kanposalida_6395kexaksalida_6395kexaksalida_6395klickensalida_6395klickensalida_6395klicktsalida_6395kliksalida_6395kliksalida_6395kliksalida_6395korrigierensalida_6395kritiksalida_6395kritiksalida_6395lasalida_6395lasalida_6395lasalida_6395lasalida_6395lasalida_6395lasalida_6395lektionsalida_6395lesensalida_6395lesensalida_6395	licensedsalida_6395linkssalida_6395lobsalida_6395lossalida_6395lossalida_6395ltrsalida_6395ltrsalida_6395mailasalida_6395mailasalida_6395mansalida_6395mansalida_6395mansalida_6395mansalida_6395marginsalida_6395maysalida_6395mediasalida_6395	mediantesalida_6395	mediantesalida_6395	mediantesalida_6395
	mediotheksalida_6395mfsalida_6395mfsalida_6395
	millionensalida_6395minervasalida_6395mitsalida_6395mitsalida_6395
modificadosalida_6395
	modificarsalida_6395musiksalida_6395musssalida_6395mwsalida_6395mwsalida_6395mwsalida_6395mwsalida_6395nachsalida_6395nameviewportsalida_6395nivelsalida_6395nmerossalida_6395nochmalsalida_6395
	nombrandosalida_6395	novembersalida_6395nssalida_6395nssalida_6395nummersalida_6395nutzungsalida_6395osalida_6395oberensalida_6395oberensalida_6395oberensalida_6395
oinarrizkosalida_6395
oinarrizkosalida_6395onsalida_6395orrisalida_6395orrisalida_6395orriansalida_6395otrosalida_6395outputsalida_6395paddingsalida_6395pagesalida_6395parasalida_6395parasalida_6395parasalida_6395parasalida_6395parasalida_6395parejasalida_6395parsersalida_6395partesalida_6395partesalida_6395partesalida_6395
partnerdiesalida_6395
	partnerinsalida_6395pginasalida_6395pginasalida_6395pginasalida_6395porsalida_6395porsalida_6395	preguntasalida_6395programadassalida_6395programadassalida_6395programadassalida_6395programadassalida_6395programadassalida_6395puedesalida_6395puedesalida_6395puedesalida_6395puedesalida_6395pxsalida_6395quesalida_6395quesalida_6395quejasalida_6395quellesalida_6395rsalida_6395	rckseitesalida_6395rechtssalida_6395rechtssalida_6395relstylesheetsalida_6395relstylesheetsalida_6395relstylesheetsalida_6395relstylesheetsalida_6395
	repasamossalida_6395
reproducirsalida_6395returnsalida_6395ssalida_6395
sacreativesalida_6395scalesalida_6395schaltflchesalida_6395schaltflchesalida_6395schaltflchesalida_6395
	schreibensalida_6395scssmodulescontentparsoidcsssalida_6395scssmodulesinsertedstylecsssalida_6395èùèõscssmodulesskinsminervabaseresetskinsminervacontentstylesextcitestylemobileapppagestylesandroidmediawikipagegallerystylesmediawikiskinningcontentparsoidcsssalida_6395scssmodulesstylecsssalida_6395sesalida_6395sesalida_6395sesalida_6395sesalida_6395sectionsalida_6395sectionsalida_6395seitesalida_6395seitesalida_6395seitesalida_6395seitesalida_6395sersalida_6395
sharealikesalida_6395sitejssalida_6395situadosalida_6395situadosalida_6395situadosalida_6395skinsalida_6395sprachesalida_6395sprachesalida_6395sprachesalida_6395sprachesalida_6395sprachesalida_6395srcsalida_6395srcsalida_6395srcsalida_6395srcsalida_6395srcsalida_6395srcsalida_6395srcsalida_6395srcsalida_6395srcsalida_6395srcsalida_6395stablesalida_6395stadtsalida_6395stundesalida_6395stundesalida_6395styleclearbothsalida_6395styledirectionsalida_6395susalida_6395subjectsalida_6395	superiorsalida_6395	superiorsalida_6395	superiorsalida_6395sussalida_6395tesalida_6395tesalida_6395tengissalida_6395termssalida_6395textsalida_6395textsalida_6395textsalida_6395textsalida_6395textsalida_6395thesalida_6395thesalida_6395thesalida_6395thissalida_6395thissalida_6395titlealemnalemnsalida_6395
	titlelastsalida_6395tosalida_6395topsalida_6395topsalida_6395
	traducidosalida_6395typetextcsssalida_6395typetextcsssalida_6395typetextcsssalida_6395typetextcsssalida_6395unsalida_6395unsalida_6395unasalida_6395undsalida_6395undsalida_6395undsalida_6395undsalida_6395undsalida_6395undsalida_6395undsalida_6395undsalida_6395undersalida_6395unosalida_6395unoasalida_6395untersalida_6395untersalida_6395untersalida_6395
unterrichtsalida_6395unterrichtsstundensalida_6395unterrichtsstundensalida_6395unterrichtsstundensalida_6395unterrichtsstundensalida_6395unterrichtsstundensalida_6395userensalida_6395utzsalida_6395vsalida_6395
verbessernsalida_6395	verndernsalida_6395viewsalida_6395	viewportsalida_6395vomsalida_6395vomsalida_6395vomsalida_6395vomsalida_6395vonsalida_6395websalida_6395websalida_6395whitesalida_6395widthsalida_6395wiederholensalida_6395
	wikibookssalida_6395	wikibuchsalida_6395
	wikilibrosalida_6395wikiliburukosalida_6395
	wikipediasalida_6395
	wikipediasalida_6395
	wikipediasalida_6395
wikipediansalida_6395wikipediatiksalida_6395wirsalida_6395wirsalida_6395wirsalida_6395wirsalida_6395
wochenendesalida_6395ysalida_6395ysalida_6395ysalida_6395yosalida_6395zsalida_6395zabaldusalida_6395zahlsalida_6395zahlensalida_6395zuzendusalida_6395ˇˇ‘≥uM