aaaaaasalida_3694actionsalida_3694
additionalsalida_3694alignsalida_3694aligncentersalida_3694
	alignleftsalida_3694
animationssalida_3694applysalida_3694artculosalida_3694artessalida_3694articlesalida_3694attributionsalida_3694avoidsalida_3694
backgroundsalida_3694
backgroundsalida_3694
backgroundsalida_3694bayassalida_3694blocksalida_3694blocksalida_3694bodysalida_3694boloniasalida_3694bordersalida_3694bordersalida_3694bordersalida_3694bordersalida_3694capitalsalida_3694carnesalida_3694cellspacingsalida_3694centersalida_3694cercasalida_3694cerdosalida_3694
charsetutfsalida_3694classsalida_3694classsalida_3694classsalida_3694classsalida_3694classsalida_3694classsalida_3694classsalida_3694classsalida_3694classsalida_3694classsalida_3694classsalida_3694classsalida_3694classsalida_3694classsalida_3694classsalida_3694classclientsalida_3694classcontentsalida_3694classexternalsalida_3694classexternalsalida_3694classfeaturesalida_3694classmediawikisalida_3694classmwsalida_3694classnullmortadelasalida_3694classnullwikipediasalida_3694classsubpagessalida_3694
classthumbsalida_3694classthumbcaptionsalida_3694classthumbinnersalida_3694cocinasalida_3694collapsiblesalida_3694colorsalida_3694
	colorbaebsalida_3694	colorfffsalida_3694	colorfffsalida_3694
	colorparasalida_3694commonssalida_3694consalida_3694consalida_3694
condimentasalida_3694contentsalida_3694contentwidthdevicesalida_3694
	coriandrosalida_3694
culinariassalida_3694culinariasartessalida_3694 culinariasingredientesmortadelasalida_3694dashedsalida_3694datasalida_3694datasalida_3694datasalida_3694datasalida_3694datasalida_3694datasalida_3694datasalida_3694desalida_3694desalida_3694desalida_3694desalida_3694desalida_3694desalida_3694desalida_3694desalida_3694desalida_3694desalida_3694desalida_3694desalida_3694desalida_3694desdesalida_3694
	directionsalida_3694displaysalida_3694editedsalida_3694eeesalida_3694elsalida_3694elsalida_3694
	elaboradosalida_3694eltsalida_3694emsalida_3694emsalida_3694emsalida_3694emsalida_3694emsalida_3694	embutidosalida_3694emiliasalida_3694emiliasalida_3694emptysalida_3694ensalida_3694ensalida_3694ensalida_3694errorsalida_3694essalida_3694essalida_3694especialidadsalida_3694	especiassalida_3694fiambresalida_3694fiambresalida_3694filesalida_3694filesalida_3694filesalida_3694filesalida_3694filesalida_3694filesalida_3694filessalida_3694
	finamentesalida_3694
floatrightsalida_3694fontsalida_3694fontsalida_3694fontsalida_3694forsalida_3694fromsalida_3694fromsalida_3694	functionsalida_3694gradientdegsalida_3694gransalida_3694granosalida_3694hastasalida_3694headersalida_3694heightsalida_3694heightsalida_3694heightsalida_3694heightsalida_3694	heightemsalida_3694	heightpxsalida_3694hidesalida_3694hrefsalida_3694hrefsalida_3694hrefsalida_3694hrefsalida_3694hrefartesculinariassalida_3694&%hrefhttpscreativecommonsorglicensesbysalida_3694GFhrefhttpseswikibooksorgwikiartesculinariasfingredientesfmortadelaoldidsalida_3694%$hrefhttpseswikipediaorgwikimortadelasalida_3694#"hrefhttpseswikipediaorgwikiportadasalida_3694htdignoindexsalida_3694htdignoindexsalida_3694htmlsalida_3694idsalida_3694idbodycontentsalida_3694
	idcontentsalida_3694idmwsalida_3694idmwsalida_3694idmwsalida_3694idmwaqsalida_3694idmwbasalida_3694	idmwbglasalida_3694idmwbwsalida_3694idtopsalida_3694imagelinearsalida_3694
	importantsalida_3694importscriptsalida_3694
informacinsalida_3694ingredientessalida_3694initialsalida_3694inlinesalida_3694inlinesalida_3694irsalida_3694issalida_3694issalida_3694issalida_3694issuedsalida_3694	italianasalida_3694	italianasalida_3694
	italianassalida_3694jjsmodulesarticlelisthomejssalida_3694jjsmodulesdetailspolyfilljssalida_3694jjsmodulesimagesloadedminjssalida_3694jjsmodulesjqueryjssalida_3694jjsmodulesjsconfigvarsjssalida_3694jjsmodulesmasonryminjssalida_3694jjsmodulesmediawikijssalida_3694jjsmodulesscriptjssalida_3694jjsmodulessitejssalida_3694jjsmodulesstartupjssalida_3694jssalida_3694lasalida_3694lasalida_3694lasalida_3694lasalida_3694lasalida_3694lassalida_3694lassalida_3694leftmortadelasalida_3694	licensedsalida_3694linesalida_3694llamadosalida_3694	lombardasalida_3694ltrsalida_3694ltrsalida_3694magrosalida_3694marginsalida_3694	marginpxsalida_3694maysalida_3694mayorasalida_3694mediasalida_3694mfsalida_3694mfsalida_3694minervasalida_3694mirtosalida_3694molidasalida_3694molidasalida_3694
	mortadelasalida_3694moscadasalida_3694mssalida_3694mwsalida_3694mwsalida_3694mwsalida_3694nameviewportsalida_3694nssalida_3694nssalida_3694nuezsalida_3694osalida_3694osalida_3694onsalida_3694
originariosalida_3694outputsalida_3694paddingsalida_3694pagesalida_3694parsersalida_3694partesalida_3694picadasalida_3694	piemontesalida_3694	pimientasalida_3694procedesalida_3694
	provinciasalida_3694puedensalida_3694pxsalida_3694quesalida_3694quesalida_3694reginsalida_3694	regionessalida_3694relstylesheetsalida_3694relstylesheetsalida_3694relstylesheetsalida_3694relstylesheetsalida_3694returnsalida_3694romaasalida_3694romaasalida_3694
sacreativesalida_3694scalesalida_3694scssmodulescontentparsoidcsssalida_3694scssmodulesinsertedstylecsssalida_3694èùèõscssmodulesskinsminervabaseresetskinsminervacontentstylesextcitestylemobileapppagestylesandroidmediawikipagegallerystylesmediawikiskinningcontentparsoidcsssalida_3694scssmodulesstylecsssalida_3694sesalida_3694sectionsalida_3694
sharealikesalida_3694sitejssalida_3694sizeptsalida_3694sizeptsalida_3694skinsalida_3694srcsalida_3694srcsalida_3694srcsalida_3694srcsalida_3694srcsalida_3694srcsalida_3694srcsalida_3694srcsalida_3694srcsalida_3694srcsalida_3694srcimmortadellajpgsalida_3694srcimwikipedialogosilverpngsalida_3694stablesalida_3694styleclearbothsalida_3694styledirectionsalida_3694stylepaddingptsalida_3694
stylesolidsalida_3694
	styletextsalida_3694stylewidthpxsalida_3694stylewidthpxsalida_3694stylewidthpxsalida_3694susalida_3694subjectsalida_3694termssalida_3694textsalida_3694textsalida_3694textsalida_3694textsalida_3694textsalida_3694textsalida_3694thesalida_3694thesalida_3694thesalida_3694thissalida_3694thissalida_3694tiposalida_3694
titleartessalida_3694
	titlelastsalida_3694titlewmortadelasalida_3694titlewportadasalida_3694tosalida_3694topsalida_3694topsalida_3694trentosalida_3694trightsalida_3694
typebitmapsalida_3694
typebitmapsalida_3694typetextcsssalida_3694typetextcsssalida_3694typetextcsssalida_3694typetextcsssalida_3694unsalida_3694unsalida_3694unsalida_3694unasalida_3694undersalida_3694vsalida_3694vasesalida_3694viewsalida_3694	viewportsalida_3694
weightboldsalida_3694whitesalida_3694widthsalida_3694widthsalida_3694widthsalida_3694widthsalida_3694widthsalida_3694widthpxsalida_3694
	wikibookssalida_3694ysalida_3694ˇˇ¸ÛÌ`