asalida_2560asalida_2560aaaaaasalida_2560actionsalida_2560
additionalsalida_2560adicionalessalida_2560	adquierasalida_2560afortunadamentesalida_2560algunasalida_2560
	almacenarsalida_2560
	almacenarsalida_2560
animationssalida_2560antessalida_2560applysalida_2560	aprendersalida_2560	aprendersalida_2560aqusalida_2560archivosalida_2560	archivossalida_2560	archivossalida_2560	archivossalida_2560	archivossalida_2560articlesalida_2560attributionsalida_2560avoidsalida_2560
backgroundsalida_2560bastarnsalida_2560bastarnsalida_2560blocksalida_2560blocksalida_2560bodysalida_2560bordersalida_2560bsicossalida_2560campossalida_2560campossalida_2560captulosalida_2560cargarsalida_2560centersalida_2560
charsetutfsalida_2560classsalida_2560classsalida_2560classsalida_2560classsalida_2560classsalida_2560classsalida_2560classsalida_2560classsalida_2560classsalida_2560classsalida_2560classsalida_2560classsalida_2560classsalida_2560classsalida_2560classclientsalida_2560classcontentsalida_2560classexternalsalida_2560classexternalsalida_2560classfeaturesalida_2560classmediawikisalida_2560classmwsalida_2560collapsiblesalida_2560commonssalida_2560comprarsalida_2560consalida_2560consalida_2560consalida_2560consalida_2560consalida_2560consalida_2560consalida_2560consalida_2560consalida_2560consalida_2560consalida_2560condicionalsalida_2560condicionalsalida_2560conocimientossalida_2560
	contenidosalida_2560
	contenidosalida_2560
	contenidosalida_2560contentsalida_2560contentwidthdevicesalida_2560
	controlessalida_2560
	controlessalida_2560csssalida_2560csssalida_2560dashedsalida_2560datasalida_2560datasalida_2560datasalida_2560datasalida_2560datasalida_2560datasalida_2560datossalida_2560datossalida_2560desalida_2560desalida_2560desalida_2560desalida_2560desalida_2560desalida_2560desalida_2560desalida_2560desalida_2560desalida_2560desalida_2560desalida_2560desalida_2560desalida_2560desalida_2560desalida_2560desalida_2560desalida_2560debesalida_2560debosalida_2560
desarrollosalida_2560
diferentessalida_2560dinmicamentesalida_2560
	directionsalida_2560displaysalida_2560dndesalida_2560editedsalida_2560eeesalida_2560elsalida_2560elsalida_2560elsalida_2560elsalida_2560elsalida_2560elsalida_2560eltsalida_2560emsalida_2560emsalida_2560emsalida_2560emsalida_2560emsalida_2560emptysalida_2560ensalida_2560ensalida_2560ensalida_2560ensalida_2560ensalida_2560
	encontrarsalida_2560
	encontrarsalida_2560enlacessalida_2560enviarsalida_2560errorsalida_2560essalida_2560estassalida_2560estesalida_2560estilosalida_2560estilosalida_2560estticosalida_2560eventossalida_2560
excelentessalida_2560	expertossalida_2560fechasalida_2560fechasalida_2560filessalida_2560forsalida_2560formatosalida_2560formatosalida_2560
formulariosalida_2560fromsalida_2560fromsalida_2560	functionsalida_2560gradientdegsalida_2560guardarsalida_2560haysalida_2560headersalida_2560herramientasalida_2560herramientassalida_2560hidesalida_2560
horizontalsalida_2560
horizontalsalida_2560hrefsalida_2560hrefsalida_2560hrefsalida_2560hrefsalida_2560('hrefajustareltamacbodelastextareaconcsssalida_2560hrefcontrolarelestilovisualsalida_2560&%hrefhttpscreativecommonsorglicensesbysalida_2560'&hrefhttpseswikibooksorgwikixformsoldidsalida_2560 hrefscriptparaalmacenarenxquerysalida_2560hrefvalidacicbnconxmlschemasalida_2560hrefvisualizacicbncondicionalsalida_2560hrefxformsfagruparcontrolessalida_2560hrefxformsfarquitecturamvcsalida_2560.-hrefxformsfconocimientospreviosparausarxformssalida_2560&%hrefxformsfeditarcontenidoconxfainputsalida_2560 hrefxformsfelementosrepetitivossalida_2560hrefxformsfenlacessalida_2560hrefxformsfgrafcadcossalida_2560hrefxformsfholamundosalida_2560hrefxformsflistasdeseleccicbnsalida_2560/.hrefxformsflistasdeseleccicbnapartirdearchivossalida_2560hrefxformsfloadsalida_2560$#hrefxformsfmencbahorizontalpaginadosalida_2560hrefxformsfporquexformssalida_2560('hrefxformsfprerrequisitosparausarxformssalida_2560hrefxformsfsecretsalida_2560hrefxformsfsendsalida_2560hrefxformsfsubirarchivossalida_2560hrefxformsfsubmitsalida_2560$#hrefxformsfvalidacicbnconjavascriptsalida_256010hrefxsltformsfcambiarelformatodeloscamposdefechasalida_2560htdignoindexsalida_2560htdignoindexsalida_2560htmlsalida_2560idsalida_2560idsalida_2560idsalida_2560idsalida_2560idsalida_2560idsalida_2560idbodycontentsalida_2560idconceptosconceptossalida_2560
	idcontentsalida_2560idejemplosejemplossalida_2560idintroduccinintroduccinsalida_2560idmwsalida_2560idmwsalida_2560idmwsalida_2560idmwagxformssalida_2560idmwaqsalida_2560idmwawsalida_2560idmwbasalida_2560idmwbgsalida_2560
	idmwbqporsalida_2560	idmwbwqusalida_2560idmwcasalida_2560idmwcgsalida_2560
	idmwcqquesalida_2560idmwcwdondesalida_2560idmwdasalida_2560idmwdgarquitecturasalida_2560idmwdqsalida_2560idmwdwmodelosalida_2560idmweqcontrolessalida_2560idmwewcontroladoressalida_2560idmwfgsalida_2560idmwfqsalida_2560
idmwfwholasalida_2560idmwgasalida_2560idmwggsalida_2560idmwgqpresentarsalida_2560idmwgweditarsalida_2560idmwhasalida_2560idmwhgsalida_2560idmwhqlistassalida_2560idmwhwxformsagruparsalida_2560idmwiasalida_2560idmwigsalida_2560idmwiqvisualizacinsalida_2560idmwiwelementossalida_2560idmwjasalida_2560idmwjgsalida_2560idmwjqsubirsalida_2560idmwjwcontrolarsalida_2560idmwkavalidacinsalida_2560idmwkgsalida_2560idmwkwvalidacinsalida_2560idmwlasalida_2560idmwlgsalida_2560idmwlqgrficossalida_2560idmwlwsubmitsalida_2560idmwmasalida_2560idmwmgsalida_2560
idmwmqsendsalida_2560
idmwmwloadsalida_2560idmwnacomparacinsalida_2560idmwngsalida_2560idmwnqsalida_2560idmwnwsecretsalida_2560idmwoasalida_2560idmwogsalida_2560idmwoqajustarsalida_2560idmwowlistassalida_2560idmwpasalida_2560idmwpgsalida_2560idmwpqcambiarsalida_2560idmwpwxformsmensalida_2560idmwqasalida_2560idmwqgsalida_2560idmwqqscriptsalida_2560idmwqwvalidacinsalida_2560idprimerospasosprimerossalida_2560idtcnicastcnicassalida_2560idtopsalida_2560imagelinearsalida_2560
	importantsalida_2560importscriptsalida_2560
informacinsalida_2560
informacinsalida_2560initialsalida_2560issalida_2560issalida_2560issalida_2560issuedsalida_2560
javascriptsalida_2560
javascriptsalida_2560jjsmodulesarticlelisthomejssalida_2560jjsmodulesdetailspolyfilljssalida_2560jjsmodulesimagesloadedminjssalida_2560jjsmodulesjqueryjssalida_2560jjsmodulesjsconfigvarsjssalida_2560jjsmodulesmasonryminjssalida_2560jjsmodulesmediawikijssalida_2560jjsmodulesscriptjssalida_2560jjsmodulessitejssalida_2560jjsmodulesstartupjssalida_2560jssalida_2560lasalida_2560lassalida_2560lassalida_2560	licensedsalida_2560lossalida_2560lossalida_2560lossalida_2560lossalida_2560lossalida_2560lossalida_2560ltrsalida_2560ltrsalida_2560marginsalida_2560maysalida_2560mediasalida_2560mfsalida_2560mfsalida_2560minervasalida_2560mssalida_2560mssalida_2560mssalida_2560mtodossalida_2560mundosalida_2560mundosalida_2560mvcsalida_2560mvcsalida_2560mwsalida_2560mwsalida_2560mwsalida_2560mwsalida_2560mwsalida_2560mwsalida_2560mwsalida_2560mwsalida_2560nameviewportsalida_2560necesariamentesalida_2560	necesitasalida_2560nosalida_2560nosalida_2560nosalida_2560nssalida_2560nssalida_2560nuevosalida_2560osalida_2560onsalida_2560opensalida_2560outputsalida_2560paddingsalida_2560pagesalida_2560	paginadosalida_2560	paginadosalida_2560parasalida_2560parasalida_2560parasalida_2560parasalida_2560parasalida_2560parasalida_2560parasalida_2560parasalida_2560parasalida_2560parsersalida_2560partirsalida_2560partirsalida_2560pasossalida_2560penasalida_2560previossalida_2560principiantessalida_2560puedosalida_2560pxsalida_2560qusalida_2560quesalida_2560quesalida_2560razonessalida_2560recursosalida_2560	recursossalida_2560reglassalida_2560relstylesheetsalida_2560relstylesheetsalida_2560relstylesheetsalida_2560relstylesheetsalida_2560repetitivossalida_2560repetitivossalida_2560resumensalida_2560returnsalida_2560sabersalida_2560
sacreativesalida_2560scalesalida_2560schemasalida_2560schemasalida_2560scssmodulescontentparsoidcsssalida_2560scssmodulesinsertedstylecsssalida_2560èùèõscssmodulesskinsminervabaseresetskinsminervacontentstylesextcitestylemobileapppagestylesandroidmediawikipagegallerystylesmediawikiskinningcontentparsoidcsssalida_2560scssmodulesstylecsssalida_2560sesalida_2560sesalida_2560sectionsalida_2560sectionsalida_2560sectionsalida_2560sectionsalida_2560sectionsalida_2560sectionsalida_2560	seleccinsalida_2560	seleccinsalida_2560	seleccinsalida_2560	seleccinsalida_2560	servidorsalida_2560
sharealikesalida_2560sisalida_2560sitejssalida_2560sitiossalida_2560skinsalida_2560slosalida_2560sobresalida_2560
	solicitudsalida_2560sourcesalida_2560srcsalida_2560srcsalida_2560srcsalida_2560srcsalida_2560srcsalida_2560srcsalida_2560srcsalida_2560srcsalida_2560srcsalida_2560srcsalida_2560stablesalida_2560styleclearbothsalida_2560styledirectionsalida_2560subjectsalida_2560tamaosalida_2560tamaosalida_2560tenemossalida_2560termssalida_2560textsalida_2560textsalida_2560textsalida_2560textsalida_2560	textareasalida_2560	textareasalida_2560thesalida_2560thesalida_2560thesalida_2560thissalida_2560thissalida_2560tienesalida_2560titleajustarsalida_2560titlecontrolarsalida_2560
	titlelastsalida_2560titlescriptsalida_2560titlevalidacinsalida_2560titlevisualizacinsalida_2560titlexformsagruparsalida_2560titlexformsarquitecturasalida_2560titlexformsconocimientossalida_2560titlexformseditarsalida_2560titlexformselementossalida_2560titlexformsenlacessalida_2560titlexformsgrafcossalida_2560titlexformsholasalida_2560titlexformslistassalida_2560titlexformslistassalida_2560titlexformsloadsalida_2560titlexformsmensalida_2560titlexformsporsalida_2560titlexformsprerrequisitossalida_2560titlexformssecretsalida_2560titlexformssendsalida_2560titlexformssubirsalida_2560titlexformssubmitsalida_2560titlexformsvalidacinsalida_2560titlexsltformscambiarsalida_2560tosalida_2560topsalida_2560topsalida_2560typetextcsssalida_2560typetextcsssalida_2560typetextcsssalida_2560typetextcsssalida_2560unsalida_2560unsalida_2560unsalida_2560unsalida_2560unasalida_2560unassalida_2560undersalida_2560unossalida_2560unossalida_2560usarsalida_2560usarsalida_2560usarsalida_2560vsalida_2560valesalida_2560viewsalida_2560	viewportsalida_2560visualsalida_2560visualsalida_2560	visualessalida_2560websalida_2560whitesalida_2560widthsalida_2560
	wikibookssalida_2560xfinputsalida_2560xfinputsalida_2560xformssalida_2560xformssalida_2560xformssalida_2560xformssalida_2560xformssalida_2560xformssalida_2560xformssalida_2560xformssalida_2560xformssalida_2560	xfoutputsalida_2560xmlsalida_2560xmlsalida_2560xmlsalida_2560xquerysalida_2560xquerysalida_2560ysalida_2560ˇˇÙ÷£≤