asalida_7284asalida_7284asalida_7284asalida_7284asalida_7284aaaaaasalida_7284actionsalida_7284
	actitudessalida_7284actividadessalida_7284
additionalsalida_7284adecuadamentesalida_7284ademssalida_7284	afectadasalida_7284aguasalida_7284aguassalida_7284alsalida_7284
	ambientalsalida_7284
	ambientalsalida_7284
	ambientalsalida_7284
	ambientalsalida_7284ambientalessalida_7284ambientalessalida_7284ambientalessalida_7284ambientalesimpactossalida_7284ambientalestdrsalida_7284ambientalestrminossalida_7284	ambientesalida_7284	ambientesalida_7284	ambientesalida_7284
animationssalida_7284anlisissalida_7284antesalida_7284
antroplogosalida_7284applysalida_7284
	apropiadasalida_7284
apropiadossalida_7284areassalida_7284articlesalida_7284attributionsalida_7284avoidsalida_7284ayudarsalida_7284
backgroundsalida_7284bahassalida_7284blocksalida_7284blocksalida_7284bodysalida_7284bordersalida_7284calidadsalida_7284caminossalida_7284
	capacidadsalida_7284caractericensalida_7284cargasalida_7284cargasalida_7284cargasalida_7284centersalida_7284
charsetutfsalida_7284civilsalida_7284classsalida_7284classsalida_7284classsalida_7284classsalida_7284classsalida_7284classsalida_7284classsalida_7284classsalida_7284classsalida_7284classsalida_7284classsalida_7284classsalida_7284classsalida_7284classsalida_7284classclientsalida_7284classcontentsalida_7284classexternalsalida_7284classexternalsalida_7284classfeaturesalida_7284classmediawikisalida_7284classmwsalida_7284classsubpagessalida_7284collapsiblesalida_7284commonssalida_7284comosalida_7284comosalida_7284	completasalida_7284	completasalida_7284
	comunidadsalida_7284consalida_7284
	conflictosalida_7284consideracinsalida_7284construccinsalida_7284
	consultorsalida_7284contentsalida_7284contentwidthdevicesalida_7284	contienesalida_7284controlsalida_7284coordinacinsalida_7284copiassalida_7284crticosalida_7284cuestinsalida_7284	culturalsalida_7284
culturalessalida_7284
culturalessalida_7284dashedsalida_7284datasalida_7284datasalida_7284datasalida_7284datasalida_7284datasalida_7284datasalida_7284datasalida_7284desalida_7284desalida_7284desalida_7284desalida_7284desalida_7284desalida_7284desalida_7284desalida_7284desalida_7284desalida_7284desalida_7284desalida_7284desalida_7284desalida_7284desalida_7284desalida_7284desalida_7284desalida_7284desalida_7284desalida_7284desalida_7284desalida_7284desalida_7284desalida_7284desalida_7284desalida_7284desalida_7284desalida_7284desalida_7284desalida_7284debesalida_7284delsalida_7284delsalida_7284delsalida_7284delsalida_7284delsalida_7284delsalida_7284delsalida_7284delsalida_7284
demogrficosalida_7284	derechossalida_7284
desarrollosalida_7284
desarrollosalida_7284
descripcinsalida_7284
descripcinsalida_7284
descripcinsalida_7284	desechossalida_7284determinacinsalida_7284
	directionsalida_7284disciplinassalida_7284displaysalida_7284duracinsalida_7284esalida_7284ecolgicamentesalida_7284	ecolgicosalida_7284
ecologistasalida_7284editedsalida_7284eeesalida_7284elsalida_7284elsalida_7284elsalida_7284elsalida_7284elsalida_7284elsalida_7284
eliminacinsalida_7284eltsalida_7284emsalida_7284emsalida_7284emsalida_7284emsalida_7284emsalida_7284
	empleandosalida_7284emptysalida_7284ensalida_7284ensalida_7284ensalida_7284ensalida_7284ensalida_7284ensalida_7284ensalida_7284ensalida_7284ensalida_7284equiposalida_7284equiposalida_7284equiposalida_7284errorsalida_7284essalida_7284essalida_7284escalasalida_7284
especficossalida_7284
especficossalida_7284
especialessalida_7284
especialessalida_7284especialistasalida_7284especialistasalida_7284especialistasalida_7284especialmentesalida_7284	especiessalida_7284	estudiossalida_7284	estudiossalida_7284etcsalida_7284etcsalida_7284
	evaluacinsalida_7284evaluacionessalida_7284evaluacionessalida_7284
	existentesalida_7284
	existentesalida_7284	expertossalida_7284	extincinsalida_7284extranjerossalida_7284factibilidadsalida_7284filessalida_7284forsalida_7284formarsalida_7284frgilessalida_7284frgilessalida_7284fromsalida_7284fromsalida_7284fsicasalida_7284fsicosalida_7284fuentessalida_7284	functionsalida_7284generalsalida_7284gradientdegsalida_7284gubernamentalsalida_7284headersalida_7284hidesalida_7284hrefsalida_7284hrefsalida_7284hrefsalida_7284hrefsalida_7284&%hrefhttpscreativecommonsorglicensesbysalida_7284èäèàhrefhttpseswikibooksorgwikiimpactosambientalesftcarminosdereferenciaespeccadficosparaevaluacionesambientalesftdrdesarrollodeturismooldidsalida_7284hrefimpactosambientalessalida_7284htdignoindexsalida_7284htdignoindexsalida_7284htmlsalida_7284idsalida_7284idsalida_7284idsalida_7284idsalida_7284idsalida_7284idsalida_7284idsalida_7284idartequipoconsultorartsalida_7284VUidarttareaayudarenlacoordinacininterinstitucionalylaparticipacindelpblicoydelasongartsalida_7284#"idarttareaconsideracinnormativaartsalida_7284('idarttareadescripcindelmedioambienteartsalida_7284,+idarttareadescripcindelproyectopropuestoartsalida_7284FEidarttareadeterminacindelospotencialesimpactosdelproyectopropuestoartsalida_7284idbodycontentsalida_7284
	idcontentsalida_7284idmwsalida_7284idmwsalida_7284idmwsalida_7284idmwagsalida_7284idmwaqsalida_7284idmwawproporcionarsalida_7284	idmwbaelsalida_7284	idmwbgsisalida_7284idmwbqsalida_7284idmwbwsalida_7284idmwcadescribirsalida_7284idmwcgestudiossalida_7284idmwcqsalida_7284idmwcwsalida_7284idmwdacapacidadsalida_7284idmwdgcapacidadsalida_7284idmwdqsalida_7284idmwdwsalida_7284idmweacapacidadsalida_7284	idmwegensalida_7284idmweqsalida_7284idmwewsalida_7284	idmwfaunsalida_7284idtopsalida_7284imagelinearsalida_7284	impactossalida_7284	impactossalida_7284	impactossalida_7284
	importantsalida_7284
importantesalida_7284importscriptsalida_7284incluirsalida_7284incluirsalida_7284incluirsalida_7284incluirsalida_7284
incluyendosalida_7284	indgenassalida_7284influjosalida_7284
informacinsalida_7284infraestructurasalida_7284
	ingenierosalida_7284initialsalida_7284institucionalsalida_7284interinstitucionalsalida_7284internacionalsalida_7284involucradosalida_7284issalida_7284issalida_7284issalida_7284issuedsalida_7284jefesalida_7284jjsmodulesarticlelisthomejssalida_7284jjsmodulesdetailspolyfilljssalida_7284jjsmodulesimagesloadedminjssalida_7284jjsmodulesjqueryjssalida_7284jjsmodulesjsconfigvarsjssalida_7284jjsmodulesmasonryminjssalida_7284jjsmodulesmediawikijssalida_7284jjsmodulesscriptjssalida_7284jjsmodulessitejssalida_7284jjsmodulesstartupjssalida_7284jssalida_7284lasalida_7284lasalida_7284lasalida_7284lasalida_7284lasalida_7284lasalida_7284lasalida_7284lasalida_7284lasalida_7284lasalida_7284lasalida_7284lasalida_7284lassalida_7284lassalida_7284lassalida_7284lassalida_7284lassalida_7284lassalida_7284
legislacinsalida_7284	licensedsalida_7284losalida_7284localsalida_7284localsalida_7284localsalida_7284localsalida_7284lossalida_7284lossalida_7284lossalida_7284lossalida_7284lossalida_7284lossalida_7284lossalida_7284lossalida_7284lossalida_7284lossalida_7284ltrsalida_7284ltrsalida_7284manejosalida_7284mantenimientosalida_7284mapassalida_7284mapassalida_7284marginsalida_7284maysalida_7284mediasalida_7284mediosalida_7284mfsalida_7284mfsalida_7284	miembrossalida_7284minervasalida_7284mssalida_7284mwsalida_7284mwsalida_7284mwsalida_7284mwsalida_7284mwsalida_7284mwsalida_7284mwsalida_7284mwsalida_7284mwsalida_7284	nacionalsalida_7284nameviewportsalida_7284
necesariossalida_7284nivelsalida_7284nivelsalida_7284nosalida_7284normassalida_7284
	normativasalida_7284nssalida_7284nssalida_7284osalida_7284osalida_7284osalida_7284osalida_7284osalida_7284ofertademandasalida_7284onsalida_7284ongsalida_7284	operacinsalida_7284
	opinionessalida_7284
	organismosalida_7284otrossalida_7284outputsalida_7284paddingsalida_7284pagesalida_7284parasalida_7284parasalida_7284parasalida_7284parasalida_7284parasalida_7284parquesalida_7284parquereservasalida_7284parquessalida_7284parsersalida_7284participacinsalida_7284pblicosalida_7284pblicossalida_7284peligrosalida_7284pertinentessalida_7284planessalida_7284planessalida_7284planificadosalida_7284planificadorsalida_7284planosalida_7284	poblacinsalida_7284potablesalida_7284potencialessalida_7284potencialessalida_7284potencialmentesalida_7284preconstruccinsalida_7284propiassalida_7284propiedadessalida_7284propiedadessalida_7284proporcionarsalida_7284proporcionarsalida_7284
	propuestosalida_7284
	propuestosalida_7284
	propuestosalida_7284
	propuestosalida_7284
	proteccinsalida_7284
	proteccinsalida_7284
	proteccinsalida_7284	proyectosalida_7284	proyectosalida_7284	proyectosalida_7284	proyectosalida_7284	proyectosalida_7284
	proyectossalida_7284pueblossalida_7284puedansalida_7284puedensalida_7284puertossalida_7284pxsalida_7284quesalida_7284quesalida_7284quesalida_7284
	recreacinsalida_7284	recursossalida_7284
referenciasalida_7284
referenciasalida_7284	regionalsalida_7284reglamentossalida_7284
	relacionasalida_7284relstylesheetsalida_7284relstylesheetsalida_7284relstylesheetsalida_7284relstylesheetsalida_7284reservasalida_7284returnsalida_7284rigensalida_7284
sacreativesalida_7284saludsalida_7284scalesalida_7284scssmodulescontentparsoidcsssalida_7284scssmodulesinsertedstylecsssalida_7284èùèõscssmodulesskinsminervabaseresetskinsminervacontentstylesextcitestylemobileapppagestylesandroidmediawikipagegallerystylesmediawikiskinningcontentparsoidcsssalida_7284scssmodulesstylecsssalida_7284sesalida_7284sectionsalida_7284sectionsalida_7284sectionsalida_7284sectionsalida_7284sectionsalida_7284sectionsalida_7284sectionsalida_7284
	seguridadsalida_7284sersalida_7284
	serviciossalida_7284
	serviciossalida_7284	servidassalida_7284
sharealikesalida_7284
	siguientesalida_7284
siguientessalida_7284sitejssalida_7284sitiossalida_7284skinsalida_7284socialsalida_7284	socilogosalida_7284socioculturalsalida_7284srcsalida_7284srcsalida_7284srcsalida_7284srcsalida_7284srcsalida_7284srcsalida_7284srcsalida_7284srcsalida_7284srcsalida_7284srcsalida_7284stablesalida_7284styleclearbothsalida_7284styledirectionsalida_7284susalida_7284subjectsalida_7284sussalida_7284sussalida_7284tamaosalida_7284tareasalida_7284tareasalida_7284tareasalida_7284tareasalida_7284tareasalida_7284	tenenciasalida_7284termssalida_7284textsalida_7284textsalida_7284textsalida_7284textsalida_7284thesalida_7284thesalida_7284thesalida_7284thissalida_7284thissalida_7284tierrasalida_7284tierrassalida_7284titleimpactossalida_7284
	titlelastsalida_7284tosalida_7284todosalida_7284topsalida_7284topsalida_7284tornosalida_7284tpicosalida_7284tratadasalida_7284trminossalida_7284turismosalida_7284turismosalida_7284	tursticasalida_7284	tursticosalida_7284typetextcsssalida_7284typetextcsssalida_7284typetextcsssalida_7284typetextcsssalida_7284	ubicacinsalida_7284unsalida_7284unsalida_7284unsalida_7284unsalida_7284unsalida_7284unsalida_7284unsalida_7284unasalida_7284unasalida_7284undersalida_7284unossalida_7284urbanosalida_7284usosalida_7284
utilidadessalida_7284vsalida_7284viewsalida_7284	viewportsalida_7284whitesalida_7284widthsalida_7284
	wikibookssalida_7284ysalida_7284ysalida_7284ysalida_7284ysalida_7284ysalida_7284ysalida_7284ysalida_7284ysalida_7284ysalida_7284ysalida_7284ysalida_7284ysalida_7284ysalida_7284ysalida_7284ysalida_7284ysalida_7284ˇˇë=ß¨