aaaaaasalida_3554actionsalida_3554
additionalsalida_3554administracinsalida_3554alsalida_3554aligncentersalida_3554aligncentersalida_3554aligncentersalida_3554aligncentersalida_3554aligncenterfontsalida_3554alignleftfontsalida_3554
alignrightsalida_3554
animationssalida_3554applysalida_3554aprendizajesalida_3554articlesalida_3554attributionsalida_3554avoidsalida_3554
backgroundsalida_3554backgroundeeceasalida_3554backgroundeefsalida_3554backgroundfeesalida_3554blocksalida_3554blocksalida_3554bodysalida_3554bordersalida_3554bordersalida_3554bordersalida_3554cellpaddingsalida_3554cellpaddingsalida_3554cellspacingsalida_3554cellspacingsalida_3554centersalida_3554
charsetutfsalida_3554classsalida_3554classsalida_3554classsalida_3554classsalida_3554classsalida_3554classsalida_3554classsalida_3554classsalida_3554classsalida_3554classsalida_3554classsalida_3554classsalida_3554classsalida_3554classsalida_3554classclientsalida_3554classcontentsalida_3554classexternalsalida_3554classexternalsalida_3554classfeaturesalida_3554classmediawikisalida_3554classmwsalida_3554classsubpagessalida_3554collapsiblesalida_3554colorblackanexossalida_3554colorblackcursossalida_3554colorblackherramientassalida_3554commonssalida_3554contentsalida_3554contentwidthdevicesalida_3554dashedsalida_3554datasalida_3554desalida_3554desalida_3554desalida_3554desalida_3554desalida_3554desalida_3554desalida_3554desalida_3554
	directionsalida_3554displaysalida_3554editedsalida_3554eeesalida_3554eltsalida_3554emsalida_3554emsalida_3554emsalida_3554emsalida_3554emsalida_3554	empresassalida_3554empresasadministracinsalida_3554empresasfilosofairsalida_3554empresasfilosofandicesalida_3554empresasfilosofaorigensalida_3554emptysalida_3554errorsalida_3554estructuradosalida_3554familyhelveticasalida_3554familyhelveticasalida_3554familyhelveticafontsalida_3554filessalida_3554	filosofasalida_3554	filosofasalida_3554filosofaorigensalida_3554forsalida_3554fromsalida_3554fromsalida_3554	functionsalida_3554gradientdegsalida_3554headersalida_3554	heightpxsalida_3554hidesalida_3554hrefsalida_3554hrefsalida_3554hrefsalida_3554hrefsalida_3554hrefadministracicbndeempresassalida_3554*)hrefadministracicbndeempresasffilosofcadasalida_3554@?hrefadministracicbndeempresasffilosofcadaforigendelafilosofcadasalida_3554&%hrefhttpscreativecommonsorglicensesbysalida_3554ZYhrefhttpseswikibooksorgwikiadministracicbndeempresasffilosofcadafcdndiceestructuradooldidsalida_3554htdignoindexsalida_3554htdignoindexsalida_3554htmlsalida_3554idsalida_3554idbodycontentsalida_3554
	idcontentsalida_3554idmwsalida_3554idmwsalida_3554idmwsalida_3554idmwaqsalida_3554idtopsalida_3554imagelinearsalida_3554
	importantsalida_3554importscriptsalida_3554initialsalida_3554issalida_3554issalida_3554issalida_3554issuedsalida_3554jjsmodulesarticlelisthomejssalida_3554jjsmodulesdetailspolyfilljssalida_3554jjsmodulesimagesloadedminjssalida_3554jjsmodulesjqueryjssalida_3554jjsmodulesjsconfigvarsjssalida_3554jjsmodulesmasonryminjssalida_3554jjsmodulesmediawikijssalida_3554jjsmodulesscriptjssalida_3554jjsmodulessitejssalida_3554jjsmodulesstartupjssalida_3554jssalida_3554lasalida_3554lasalida_3554	licensedsalida_3554ltrsalida_3554ltrsalida_3554marginsalida_3554maysalida_3554mediasalida_3554mfsalida_3554mfsalida_3554minervasalida_3554mwsalida_3554mwsalida_3554mwsalida_3554nameviewportsalida_3554nssalida_3554nssalida_3554onsalida_3554outputsalida_3554paddingsalida_3554pagesalida_3554parsersalida_3554	proyectosalida_3554pxsalida_3554relstylesheetsalida_3554relstylesheetsalida_3554relstylesheetsalida_3554relstylesheetsalida_3554returnsalida_3554
sacreativesalida_3554scalesalida_3554scssmodulescontentparsoidcsssalida_3554scssmodulesinsertedstylecsssalida_3554èùèõscssmodulesskinsminervabaseresetskinsminervacontentstylesextcitestylemobileapppagestylesandroidmediawikipagegallerystylesmediawikiskinningcontentparsoidcsssalida_3554scssmodulesstylecsssalida_3554sectionsalida_3554
sharealikesalida_3554sitejssalida_3554sizepxsalida_3554sizepxsalida_3554
sizepxfontsalida_3554
sizepxfontsalida_3554skinsalida_3554srcsalida_3554srcsalida_3554srcsalida_3554srcsalida_3554srcsalida_3554srcsalida_3554srcsalida_3554srcsalida_3554srcsalida_3554srcsalida_3554stablesalida_3554stylebackgroundeeceasalida_3554stylebackgroundwhitesalida_3554styleclearbothsalida_3554stylecolorgreyfilosofasalida_3554styledirectionsalida_3554
	stylefontsalida_3554
	stylefontsalida_3554
	styletextsalida_3554
	styletextsalida_3554stylewidthpxsalida_3554stylewidthpxsalida_3554stylewidthpxsalida_3554stylewidthpxsalida_3554subjectsalida_3554termssalida_3554textsalida_3554textsalida_3554textsalida_3554textsalida_3554thesalida_3554thesalida_3554thesalida_3554thissalida_3554thissalida_3554titleadministracinsalida_3554titleadministracinsalida_3554titleadministracinsalida_3554
	titlelastsalida_3554tosalida_3554topsalida_3554topsalida_3554typetextcsssalida_3554typetextcsssalida_3554typetextcsssalida_3554typetextcsssalida_3554undersalida_3554vsalida_3554viewsalida_3554	viewportsalida_3554whitesalida_3554widthsalida_3554widthsalida_3554
	wikibookssalida_3554ˇˇÚkAZ