asalida_5738aaaaaasalida_5738accesosalida_5738accesosalida_5738actionsalida_5738
additionalsalida_5738adultossalida_5738alsalida_5738alcancesalida_5738alignsalida_5738alignsalida_5738
	alignleftsalida_5738	ambientesalida_5738
animationssalida_5738	apoyamossalida_5738applysalida_5738	aquellassalida_5738articlesalida_5738attributionsalida_5738autosalida_5738autosalida_5738avanzarsalida_5738avoidsalida_5738ayersalida_5738
backgroundsalida_5738blocksalida_5738blocksalida_5738bodysalida_5738bordersalida_5738bordersalida_5738buenasalida_5738buenosalida_5738bulbiconbytillteencksvgpngsalida_5738calidadsalida_5738centersalida_5738
charsetutfsalida_5738classsalida_5738classsalida_5738classsalida_5738classsalida_5738classsalida_5738classsalida_5738classsalida_5738classsalida_5738classsalida_5738classsalida_5738classsalida_5738classsalida_5738classsalida_5738classsalida_5738classclientsalida_5738classcontentsalida_5738classexternalsalida_5738classexternalsalida_5738classfeaturesalida_5738classmediawikisalida_5738classmwsalida_5738classnullgandhisalida_5738classsubpagessalida_5738
classthumbsalida_5738
classthumbsalida_5738classthumbcaptionsalida_5738classthumbcaptionsalida_5738classthumbinnersalida_5738classthumbinnersalida_5738classwikitablesalida_5738collapsiblesalida_5738commonssalida_5738	completosalida_5738consalida_5738conocimientosalida_5738conocimientosalida_5738construyendosalida_5738contaminancontenidosalida_5738
	contenidosalida_5738contentsalida_5738contentwidthdevicesalida_5738dashedsalida_5738datasalida_5738datasalida_5738datasalida_5738datasalida_5738datasalida_5738datasalida_5738datasalida_5738desalida_5738desalida_5738desalida_5738desalida_5738desalida_5738desalida_5738desalida_5738desalida_5738desalida_5738desalida_5738desalida_5738decirsalida_5738delsalida_5738desventajassalida_5738desventajassalida_5738
	directionsalida_5738displaysalida_5738disponiblessalida_5738editedsalida_5738eeesalida_5738elsalida_5738elsalida_5738elsalida_5738elsalida_5738elsalida_5738elsalida_5738elsalida_5738elsalida_5738elicasalida_5738elicasalida_5738eltsalida_5738emsalida_5738emsalida_5738emsalida_5738emsalida_5738emsalida_5738emsalida_5738emptysalida_5738ensalida_5738enciclopediasalida_5738energassalida_5738energassalida_5738entornosalida_5738entresalida_5738errorsalida_5738essalida_5738essalida_5738essalida_5738	escritossalida_5738	escritossalida_5738	essvgpngsalida_5738estasalida_5738estamossalida_5738estassalida_5738estesalida_5738estesalida_5738estnsalida_5738estossalida_5738familyverdanasalida_5738ffffffsalida_5738filesalida_5738filesalida_5738filesalida_5738filesalida_5738filesalida_5738filesalida_5738filessalida_5738forsalida_5738formasalida_5738fromsalida_5738fromsalida_5738	functionsalida_5738	fundacinsalida_5738generosidadsalida_5738
	geotrmicasalida_5738
	geotrmicasalida_5738graciassalida_5738gradientdegsalida_5738gratissalida_5738	gratuitasalida_5738	gratuitosalida_5738	hablandosalida_5738hacersalida_5738harissalida_5738headersalida_5738heightsalida_5738heightsalida_5738heightsalida_5738heightsalida_5738hidesalida_5738
	hidrulicasalida_5738
	hidrulicasalida_5738hrefsalida_5738hrefsalida_5738hrefsalida_5738hrefsalida_5738&%hrefhttpscreativecommonsorglicensesbysalida_5738@?hrefhttpseswikibooksorgwikiwikichicosfenergcadasrenovablesoldidsalida_5738"!hrefhttpseswikipediaorgwikigandhisalida_5738hrefwikichicossalida_57380/hrefwikichicosfenergcadasrenovablesfactividadessalida_57380/hrefwikichicosfenergcadasrenovablesfactividadessalida_573854hrefwikichicosfenergcadasrenovablesfenergcadaecblicasalida_573898hrefwikichicosfenergcadasrenovablesfenergcadageotcarmicasalida_573898hrefwikichicosfenergcadasrenovablesfenergcadahidrcaulicasalida_573843hrefwikichicosfenergcadasrenovablesfenergcadamarinasalida_573832hrefwikichicosfenergcadasrenovablesfenergcadasolarsalida_573821hrefwikichicosfenergcadasrenovablesfintroduccicbnsalida_573821hrefwikichicosfenergcadasrenovablesftextocompletosalida_573898hrefwikichicosfenergcadasrenovablesfventajasydesventajassalida_5738htdignoindexsalida_5738htdignoindexsalida_5738htmlsalida_5738idsalida_5738idbodycontentsalida_5738
	idcontentsalida_5738idmwsalida_5738idmwsalida_5738idmwsalida_5738idmwagsalida_5738idmwaqsalida_5738idmwbqsalida_5738idmwbwsalida_5738idmwcasalida_5738idmwcgsalida_5738idmwcqwikilibrossalida_5738idmwcwfundacinsalida_5738idmwdasalida_5738idmwdgimaginadsalida_5738idmwdqsalida_5738
	idmwdwconsalida_5738idmweaedicinsalida_5738idmwegsalida_5738idmweqsalida_5738idmwewsalida_5738idmwfgsalida_5738idmwgasalida_5738idmwggsalida_5738idmwgqsalida_5738idmwgwenergassalida_5738idmwhasalida_5738idmwhgsalida_5738idmwhqsalida_5738idmwhwsalida_5738idmwiaintroduccinsalida_5738idmwigsalida_5738idmwiqsalida_5738idmwiwsalida_5738idmwjaenergasalida_5738idmwjgsalida_5738idmwjqsalida_5738idmwjwsalida_5738idmwkaenergasalida_5738idmwkgsalida_5738idmwkqsalida_5738idmwkwsalida_5738idmwlaenergasalida_5738idmwlgsalida_5738idmwlqsalida_5738idmwlwsalida_5738idmwmaenergasalida_5738idmwmgsalida_5738idmwmqsalida_5738idmwmwsalida_5738idmwnaenergasalida_5738idmwngsalida_5738idmwnqsalida_5738idmwnwsalida_5738idmwoaventajassalida_5738idmwogsalida_5738idmwoqsalida_5738idmwowsalida_5738idmwpaactividadessalida_5738idmwpgsalida_5738idmwpqsalida_5738idmwpwsalida_5738idmwqaactividadessalida_5738idmwqgsalida_5738idmwqqsalida_5738idmwqwsalida_5738idmwrasalida_5738idmwrgversinsalida_5738idmwrqsalida_5738idtopsalida_5738imagelinearsalida_5738
	importantsalida_5738importscriptsalida_5738	imprimirsalida_5738inagotablessalida_5738inglssalida_5738initialsalida_5738innovadorassalida_5738issalida_5738issalida_5738issalida_5738issuedsalida_5738jjsmodulesarticlelisthomejssalida_5738jjsmodulesdetailspolyfilljssalida_5738jjsmodulesimagesloadedminjssalida_5738jjsmodulesjqueryjssalida_5738jjsmodulesjsconfigvarsjssalida_5738jjsmodulesmasonryminjssalida_5738jjsmodulesmediawikijssalida_5738jjsmodulesscriptjssalida_5738jjsmodulessitejssalida_5738jjsmodulesstartupjssalida_5738jssalida_5738lsalida_5738lasalida_5738lasalida_5738lasalida_5738lasalida_5738lassalida_5738lassalida_5738lecturasalida_5738lecturasalida_5738leftsalida_5738leftsalida_5738libresalida_5738libresalida_5738libresalida_5738librosalida_5738librosalida_5738	licensedsalida_5738limpiassalida_5738losalida_5738logosalida_5738lossalida_5738ltrsalida_5738ltrsalida_5738maanasalida_5738marginsalida_5738marginsalida_5738marinasalida_5738marinasalida_5738maysalida_5738mediasalida_5738	mediantesalida_5738mediosalida_5738mfsalida_5738mfsalida_5738minervasalida_5738mritosalida_5738mwsalida_5738mwsalida_5738mwsalida_5738nadiesalida_5738nameviewportsalida_5738niossalida_5738nosalida_5738nssalida_5738nssalida_5738	objetivosalida_5738objetosalida_5738onsalida_5738outputsalida_5738paddingsalida_5738paddingsalida_5738pagesalida_5738parasalida_5738parasalida_5738parasalida_5738parsersalida_5738podrasalida_5738porsalida_5738
	principiosalida_5738	promoversalida_5738proporcionarsalida_5738	proyectosalida_5738	proyectosalida_5738
	proyectossalida_5738publicacionessalida_5738puentesalida_5738pxsalida_5738pxsalida_5738quesalida_5738
	reclamarasalida_5738relstylesheetsalida_5738relstylesheetsalida_5738relstylesheetsalida_5738relstylesheetsalida_5738
renovablessalida_5738
renovablessalida_5738
renovablessalida_5738renovablesactividadessalida_5738renovablesactividadessalida_5738renovablesenergasalida_5738renovablesenergasalida_5738renovablesenergasalida_5738renovablesenergasalida_5738renovablesenergasalida_5738renovablesintroduccinsalida_5738renovablestextosalida_5738renovablesventajassalida_5738respetuosassalida_5738returnsalida_5738
sacreativesalida_5738scalesalida_5738scssmodulescontentparsoidcsssalida_5738scssmodulesinsertedstylecsssalida_5738èùèõscssmodulesskinsminervabaseresetskinsminervacontentstylesextcitestylemobileapppagestylesandroidmediawikipagegallerystylesmediawikiskinningcontentparsoidcsssalida_5738scssmodulesstylecsssalida_5738sesalida_5738sectionsalida_5738segnsalida_5738sernsalida_5738
sharealikesalida_5738sisalida_5738siempresalida_5738sitejssalida_5738skinsalida_5738slosalida_5738solarsalida_5738solarsalida_5738solidsalida_5738sonsalida_5738sonsalida_5738sosteniblessalida_5738srcsalida_5738srcsalida_5738srcsalida_5738srcsalida_5738srcsalida_5738srcsalida_5738srcsalida_5738srcsalida_5738srcsalida_5738srcsalida_5738
srcimlightsalida_5738srcimwikibookssalida_5738stablesalida_5738stylebackgroundsalida_5738styleclearbothsalida_5738styledirectionsalida_5738
	stylefontsalida_5738
	styletextsalida_5738
	styletextsalida_5738stylewidthpxsalida_5738stylewidthpxsalida_5738subjectsalida_5738talsalida_5738termssalida_5738textsalida_5738textsalida_5738textsalida_5738textsalida_5738thesalida_5738thesalida_5738thesalida_5738thissalida_5738thissalida_5738tienensalida_5738
	titlelastsalida_5738titlewgandhisalida_5738titlewikichicosenergassalida_5738titlewikichicosenergassalida_5738titlewikichicosenergassalida_5738titlewikichicosenergassalida_5738titlewikichicosenergassalida_5738titlewikichicosenergassalida_5738titlewikichicosenergassalida_5738titlewikichicosenergassalida_5738titlewikichicosenergassalida_5738titlewikichicosenergassalida_5738titlewikichicoswikichicossalida_5738tleftsalida_5738tosalida_5738todosalida_5738todossalida_5738topsalida_5738topsalida_5738trightsalida_5738typedrawingsalida_5738typedrawingsalida_5738typetextcsssalida_5738typetextcsssalida_5738typetextcsssalida_5738typetextcsssalida_5738unsalida_5738unsalida_5738undersalida_5738
	universalsalida_5738ustedessalida_5738vsalida_5738vezsalida_5738viewsalida_5738	viewportsalida_5738vuestrosalida_5738whitesalida_5738widthsalida_5738widthsalida_5738widthsalida_5738widthsalida_5738widthsalida_5738widthsalida_5738wikisalida_5738
	wikibookssalida_5738
	wikibookssalida_5738wikichicosenergassalida_5738
wikilibrossalida_5738
	wikimediasalida_5738ysalida_5738ysalida_5738ysalida_5738ysalida_5738ysalida_5738ysalida_5738ysalida_5738ysalida_5738ysalida_5738ysalida_5738ysalida_5738ˇˇl"CŒ