asalida_15000asalida_15000aaaaaasalida_15000actionsalida_15000
additionalsalida_15000administrativosalida_15000agobiasalida_15000agravansalida_15000alsalida_15000alsalida_15000analizasalida_15000
animationssalida_15000	aparecersalida_15000applysalida_15000articlesalida_15000attributionsalida_15000avoidsalida_15000
backgroundsalida_15000blocksalida_15000blocksalida_15000bodysalida_15000bordersalida_15000	burguesasalida_15000
campesinossalida_15000centersalida_15000
charsetutfsalida_15000classsalida_15000classsalida_15000classsalida_15000classsalida_15000classsalida_15000classsalida_15000classsalida_15000classsalida_15000classsalida_15000classsalida_15000classsalida_15000classsalida_15000classsalida_15000classsalida_15000classclientsalida_15000classcontentsalida_15000classexternalsalida_15000classexternalsalida_15000classfeaturesalida_15000classmediawikisalida_15000classmwsalida_15000classsubpagessalida_15000collapsiblesalida_15000comerciantessalida_15000commonssalida_15000comosalida_15000comprarsalida_15000
	comunistasalida_15000
	comunistasalida_15000
	comunistasalida_15000
	comunistasalida_15000
	comunistasalida_15000
	comunistasalida_15000consalida_15000consalida_15000conferenciasalida_15000	congresosalida_15000
	contenidosalida_15000
	contenidosalida_15000contentsalida_15000contentwidthdevicesalida_15000contrasalida_15000crditossalida_15000crisissalida_15000dashedsalida_15000datasalida_15000datasalida_15000desalida_15000desalida_15000desalida_15000desalida_15000desalida_15000desalida_15000desalida_15000desalida_15000desalida_15000desalida_15000desalida_15000decepcionadosalida_15000delsalida_15000delsalida_15000delsalida_15000delsalida_15000delsalida_15000delsalida_15000delsalida_15000delsalida_15000delsalida_15000dicesalida_15000dificultadessalida_15000dinerosalida_15000
	directionsalida_15000
	disminuirsalida_15000displaysalida_15000esalida_15000	econmicasalida_15000
	economicasalida_15000editedsalida_15000eeesalida_15000elsalida_15000elsalida_15000elsalida_15000elsalida_15000ellossalida_15000eltsalida_15000emsalida_15000emsalida_15000emsalida_15000emsalida_15000emsalida_15000empobrecidossalida_15000emptysalida_15000ensalida_15000ensalida_15000
	enfrentansalida_15000erasalida_15000erasalida_15000erasalida_15000erasalida_15000errorsalida_15000estabilizacinsalida_15000estesalida_15000extraordinariasalida_15000falsassalida_15000
	fascistassalida_15000febrerosalida_15000#"ferastronistafcrisiseconomicaoldidsalida_15000 ferastronistafiiicongresodelpcpsalida_15000ferastronistaflatifundismosalida_15000filessalida_15000findicedecontenidosalida_15000fondosalida_15000forsalida_15000fromsalida_15000fromsalida_15000fuerzasalida_15000	functionsalida_15000
	generalessalida_15000	gobiernosalida_15000gradientdegsalida_15000hasalida_15000haysalida_15000haysalida_15000haysalida_15000headersalida_15000hidesalida_15000	historiasalida_15000	historiasalida_15000hrefsalida_15000hrefsalida_15000hrefsalida_15000hrefsalida_15000)(hrefhistoriadelpartidocomunistaparaguayosalida_15000)(hrefhistoriadelpartidocomunistaparaguayosalida_15000)(hrefhistoriadelpartidocomunistaparaguayosalida_15000)(hrefhistoriadelpartidocomunistaparaguayosalida_15000&%hrefhttpscreativecommonsorglicensesbysalida_15000@?hrefhttpseswikibooksorgwikihistoriadelpartidocomunistaparaguayosalida_15000htdignoindexsalida_15000htdignoindexsalida_15000htmlsalida_15000idsalida_15000idsalida_15000idbodycontentsalida_15000
	idcontentsalida_15000idmwsalida_15000idmwsalida_15000idmwsalida_15000idmwagsalida_15000idmwaqsalida_15000
idmwawbajosalida_15000idmwbasalida_15000idmwbganteriorsalida_15000idmwbqsalida_15000idmwbwindicesalida_15000idmwcasiguientesalida_15000-,idtodalanacincontraunaminoraprivilegiadatodasalida_15000idtopsalida_15000imagelinearsalida_15000
	importantsalida_15000importscriptsalida_15000indicesalida_15000industrialessalida_15000	inflacinsalida_15000informesalida_15000initialsalida_15000issalida_15000issalida_15000issalida_15000issuedsalida_15000jjsmodulesarticlelisthomejssalida_15000jjsmodulesdetailspolyfilljssalida_15000jjsmodulesimagesloadedminjssalida_15000jjsmodulesjqueryjssalida_15000jjsmodulesjsconfigvarsjssalida_15000jjsmodulesmasonryminjssalida_15000jjsmodulesmediawikijssalida_15000jjsmodulesscriptjssalida_15000jjsmodulessitejssalida_15000jjsmodulesstartupjssalida_15000jssalida_15000lasalida_15000lasalida_15000lasalida_15000lasalida_15000lasalida_15000	lanzaronsalida_15000lassalida_15000lassalida_15000	licensedsalida_15000lossalida_15000lossalida_15000lossalida_15000lquidosalida_15000ltrsalida_15000ltrsalida_15000marginsalida_15000maysalida_15000mediasalida_15000mediosalida_15000mfsalida_15000mfsalida_15000minervasalida_15000minorasalida_15000mwsalida_15000mwsalida_15000mwsalida_15000mwsalida_15000nacinsalida_15000	nacionalsalida_15000	nacionalsalida_15000
nacionalessalida_15000nameviewportsalida_15000
	necesidadsalida_15000nosalida_15000nosalida_15000nosalida_15000nosalida_15000nosalida_15000nosalida_15000nosalida_15000nssalida_15000nssalida_15000nuevasalida_15000obrerossalida_15000onsalida_15000ordensalida_15000outputsalida_15000paddingsalida_15000pagesalida_15000parasalida_15000
	paraguayosalida_15000
	paraguayosalida_15000
	paraguayosalida_15000
	paraguayosalida_15000
	paraguayosalida_15000
	paraguayosalida_15000parsersalida_15000partidosalida_15000partidosalida_15000partidosalida_15000partidosalida_15000partidosalida_15000partidosalida_15000partidosalida_15000passalida_15000pcpsalida_15000pocossalida_15000porsalida_15000porquesalida_15000privilegiadasalida_15000
	profundassalida_15000	promesassalida_15000pueblosalida_15000puntosalida_15000pxsalida_15000qusalida_15000quesalida_15000quesalida_15000quesalida_15000quesalida_15000quiebrasalida_15000recuperacinsalida_15000relstylesheetsalida_15000relstylesheetsalida_15000relstylesheetsalida_15000relstylesheetsalida_15000returnsalida_15000
sacreativesalida_15000scalesalida_15000scssmodulescontentparsoidcsssalida_15000scssmodulesinsertedstylecsssalida_15000èùèõscssmodulesskinsminervabaseresetskinsminervacontentstylesextcitestylemobileapppagestylesandroidmediawikipagegallerystylesmediawikiskinningcontentparsoidcsssalida_15000scssmodulesstylecsssalida_15000sesalida_15000sesalida_15000sesalida_15000sesalida_15000sectionsalida_15000sectionsalida_15000
sharealikesalida_15000sinosalida_15000sistemticamentesalida_15000sitejssalida_15000skinsalida_15000slosalida_15000srcsalida_15000srcsalida_15000srcsalida_15000srcsalida_15000srcsalida_15000srcsalida_15000srcsalida_15000srcsalida_15000srcsalida_15000srcsalida_15000stablesalida_15000
	stronistasalida_15000stronistacrisissalida_15000stronistaiiisalida_15000stronistalatifundismosalida_15000styleclearbothsalida_15000styledirectionsalida_15000subjectsalida_15000talsalida_15000tambinsalida_15000termssalida_15000textsalida_15000textsalida_15000textsalida_15000textsalida_15000thesalida_15000thesalida_15000thesalida_15000thissalida_15000thissalida_15000tienensalida_15000titlehistoriasalida_15000titlehistoriasalida_15000titlehistoriasalida_15000titlehistoriasalida_15000
	titlelastsalida_15000tosalida_15000topsalida_15000topsalida_15000transformacionessalida_15000
	tropiezansalida_15000ttulosalida_15000typetextcsssalida_15000typetextcsssalida_15000typetextcsssalida_15000typetextcsssalida_15000unasalida_15000unasalida_15000undersalida_15000vsalida_15000vendesalida_15000ventassalida_15000vezsalida_15000viewsalida_15000	viewportsalida_15000whitesalida_15000widthsalida_15000
	wikibookssalida_15000ysalida_15000ˇˇﬁÕ„I